Note that running a local entrypoint in detached mode only keeps the last triggered Modal function alive after the parent process has been killed or disconnected.
✓ Initialized. View run at 
https://modal.com/apps/reichers-shai-c9-dmitry/main/ap-7i0MkFBHZKXqb5iiCpDLbg
✓ Created objects.
├── 🔨 Created mount 
│   /Users/dmitrymanning-coe/Documents/Research/FRA/fra_proj/experiments/fra_com
│   pound_semantic_20260916/modal_runner.py
├── 🔨 Created mount 
│   /Users/dmitrymanning-coe/Documents/Research/FRA/fra_proj/experiments/fra_com
│   pound_semantic_20260916
└── 🔨 Created function run.
WARNING:root:You tried to specify center_unembed=True for a model using logit softcap, but this can't be done! Softcapping is not invariant upon adding a constant Setting center_unembed=False instead.
`torch_dtype` is deprecated! Use `dtype` instead!

[1ALoading checkpoint shards:   0%|          | 0/4 [00:00<?, ?it/s]
[1ALoading checkpoint shards:  25%|██▌       | 1/4 [00:05<00:15,  5.11s/it]
[1ALoading checkpoint shards:  50%|█████     | 2/4 [00:10<00:10,  5.34s/it]
[1ALoading checkpoint shards:  75%|███████▌  | 3/4 [00:16<00:05,  5.40s/it]
[1ALoading checkpoint shards: 100%|██████████| 4/4 [00:18<00:00,  4.24s/it]
[1ALoading checkpoint shards: 100%|██████████| 4/4 [00:18<00:00,  4.64s/it]
WARNING:root:With reduced precision, it is advised to use `from_pretrained_no_processing` instead of `from_pretrained`.
WARNING:root:You are not using LayerNorm, so the writing weights can't be centered! Skipping
Loaded pretrained model gemma-2-9b-it into HookedTransformer
Stopping app - user stopped from CLI.
SAE LOADED 10 layer_9/width_16k/average_l0_88
SAE LOADED 21 layer_20/width_16k/average_l0_91
╭───────────────────── Traceback (most recent call last) ──────────────────────╮
│ /Users/dmitrymanning-coe/Documents/Research/FRA/fra_proj/experiments/fra_com │
│ pound_semantic_20260916/modal_runner.py:34 in main                           │
│                                                                              │
│   33 def main(stage: str = 'feasibility'):                                   │
│ ❱ 34 │   result = run.remote(stage)                                          │
│   35 │   out = ROOT/'results'; out.mkdir(exist_ok=True)                      │
│                                                                              │
│ /opt/homebrew/lib/python3.11/site-packages/modal/_object.py:46 in wrapped    │
│                                                                              │
│    45 │   │   await self.hydrate()                                           │
│ ❱  46 │   │   return await method(self, *args, **kwargs)                     │
│    47                                                                        │
│                                                                              │
│ /opt/homebrew/lib/python3.11/site-packages/modal/_functions.py:1696 in       │
│ remote                                                                       │
│                                                                              │
│   1695 │   │                                                                 │
│ ❱ 1696 │   │   return await self._call_function(args, kwargs)                │
│   1697                                                                       │
│                                                                              │
│ /opt/homebrew/lib/python3.11/site-packages/modal/_functions.py:1640 in       │
│ _call_function                                                               │
│                                                                              │
│   1639 │   │                                                                 │
│ ❱ 1640 │   │   return await invocation.run_function()                        │
│   1641                                                                       │
│                                                                              │
│ /opt/homebrew/lib/python3.11/site-packages/modal/_functions.py:474 in        │
│ run_function                                                                 │
│                                                                              │
│    473 │   │   │   if await_response.output.result.status in TERMINAL_STATUS │
│ ❱  474 │   │   │   │   return await _process_result(                         │
│    475 │   │   │   │   │   await_response.output.result, await_response.outp │
│                                                                              │
│ /opt/homebrew/lib/python3.11/site-packages/modal/_utils/function_utils.py:55 │
│ 0 in _process_result                                                         │
│                                                                              │
│   549 │   │                                                                  │
│ ❱ 550 │   │   raise RemoteError(result.exception)                            │
│   551                                                                        │
╰──────────────────────────────────────────────────────────────────────────────╯
RemoteError
