Note that running a local entrypoint in detached mode only keeps the last triggered Modal function alive after the parent process has been killed or disconnected.
✓ Initialized. View run at 
https://modal.com/apps/reichers-shai-c9-dmitry/main/ap-1BMVRWjmvsS1Y3TZWvKmMe
✓ Created objects.
├── 🔨 Created mount 
│   /Users/dmitrymanning-coe/Documents/Research/FRA/fra_proj/experiments/fra_com
│   pound_semantic_20260916/modal_runner.py
├── 🔨 Created mount 
│   /Users/dmitrymanning-coe/Documents/Research/FRA/fra_proj/experiments/fra_com
│   pound_semantic_20260916
└── 🔨 Created function run.
WARNING:root:You tried to specify center_unembed=True for a model using logit softcap, but this can't be done! Softcapping is not invariant upon adding a constant Setting center_unembed=False instead.
`torch_dtype` is deprecated! Use `dtype` instead!

[1AFetching 2 files:   0%|          | 0/2 [00:00<?, ?it/s]
[1AFetching 2 files:  50%|█████     | 1/2 [00:14<00:14, 14.34s/it]
[1AFetching 2 files: 100%|██████████| 2/2 [00:29<00:00, 14.96s/it]Fetching 2 files: 100%|██████████| 2/2 [00:29<00:00, 14.96s/it]

[1ALoading checkpoint shards:   0%|          | 0/2 [00:00<?, ?it/s]
[1ALoading checkpoint shards:  50%|█████     | 1/2 [00:01<00:01,  1.90s/it]
[1ALoading checkpoint shards: 100%|██████████| 2/2 [00:02<00:00,  1.18it/s]
[1ALoading checkpoint shards: 100%|██████████| 2/2 [00:02<00:00,  1.00s/it]
WARNING:root:With reduced precision, it is advised to use `from_pretrained_no_processing` instead of `from_pretrained`.
WARNING:root:You are not using LayerNorm, so the writing weights can't be centered! Skipping
Loaded pretrained model gemma-2-2b-it into HookedTransformer
FEASIBILITY exception_note seconds 57
FEASIBILITY resolved_cases seconds 62
FEASIBILITY routing_table seconds 68
SAVED feasibility_it 51579
✓ App completed. View run at 
https://modal.com/apps/reichers-shai-c9-dmitry/main/ap-1BMVRWjmvsS1Y3TZWvKmMe
