Note that running a local entrypoint in detached mode only keeps the last triggered Modal function alive after the parent process has been killed or disconnected.
✓ Initialized. View run at 
https://modal.com/apps/reichers-shai-c9-dmitry/main/ap-aquFwiytPECFiWsRgqXYpZ
✓ Created objects.
├── 🔨 Created mount 
│   /Users/dmitrymanning-coe/Documents/Research/FRA/fra_proj/experiments/fra_com
│   pound_semantic_20260916/modal_runner.py
├── 🔨 Created mount 
│   /Users/dmitrymanning-coe/Documents/Research/FRA/fra_proj/experiments/fra_com
│   pound_semantic_20260916
└── 🔨 Created function run.
WARNING:root:You tried to specify center_unembed=True for a model using logit softcap, but this can't be done! Softcapping is not invariant upon adding a constant Setting center_unembed=False instead.
`torch_dtype` is deprecated! Use `dtype` instead!

[1AFetching 4 files:   0%|          | 0/4 [00:00<?, ?it/s]
[1AFetching 4 files:  25%|██▌       | 1/4 [00:36<01:50, 36.76s/it]
[1AFetching 4 files:  50%|█████     | 2/4 [00:42<00:42, 21.12s/it]
[1AFetching 4 files:  75%|███████▌  | 3/4 [00:43<00:14, 14.38s/it]
[1AFetching 4 files: 100%|██████████| 4/4 [00:43<00:00, 10.92s/it]Fetching 4 files: 100%|██████████| 4/4 [00:43<00:00, 10.92s/it]

[1ALoading checkpoint shards:   0%|          | 0/4 [00:00<?, ?it/s]
[1ALoading checkpoint shards:  25%|██▌       | 1/4 [00:01<00:03,  1.11s/it]
[1ALoading checkpoint shards:  50%|█████     | 2/4 [00:02<00:02,  1.17s/it]
[1ALoading checkpoint shards:  75%|███████▌  | 3/4 [00:04<00:01,  1.45s/it]
[1ALoading checkpoint shards: 100%|██████████| 4/4 [00:05<00:00,  1.24s/it]Loading checkpoint shards: 100%|██████████| 4/4 [00:05<00:00,  1.26s/it]
WARNING:root:With reduced precision, it is advised to use `from_pretrained_no_processing` instead of `from_pretrained`.
WARNING:root:You are not using LayerNorm, so the writing weights can't be centered! Skipping
Loaded pretrained model gemma-2-9b-it into HookedTransformer
FEASIBILITY exception_note seconds 91
FEASIBILITY resolved_cases seconds 98
FEASIBILITY routing_table seconds 105
SAVED feasibility_print_9b 53434
✓ App completed. View run at 
https://modal.com/apps/reichers-shai-c9-dmitry/main/ap-aquFwiytPECFiWsRgqXYpZ
