Note that running a local entrypoint in detached mode only keeps the last triggered Modal function alive after the parent process has been killed or disconnected.
✓ Initialized. View run at 
https://modal.com/apps/reichers-shai-c9-dmitry/main/ap-Snpst6WB1Js1ulmUT6iqky
✓ Created objects.
├── 🔨 Created mount 
│   /Users/dmitrymanning-coe/Documents/Research/FRA/fra_proj/experiments/fra_com
│   pound_semantic_20260916/modal_runner.py
├── 🔨 Created mount 
│   /Users/dmitrymanning-coe/Documents/Research/FRA/fra_proj/experiments/fra_com
│   pound_semantic_20260916
└── 🔨 Created function run.
WARNING:root:You tried to specify center_unembed=True for a model using logit softcap, but this can't be done! Softcapping is not invariant upon adding a constant Setting center_unembed=False instead.
`torch_dtype` is deprecated! Use `dtype` instead!

[1ALoading checkpoint shards:   0%|          | 0/4 [00:00<?, ?it/s]
[1ALoading checkpoint shards:  25%|██▌       | 1/4 [00:02<00:06,  2.29s/it]
[1ALoading checkpoint shards:  50%|█████     | 2/4 [00:05<00:05,  2.54s/it]
[1ALoading checkpoint shards:  75%|███████▌  | 3/4 [00:07<00:02,  2.69s/it]
[1ALoading checkpoint shards: 100%|██████████| 4/4 [00:10<00:00,  2.49s/it]
[1ALoading checkpoint shards: 100%|██████████| 4/4 [00:10<00:00,  2.52s/it]
WARNING:root:With reduced precision, it is advised to use `from_pretrained_no_processing` instead of `from_pretrained`.
WARNING:root:You are not using LayerNorm, so the writing weights can't be centered! Skipping
Loaded pretrained model gemma-2-9b-it into HookedTransformer
SAE LOADED 10 layer_9/width_16k/average_l0_88
SAE LOADED 21 layer_20/width_16k/average_l0_91
SAE LOADED 32 layer_31/width_16k/average_l0_76
NORMALIZATION AUDIT [{'layer': 10, 'native_mean_l0': 88.71659851074219, 'legacy_mean_l0': 25.890689849853516, 'native_relative_squared_error': 0.1580417901277542, 'legacy_relative_squared_error': 0.37640389800071716}, {'layer': 21, 'native_mean_l0': 123.37247467041016, 'legacy_mean_l0': 9.076923370361328, 'native_relative_squared_error': 0.13622315227985382, 'legacy_relative_squared_error': 0.9885369539260864}, {'layer': 32, 'native_mean_l0': 80.60324096679688, 'legacy_mean_l0': 10.044534683227539, 'native_relative_squared_error': 0.10666597634553909, 'legacy_relative_squared_error': 2.606675624847412}]
CALIBRATED 10 SAE features 18 endpoint union 521 359
CALIBRATED 21 SAE features 18 endpoint union 723 585
CALIBRATED 32 SAE features 20 endpoint union 420 218
PREPARED tuning 16 seconds 104
SWEEP 0 / 205 points 4 seconds 108
SWEEP 10 / 205 points 44 seconds 129
SWEEP 20 / 205 points 84 seconds 150
SWEEP 30 / 205 points 124 seconds 171
SWEEP 40 / 205 points 164 seconds 192
SWEEP 50 / 205 points 204 seconds 213
Traceback (most recent call last):
  File "/pkg/modal/_runtime/container_io_manager.py", line 945, in handle_input_exception
    yield
  File "/pkg/modal/_container_entrypoint.py", line 189, in run_input_sync
    values = io_context.call_function_sync()
             ^^^^^^^^^^^^^^^^^^^^^^^^^^^^^^^
  File "/pkg/modal/_runtime/container_io_manager.py", line 225, in call_function_sync
    expected_value_or_values = self.finalized_function.callable(*args, **kwargs)
                               ^^^^^^^^^^^^^^^^^^^^^^^^^^^^^^^^^^^^^^^^^^^^^^^^^
  File "/root/modal_runner.py", line 27, in run
    answer = execute(Path('/results'), results.commit, smoke=stage.endswith('smoke'))
             ^^^^^^^^^^^^^^^^^^^^^^^^^^^^^^^^^^^^^^^^^^^^^^^^^^^^^^^^^^^^^^^^^^^^^^^^
  File "/usr/local/lib/python3.11/site-packages/torch/utils/_contextlib.py", line 116, in decorate_context
    return func(*args, **kwargs)
           ^^^^^^^^^^^^^^^^^^^^^
  File "/work/experiment.py", line 361, in run
    result['points'].extend(measure(batch,tuning))
                            ^^^^^^^^^^^^^^^^^^^^^
  File "/work/experiment.py", line 333, in measure
    mm=metrics(edited_batch(item,configs,direct),item)
       ^^^^^^^^^^^^^^^^^^^^^^^^^^^^^^^^^^^^^^^^^^^^^^^
  File "/work/experiment.py", line 172, in metrics
    assert float(kl.min()) > -1e-8
           ^^^^^^^^^^^^^^^^^^^^^^^
AssertionError
╭───────────────────── Traceback (most recent call last) ──────────────────────╮
│ /Users/dmitrymanning-coe/Documents/Research/FRA/fra_proj/experiments/fra_com │
│ pound_semantic_20260916/modal_runner.py:34 in main                           │
│                                                                              │
│   33 def main(stage: str = 'feasibility'):                                   │
│ ❱ 34 │   result = run.remote(stage)                                          │
│   35 │   out = ROOT/'results'; out.mkdir(exist_ok=True)                      │
│                                                                              │
│ /opt/homebrew/lib/python3.11/site-packages/modal/_object.py:46 in wrapped    │
│                                                                              │
│    45 │   │   await self.hydrate()                                           │
│ ❱  46 │   │   return await method(self, *args, **kwargs)                     │
│    47                                                                        │
│                                                                              │
│ /opt/homebrew/lib/python3.11/site-packages/modal/_functions.py:1696 in       │
│ remote                                                                       │
│                                                                              │
│   1695 │   │                                                                 │
│ ❱ 1696 │   │   return await self._call_function(args, kwargs)                │
│   1697                                                                       │
│                                                                              │
│ /opt/homebrew/lib/python3.11/site-packages/modal/_functions.py:1640 in       │
│ _call_function                                                               │
│                                                                              │
│   1639 │   │                                                                 │
│ ❱ 1640 │   │   return await invocation.run_function()                        │
│   1641                                                                       │
│                                                                              │
│ /opt/homebrew/lib/python3.11/site-packages/modal/_functions.py:493 in        │
│ run_function                                                                 │
│                                                                              │
│    492 │   │   │   # No more retries left.                                   │
│ ❱  493 │   │   │   return await _process_result(                             │
│    494 │   │   │   │   await_response.output.result, await_response.output.d │
│                                                                              │
│ /opt/homebrew/lib/python3.11/site-packages/modal/_utils/function_utils.py:54 │
│ 8 in _process_result                                                         │
│                                                                              │
│   547 │   │   │                                                              │
│ ❱ 548 │   │   │   raise exc_with_hints(exc)                                  │
│   549                                                                        │
│                                                                              │
│     ...Remote call to Modal Function (ta-01M2PSEJ7EYZ9NR7FVEZZGJW5R)...      │
│                                                                              │
│ /root/modal_runner.py:27 in run                                              │
│                                                                              │
│ ❱ 27 answer = execute(Path('/results'), results.commit, smoke=stage.endswith │
│                                                                              │
│                                                                              │
│ /usr/local/lib/python3.11/site-packages/torch/utils/_contextlib.py:116 in    │
│ decorate_context                                                             │
│                                                                              │
│ ❱ 116 return func(*args, **kwargs)                                           │
│                                                                              │
│                                                                              │
│ /work/experiment.py:361 in run                                               │
│                                                                              │
│ ❱ 361 result['points'].extend(measure(batch,tuning))                         │
│                                                                              │
│                                                                              │
│ /work/experiment.py:333 in measure                                           │
│                                                                              │
│ ❱ 333 mm=metrics(edited_batch(item,configs,direct),item)                     │
│                                                                              │
│                                                                              │
│ /work/experiment.py:172 in metrics                                           │
│                                                                              │
│ ❱ 172 assert float(kl.min()) > -1e-8                                         │
│                                                                              │
╰──────────────────────────────────────────────────────────────────────────────╯
AssertionError
