Discovered 60 sweep CSVs in /home/vishalrao/FRA/em_fra_scripts/outputs2/step_d_mop_risky/sweep
  alphas=[1.5, 2.0]  ranks<15  directions=['pos', 'neg']
[run] 6 chunks to process
[run]   chunk 001 status=validating done=0/0 failed=0
[run]   chunk 001 status=in_progress done=0/3978 failed=0
[run]   chunk 001 status=in_progress done=0/3978 failed=0
[run]   chunk 001 status=in_progress done=25/3978 failed=0
[run]   chunk 001 status=in_progress done=428/3978 failed=0
[run]   chunk 001 status=in_progress done=1671/3978 failed=0
[run]   chunk 001 status=in_progress done=3769/3978 failed=0
[run]   chunk 001 status=in_progress done=3888/3978 failed=0
[run]   chunk 001 status=in_progress done=3888/3978 failed=0
[run]   chunk 001 status=in_progress done=3888/3978 failed=0
[run]   chunk 001 status=in_progress done=3888/3978 failed=0
[run]   chunk 001 status=in_progress done=3888/3978 failed=0
[run]   chunk 001 status=in_progress done=3888/3978 failed=0
[run]   chunk 001 status=in_progress done=3888/3978 failed=0
[run]   chunk 001 status=in_progress done=3888/3978 failed=0
[run]   chunk 001 status=in_progress done=3888/3978 failed=0
[run]   chunk 001 status=in_progress done=3888/3978 failed=0
[run]   chunk 001 status=in_progress done=3888/3978 failed=0
[run]   chunk 001 status=in_progress done=3888/3978 failed=0
[run]   chunk 001 status=in_progress done=3888/3978 failed=0
[run]   chunk 001 status=in_progress done=3888/3978 failed=0
[run]   chunk 001 status=in_progress done=3888/3978 failed=0
[run]   chunk 001 status=in_progress done=3888/3978 failed=0
[run]   chunk 001 status=in_progress done=3888/3978 failed=0
[run]   chunk 001 status=in_progress done=3888/3978 failed=0
[run]   chunk 001 status=in_progress done=3888/3978 failed=0
[run]   chunk 001 status=in_progress done=3888/3978 failed=0
[run]   chunk 001 status=in_progress done=3888/3978 failed=0
[run]   chunk 001 status=in_progress done=3888/3978 failed=0
[run]   chunk 001 status=in_progress done=3888/3978 failed=0
[run]   chunk 001 status=in_progress done=3888/3978 failed=0
[run]   chunk 001 status=in_progress done=3888/3978 failed=0
[run]   chunk 001 status=in_progress done=3888/3978 failed=0
[run]   chunk 001 status=in_progress done=3888/3978 failed=0
[run]   chunk 001 status=in_progress done=3888/3978 failed=0
[run]   chunk 001 status=in_progress done=3888/3978 failed=0
[run]   chunk 001 status=in_progress done=3888/3978 failed=0
[run]   chunk 001 status=in_progress done=3888/3978 failed=0
[run]   chunk 001 status=in_progress done=3888/3978 failed=0
[run]   chunk 001 status=in_progress done=3888/3978 failed=0
[run]   chunk 001 status=in_progress done=3888/3978 failed=0
[run]   chunk 001 status=in_progress done=3888/3978 failed=0
[run]   chunk 001 status=in_progress done=3888/3978 failed=0
[run]   chunk 001 status=in_progress done=3888/3978 failed=0
[run]   chunk 001 status=in_progress done=3888/3978 failed=0
[run]   chunk 001 status=in_progress done=3888/3978 failed=0
[run]   chunk 001 status=in_progress done=3888/3978 failed=0
[run]   chunk 001 status=in_progress done=3888/3978 failed=0
[run]   chunk 001 status=in_progress done=3888/3978 failed=0
[run]   chunk 001 status=in_progress done=3888/3978 failed=0
[run]   chunk 001 status=in_progress done=3888/3978 failed=0
[run]   chunk 001 status=in_progress done=3888/3978 failed=0
[run]   chunk 001 status=in_progress done=3888/3978 failed=0
[run]   chunk 001 status=in_progress done=3888/3978 failed=0
[run]   chunk 001 status=in_progress done=3888/3978 failed=0
[run]   chunk 001 status=in_progress done=3888/3978 failed=0
[run]   chunk 001 status=in_progress done=3888/3978 failed=0
[run]   chunk 001 status=in_progress done=3888/3978 failed=0
[run]   chunk 001 status=in_progress done=3888/3978 failed=0
[run]   chunk 001 status=in_progress done=3888/3978 failed=0
[run]   chunk 001 status=in_progress done=3888/3978 failed=0
[run]   chunk 001 status=in_progress done=3888/3978 failed=0
[run]   chunk 001 status=in_progress done=3888/3978 failed=0
[run]   chunk 001 status=in_progress done=3888/3978 failed=0
[run]   chunk 001 status=in_progress done=3888/3978 failed=0
[run]   chunk 001 status=in_progress done=3888/3978 failed=0
[run]   chunk 001 status=in_progress done=3888/3978 failed=0
[run]   chunk 001 status=in_progress done=3888/3978 failed=0
[run]   chunk 001 status=in_progress done=3888/3978 failed=0
[run]   chunk 001 status=in_progress done=3888/3978 failed=0
[run]   chunk 001 status=in_progress done=3888/3978 failed=0
[run]   chunk 001 status=in_progress done=3888/3978 failed=0
[run]   chunk 001 status=in_progress done=3888/3978 failed=0
[run]   chunk 001 status=in_progress done=3888/3978 failed=0
[run]   chunk 001 status=in_progress done=3888/3978 failed=0
[run]   chunk 001 status=in_progress done=3888/3978 failed=0
[run]   chunk 001 status=in_progress done=3888/3978 failed=0
[run]   chunk 001 status=in_progress done=3888/3978 failed=0
[run]   chunk 001 status=in_progress done=3888/3978 failed=0
[run]   chunk 001 status=in_progress done=3888/3978 failed=0
[run]   chunk 001 status=in_progress done=3888/3978 failed=0
[run]   chunk 001 status=in_progress done=3888/3978 failed=0
[run]   chunk 001 status=in_progress done=3888/3978 failed=0
[run]   chunk 001 status=in_progress done=3888/3978 failed=0
[run]   chunk 001 status=in_progress done=3888/3978 failed=0
[run]   chunk 001 status=in_progress done=3888/3978 failed=0
[run]   chunk 001 status=in_progress done=3888/3978 failed=0
[run]   chunk 001 status=in_progress done=3888/3978 failed=0
[run]   chunk 001 status=in_progress done=3888/3978 failed=0
[run]   chunk 001 status=in_progress done=3888/3978 failed=0
[run]   chunk 001 status=in_progress done=3888/3978 failed=0
[run]   chunk 001 status=in_progress done=3888/3978 failed=0
[run]   chunk 001 status=in_progress done=3888/3978 failed=0
[run]   chunk 001 status=in_progress done=3888/3978 failed=0
[run]   chunk 001 status=in_progress done=3946/3978 failed=0
[run]   chunk 001 status=in_progress done=3946/3978 failed=0
[run]   chunk 001 status=in_progress done=3946/3978 failed=0
[run]   chunk 001 status=in_progress done=3946/3978 failed=0
[run]   chunk 001 status=in_progress done=3946/3978 failed=0
[run]   chunk 001 status=in_progress done=3946/3978 failed=0
[run]   chunk 001 status=in_progress done=3946/3978 failed=0
[run]   chunk 001 status=in_progress done=3946/3978 failed=0
[run]   chunk 001 status=in_progress done=3946/3978 failed=0
[run]   chunk 001 status=in_progress done=3946/3978 failed=0
[run]   chunk 001 status=in_progress done=3946/3978 failed=0
[run]   chunk 001 status=in_progress done=3946/3978 failed=0
[run]   chunk 001 status=in_progress done=3946/3978 failed=0
[run]   chunk 001 status=in_progress done=3946/3978 failed=0
[run]   chunk 001 status=in_progress done=3946/3978 failed=0
[run]   chunk 001 status=in_progress done=3946/3978 failed=0
[run]   chunk 001 status=in_progress done=3946/3978 failed=0
[run]   chunk 001 status=in_progress done=3946/3978 failed=0
[run]   chunk 001 status=in_progress done=3946/3978 failed=0
[run]   chunk 001 status=in_progress done=3946/3978 failed=0
[run]   chunk 001 status=in_progress done=3946/3978 failed=0
[run]   chunk 001 status=in_progress done=3946/3978 failed=0
[run]   chunk 001 status=in_progress done=3946/3978 failed=0
[run]   chunk 001 status=in_progress done=3946/3978 failed=0
[run]   chunk 001 status=in_progress done=3946/3978 failed=0
[run]   chunk 001 status=in_progress done=3946/3978 failed=0
[run]   chunk 001 status=in_progress done=3946/3978 failed=0
[run]   chunk 001 status=in_progress done=3946/3978 failed=0
[run]   chunk 001 status=in_progress done=3946/3978 failed=0
[run]   chunk 001 status=in_progress done=3946/3978 failed=0
[run]   chunk 001 status=in_progress done=3946/3978 failed=0
[run]   chunk 001 status=in_progress done=3946/3978 failed=0
[run]   chunk 001 status=in_progress done=3946/3978 failed=0
[run]   chunk 001 status=in_progress done=3946/3978 failed=0
[run]   chunk 001 status=in_progress done=3946/3978 failed=0
[run]   chunk 001 status=in_progress done=3946/3978 failed=0
[run]   chunk 001 status=in_progress done=3946/3978 failed=0
[run]   chunk 001 status=in_progress done=3946/3978 failed=0
[run]   chunk 001 status=in_progress done=3946/3978 failed=0
[run]   chunk 001 status=in_progress done=3946/3978 failed=0
[run]   chunk 001 status=in_progress done=3946/3978 failed=0
[run]   chunk 001 status=in_progress done=3946/3978 failed=0
[run]   chunk 001 status=in_progress done=3946/3978 failed=0
[run]   chunk 001 status=in_progress done=3946/3978 failed=0
[run]   chunk 001 status=in_progress done=3946/3978 failed=0
[run]   chunk 001 status=in_progress done=3946/3978 failed=0
[run]   chunk 001 status=in_progress done=3946/3978 failed=0
[run]   chunk 001 status=in_progress done=3946/3978 failed=0
[run]   chunk 001 status=in_progress done=3946/3978 failed=0
[run]   chunk 001 status=in_progress done=3946/3978 failed=0
[run]   chunk 001 status=in_progress done=3946/3978 failed=0
[run]   chunk 001 status=in_progress done=3946/3978 failed=0
[run]   chunk 001 status=in_progress done=3946/3978 failed=0
[run]   chunk 001 status=in_progress done=3946/3978 failed=0
[run]   chunk 001 status=in_progress done=3946/3978 failed=0
[run]   chunk 001 status=in_progress done=3946/3978 failed=0
[run]   chunk 001 status=in_progress done=3946/3978 failed=0
[run]   chunk 001 status=in_progress done=3946/3978 failed=0
[run]   chunk 001 status=in_progress done=3946/3978 failed=0
[run]   chunk 001 status=in_progress done=3946/3978 failed=0
[run]   chunk 001 status=in_progress done=3946/3978 failed=0
[run]   chunk 001 status=in_progress done=3946/3978 failed=0
[run]   chunk 001 status=in_progress done=3946/3978 failed=0
[run]   chunk 001 status=in_progress done=3946/3978 failed=0
[run]   chunk 001 status=in_progress done=3946/3978 failed=0
[run]   chunk 001 status=in_progress done=3946/3978 failed=0
[run]   chunk 001 status=in_progress done=3946/3978 failed=0
[run]   chunk 001 status=in_progress done=3946/3978 failed=0
[run]   chunk 001 status=in_progress done=3946/3978 failed=0
[run]   chunk 001 status=in_progress done=3946/3978 failed=0
[run]   chunk 001 status=in_progress done=3946/3978 failed=0
[run]   chunk 001 status=in_progress done=3946/3978 failed=0
[run]   chunk 001 status=in_progress done=3946/3978 failed=0
[run]   chunk 001 status=in_progress done=3946/3978 failed=0
[run]   chunk 001 status=in_progress done=3946/3978 failed=0
[run]   chunk 001 status=in_progress done=3946/3978 failed=0
[run]   chunk 001 status=in_progress done=3946/3978 failed=0
[run]   chunk 001 status=in_progress done=3946/3978 failed=0
[run]   chunk 001 status=in_progress done=3946/3978 failed=0
[run]   chunk 001 status=in_progress done=3946/3978 failed=0
[run]   chunk 001 status=in_progress done=3946/3978 failed=0
[run]   chunk 001 status=in_progress done=3946/3978 failed=0
[run]   chunk 001 status=in_progress done=3946/3978 failed=0
[run]   chunk 001 status=in_progress done=3946/3978 failed=0
[run]   chunk 001 status=in_progress done=3946/3978 failed=0
[run]   chunk 001 status=in_progress done=3946/3978 failed=0
[run]   chunk 001 status=in_progress done=3946/3978 failed=0
[run]   chunk 001 status=in_progress done=3946/3978 failed=0
[run]   chunk 001 status=in_progress done=3946/3978 failed=0
[run]   chunk 001 status=in_progress done=3946/3978 failed=0
[run]   chunk 001 status=in_progress done=3946/3978 failed=0
[run]   chunk 001 status=in_progress done=3946/3978 failed=0
[run]   chunk 001 status=in_progress done=3946/3978 failed=0
[run]   chunk 001 status=in_progress done=3946/3978 failed=0
[run]   chunk 001 status=in_progress done=3946/3978 failed=0
[run]   chunk 001 status=in_progress done=3946/3978 failed=0
[run]   chunk 001 status=in_progress done=3946/3978 failed=0
[run]   chunk 001 status=in_progress done=3946/3978 failed=0
[run]   chunk 001 status=in_progress done=3946/3978 failed=0
[run]   chunk 001 status=in_progress done=3946/3978 failed=0
[run]   chunk 001 status=in_progress done=3946/3978 failed=0
[run]   chunk 001 status=in_progress done=3946/3978 failed=0
[run]   chunk 001 status=in_progress done=3946/3978 failed=0
[run]   chunk 001 status=in_progress done=3946/3978 failed=0
[run]   chunk 001 status=in_progress done=3946/3978 failed=0
[run]   chunk 001 status=in_progress done=3946/3978 failed=0
[run]   chunk 001 status=in_progress done=3946/3978 failed=0
[run]   chunk 001 status=in_progress done=3946/3978 failed=0
[run]   chunk 001 status=in_progress done=3946/3978 failed=0
[run]   chunk 001 status=in_progress done=3946/3978 failed=0
[run]   chunk 001 status=in_progress done=3946/3978 failed=0
[run]   chunk 001 status=in_progress done=3946/3978 failed=0
[run]   chunk 001 status=in_progress done=3946/3978 failed=0
[run]   chunk 001 status=in_progress done=3946/3978 failed=0
[run]   chunk 001 status=in_progress done=3946/3978 failed=0
[run]   chunk 001 status=in_progress done=3946/3978 failed=0
[run]   chunk 001 status=in_progress done=3946/3978 failed=0
[run]   chunk 001 status=in_progress done=3946/3978 failed=0
[run]   chunk 001 status=in_progress done=3946/3978 failed=0
[run]   chunk 001 status=in_progress done=3946/3978 failed=0
[run]   chunk 001 status=finalizing done=3978/3978 failed=0
[run]   chunk 001 status=finalizing done=3978/3978 failed=0
[run]   chunk 001 status=completed done=3978/3978 failed=0
[run]   downloaded 3,278,904 B -> chunk_001.jsonl
/home/vishalrao/FRA/em_fra_scripts/step_e_judge_sweep_batch.py:592: FutureWarning: Setting an item of incompatible dtype is deprecated and will raise an error in a future version of pandas. Value 'REFUSAL' has dtype incompatible with float64, please explicitly cast to a compatible dtype first.
  df.at[row, col] = val
/home/vishalrao/FRA/em_fra_scripts/step_e_judge_sweep_batch.py:592: FutureWarning: Setting an item of incompatible dtype is deprecated and will raise an error in a future version of pandas. Value 'REFUSAL' has dtype incompatible with float64, please explicitly cast to a compatible dtype first.
  df.at[row, col] = val
/home/vishalrao/FRA/em_fra_scripts/step_e_judge_sweep_batch.py:592: FutureWarning: Setting an item of incompatible dtype is deprecated and will raise an error in a future version of pandas. Value 'REFUSAL' has dtype incompatible with float64, please explicitly cast to a compatible dtype first.
  df.at[row, col] = val
[run]   applied 3978 cells across 13 CSVs (ok=3978 err=0) from chunk_001.jsonl
[run] submit chunk 002 (3916 reqs, ~1,499,736 tok)
[run]   file=file-945Vh29ShtVtQGX7hP9s9d batch=batch_69e852eeece8819089fae47012a99dca status=validating
[run]   chunk 002 status=validating done=0/0 failed=0
[run]   chunk 002 status=validating done=0/0 failed=0
[run]   chunk 002 status=validating done=0/0 failed=0
[run]   chunk 002 status=in_progress done=0/3916 failed=0
[run]   chunk 002 status=in_progress done=0/3916 failed=0
[run]   chunk 002 status=in_progress done=119/3916 failed=0
[run]   chunk 002 status=in_progress done=119/3916 failed=0
[run]   chunk 002 status=in_progress done=119/3916 failed=0
[run]   chunk 002 status=in_progress done=119/3916 failed=0
[run]   chunk 002 status=in_progress done=201/3916 failed=0
[run]   chunk 002 status=in_progress done=769/3916 failed=0
[run]   chunk 002 status=in_progress done=1487/3916 failed=0
[run]   chunk 002 status=in_progress done=1944/3916 failed=0
[run]   chunk 002 status=in_progress done=1944/3916 failed=0
[run]   chunk 002 status=in_progress done=1944/3916 failed=0
[run]   chunk 002 status=in_progress done=1944/3916 failed=0
[run]   chunk 002 status=in_progress done=1944/3916 failed=0
[run]   chunk 002 status=in_progress done=2608/3916 failed=0
[run]   chunk 002 status=in_progress done=3060/3916 failed=0
[run]   chunk 002 status=in_progress done=3256/3916 failed=0
[run]   chunk 002 status=in_progress done=3488/3916 failed=0
[run]   chunk 002 status=in_progress done=3716/3916 failed=0
[run]   chunk 002 status=in_progress done=3816/3916 failed=0
[run]   chunk 002 status=in_progress done=3915/3916 failed=0
[run]   chunk 002 status=in_progress done=3915/3916 failed=0
[run]   chunk 002 status=in_progress done=3915/3916 failed=0
[run]   chunk 002 status=in_progress done=3915/3916 failed=0
[run]   chunk 002 status=in_progress done=3915/3916 failed=0
[run]   chunk 002 status=in_progress done=3915/3916 failed=0
[run]   chunk 002 status=in_progress done=3915/3916 failed=0
[run]   chunk 002 status=in_progress done=3915/3916 failed=0
[run]   chunk 002 status=in_progress done=3915/3916 failed=0
[run]   chunk 002 status=in_progress done=3915/3916 failed=0
[run]   chunk 002 status=in_progress done=3915/3916 failed=0
[run]   chunk 002 status=in_progress done=3915/3916 failed=0
[run]   chunk 002 status=in_progress done=3915/3916 failed=0
[run]   chunk 002 status=in_progress done=3915/3916 failed=0
[run]   chunk 002 status=in_progress done=3915/3916 failed=0
[run]   chunk 002 status=in_progress done=3915/3916 failed=0
[run]   chunk 002 status=in_progress done=3915/3916 failed=0
[run]   chunk 002 status=finalizing done=3916/3916 failed=0
[run]   chunk 002 status=finalizing done=3916/3916 failed=0
[run]   chunk 002 status=finalizing done=3916/3916 failed=0
[run]   chunk 002 status=finalizing done=3916/3916 failed=0
[run]   chunk 002 status=finalizing done=3916/3916 failed=0
[run]   chunk 002 status=finalizing done=3916/3916 failed=0
[run]   chunk 002 status=finalizing done=3916/3916 failed=0
[run]   chunk 002 status=finalizing done=3916/3916 failed=0
[run]   chunk 002 status=finalizing done=3916/3916 failed=0
[run]   chunk 002 status=finalizing done=3916/3916 failed=0
[run]   chunk 002 status=finalizing done=3916/3916 failed=0
[run]   chunk 002 status=finalizing done=3916/3916 failed=0
[run]   chunk 002 status=finalizing done=3916/3916 failed=0
[run]   chunk 002 status=finalizing done=3916/3916 failed=0
[run]   chunk 002 status=finalizing done=3916/3916 failed=0
[run]   chunk 002 status=finalizing done=3916/3916 failed=0
[run]   chunk 002 status=finalizing done=3916/3916 failed=0
[run]   chunk 002 status=finalizing done=3916/3916 failed=0
[run]   chunk 002 status=completed done=3916/3916 failed=0
[run]   downloaded 3,223,118 B -> chunk_002.jsonl
/home/vishalrao/FRA/em_fra_scripts/step_e_judge_sweep_batch.py:592: FutureWarning: Setting an item of incompatible dtype is deprecated and will raise an error in a future version of pandas. Value 'REFUSAL' has dtype incompatible with float64, please explicitly cast to a compatible dtype first.
  df.at[row, col] = val
[run]   applied 3916 cells across 13 CSVs (ok=3916 err=0) from chunk_002.jsonl
[run] submit chunk 003 (3601 reqs, ~1,499,948 tok)
[run]   file=file-Rbw1kf942ffmG8qmHcKa24 batch=batch_69e859ef4dfc81909481f4bb3361284b status=validating
[run]   chunk 003 status=validating done=0/0 failed=0
[run]   chunk 003 status=validating done=0/0 failed=0
[run]   chunk 003 status=validating done=0/0 failed=0
[run]   chunk 003 status=in_progress done=0/3601 failed=0
[run]   chunk 003 status=in_progress done=423/3601 failed=0
[run]   chunk 003 status=in_progress done=709/3601 failed=0
[run]   chunk 003 status=in_progress done=1354/3601 failed=0
[run]   chunk 003 status=in_progress done=1713/3601 failed=0
[run]   chunk 003 status=in_progress done=2131/3601 failed=0
[run]   chunk 003 status=in_progress done=2839/3601 failed=0
[run]   chunk 003 status=in_progress done=3078/3601 failed=0
[run]   chunk 003 status=in_progress done=3408/3601 failed=0
[run]   chunk 003 status=in_progress done=3527/3601 failed=0
[run]   chunk 003 status=in_progress done=3536/3601 failed=0
[run]   chunk 003 status=finalizing done=3601/3601 failed=0
[run]   chunk 003 status=finalizing done=3601/3601 failed=0
[run]   chunk 003 status=finalizing done=3601/3601 failed=0
[run]   chunk 003 status=finalizing done=3601/3601 failed=0
[run]   chunk 003 status=finalizing done=3601/3601 failed=0
[run]   chunk 003 status=finalizing done=3601/3601 failed=0
[run]   chunk 003 status=finalizing done=3601/3601 failed=0
[run]   chunk 003 status=completed done=3601/3601 failed=0
[run]   downloaded 2,966,293 B -> chunk_003.jsonl
/home/vishalrao/FRA/em_fra_scripts/step_e_judge_sweep_batch.py:592: FutureWarning: Setting an item of incompatible dtype is deprecated and will raise an error in a future version of pandas. Value 'REFUSAL' has dtype incompatible with float64, please explicitly cast to a compatible dtype first.
  df.at[row, col] = val
/home/vishalrao/FRA/em_fra_scripts/step_e_judge_sweep_batch.py:592: FutureWarning: Setting an item of incompatible dtype is deprecated and will raise an error in a future version of pandas. Value 'REFUSAL' has dtype incompatible with float64, please explicitly cast to a compatible dtype first.
  df.at[row, col] = val
/home/vishalrao/FRA/em_fra_scripts/step_e_judge_sweep_batch.py:592: FutureWarning: Setting an item of incompatible dtype is deprecated and will raise an error in a future version of pandas. Value 'REFUSAL' has dtype incompatible with float64, please explicitly cast to a compatible dtype first.
  df.at[row, col] = val
/home/vishalrao/FRA/em_fra_scripts/step_e_judge_sweep_batch.py:592: FutureWarning: Setting an item of incompatible dtype is deprecated and will raise an error in a future version of pandas. Value 'REFUSAL' has dtype incompatible with float64, please explicitly cast to a compatible dtype first.
  df.at[row, col] = val
/home/vishalrao/FRA/em_fra_scripts/step_e_judge_sweep_batch.py:592: FutureWarning: Setting an item of incompatible dtype is deprecated and will raise an error in a future version of pandas. Value 'REFUSAL' has dtype incompatible with float64, please explicitly cast to a compatible dtype first.
  df.at[row, col] = val
/home/vishalrao/FRA/em_fra_scripts/step_e_judge_sweep_batch.py:592: FutureWarning: Setting an item of incompatible dtype is deprecated and will raise an error in a future version of pandas. Value 'REFUSAL' has dtype incompatible with float64, please explicitly cast to a compatible dtype first.
  df.at[row, col] = val
[run]   applied 3601 cells across 12 CSVs (ok=3601 err=0) from chunk_003.jsonl
[run] submit chunk 004 (3118 reqs, ~1,499,640 tok)
[run]   file=file-B6ZFtiFiHutmBzLB6FSMKV batch=batch_69e85c7e0b608190b73c124a16216f07 status=validating
[run]   chunk 004 status=validating done=0/0 failed=0
[run]   chunk 004 status=validating done=0/0 failed=0
[run]   chunk 004 status=validating done=0/0 failed=0
[run]   chunk 004 status=in_progress done=0/3118 failed=0
[run]   chunk 004 status=in_progress done=0/3118 failed=0
[run]   chunk 004 status=in_progress done=61/3118 failed=0
[run]   chunk 004 status=in_progress done=908/3118 failed=0
[run]   chunk 004 status=in_progress done=938/3118 failed=0
[run]   chunk 004 status=in_progress done=1470/3118 failed=0
[run]   chunk 004 status=in_progress done=1670/3118 failed=0
[run]   chunk 004 status=in_progress done=2000/3118 failed=0
[run]   chunk 004 status=in_progress done=2474/3118 failed=0
[run]   chunk 004 status=in_progress done=2488/3118 failed=0
[run]   chunk 004 status=in_progress done=3117/3118 failed=0
[run]   chunk 004 status=in_progress done=3117/3118 failed=0
[run]   chunk 004 status=in_progress done=3117/3118 failed=0
[run]   chunk 004 status=in_progress done=3117/3118 failed=0
[run]   chunk 004 status=in_progress done=3117/3118 failed=0
[run]   chunk 004 status=in_progress done=3117/3118 failed=0
[run]   chunk 004 status=in_progress done=3117/3118 failed=0
[run]   chunk 004 status=in_progress done=3117/3118 failed=0
[run]   chunk 004 status=in_progress done=3117/3118 failed=0
[run]   chunk 004 status=in_progress done=3117/3118 failed=0
[run]   chunk 004 status=in_progress done=3117/3118 failed=0
[run]   chunk 004 status=in_progress done=3117/3118 failed=0
[run]   chunk 004 status=in_progress done=3117/3118 failed=0
[run]   chunk 004 status=in_progress done=3117/3118 failed=0
[run]   chunk 004 status=in_progress done=3117/3118 failed=0
[run]   chunk 004 status=in_progress done=3117/3118 failed=0
[run]   chunk 004 status=in_progress done=3117/3118 failed=0
[run]   chunk 004 status=in_progress done=3117/3118 failed=0
[run]   chunk 004 status=in_progress done=3117/3118 failed=0
[run]   chunk 004 status=in_progress done=3117/3118 failed=0
[run]   chunk 004 status=in_progress done=3117/3118 failed=0
[run]   chunk 004 status=in_progress done=3117/3118 failed=0
[run]   chunk 004 status=in_progress done=3117/3118 failed=0
[run]   chunk 004 status=in_progress done=3117/3118 failed=0
[run]   chunk 004 status=in_progress done=3117/3118 failed=0
[run]   chunk 004 status=in_progress done=3117/3118 failed=0
[run]   chunk 004 status=in_progress done=3117/3118 failed=0
[run]   chunk 004 status=in_progress done=3117/3118 failed=0
[run]   chunk 004 status=finalizing done=3118/3118 failed=0
[run]   chunk 004 status=finalizing done=3118/3118 failed=0
[run]   chunk 004 status=finalizing done=3118/3118 failed=0
[run]   chunk 004 status=finalizing done=3118/3118 failed=0
[run]   chunk 004 status=finalizing done=3118/3118 failed=0
[run]   chunk 004 status=finalizing done=3118/3118 failed=0
[run]   chunk 004 status=finalizing done=3118/3118 failed=0
[run]   chunk 004 status=finalizing done=3118/3118 failed=0
[run]   chunk 004 status=finalizing done=3118/3118 failed=0
[run]   chunk 004 status=finalizing done=3118/3118 failed=0
[run]   chunk 004 status=completed done=3118/3118 failed=0
[run]   downloaded 2,570,545 B -> chunk_004.jsonl
/home/vishalrao/FRA/em_fra_scripts/step_e_judge_sweep_batch.py:592: FutureWarning: Setting an item of incompatible dtype is deprecated and will raise an error in a future version of pandas. Value 'REFUSAL' has dtype incompatible with float64, please explicitly cast to a compatible dtype first.
  df.at[row, col] = val
/home/vishalrao/FRA/em_fra_scripts/step_e_judge_sweep_batch.py:592: FutureWarning: Setting an item of incompatible dtype is deprecated and will raise an error in a future version of pandas. Value 'REFUSAL' has dtype incompatible with float64, please explicitly cast to a compatible dtype first.
  df.at[row, col] = val
/home/vishalrao/FRA/em_fra_scripts/step_e_judge_sweep_batch.py:592: FutureWarning: Setting an item of incompatible dtype is deprecated and will raise an error in a future version of pandas. Value 'REFUSAL' has dtype incompatible with float64, please explicitly cast to a compatible dtype first.
  df.at[row, col] = val
/home/vishalrao/FRA/em_fra_scripts/step_e_judge_sweep_batch.py:592: FutureWarning: Setting an item of incompatible dtype is deprecated and will raise an error in a future version of pandas. Value 'REFUSAL' has dtype incompatible with float64, please explicitly cast to a compatible dtype first.
  df.at[row, col] = val
/home/vishalrao/FRA/em_fra_scripts/step_e_judge_sweep_batch.py:592: FutureWarning: Setting an item of incompatible dtype is deprecated and will raise an error in a future version of pandas. Value 'REFUSAL' has dtype incompatible with float64, please explicitly cast to a compatible dtype first.
  df.at[row, col] = val
/home/vishalrao/FRA/em_fra_scripts/step_e_judge_sweep_batch.py:592: FutureWarning: Setting an item of incompatible dtype is deprecated and will raise an error in a future version of pandas. Value 'REFUSAL' has dtype incompatible with float64, please explicitly cast to a compatible dtype first.
  df.at[row, col] = val
[run]   applied 3118 cells across 11 CSVs (ok=3118 err=0) from chunk_004.jsonl
[run] submit chunk 005 (3234 reqs, ~1,499,652 tok)
[run]   file=file-ASMAyZwvAt3rgvM5NEDSjM batch=batch_69e8629ae7cc8190b9bd19072f22528c status=validating
[run]   chunk 005 status=validating done=0/0 failed=0
[run]   chunk 005 status=in_progress done=0/3234 failed=0
[run]   chunk 005 status=in_progress done=0/3234 failed=0
[run]   chunk 005 status=in_progress done=38/3234 failed=0
[run]   chunk 005 status=in_progress done=491/3234 failed=0
[run]   chunk 005 status=in_progress done=1195/3234 failed=0
[run]   chunk 005 status=in_progress done=1532/3234 failed=0
[run]   chunk 005 status=in_progress done=1931/3234 failed=0
[run]   chunk 005 status=in_progress done=2151/3234 failed=0
[run]   chunk 005 status=in_progress done=2350/3234 failed=0
[run]   chunk 005 status=in_progress done=2451/3234 failed=0
[run]   chunk 005 status=in_progress done=2482/3234 failed=0
[run]   chunk 005 status=in_progress done=2482/3234 failed=0
[run]   chunk 005 status=in_progress done=2589/3234 failed=0
[run]   chunk 005 status=in_progress done=2673/3234 failed=0
[run]   chunk 005 status=in_progress done=2797/3234 failed=0
[run]   chunk 005 status=in_progress done=3044/3234 failed=0
[run]   chunk 005 status=in_progress done=3071/3234 failed=0
[run]   chunk 005 status=in_progress done=3071/3234 failed=0
[run]   chunk 005 status=in_progress done=3071/3234 failed=0
[run]   chunk 005 status=in_progress done=3071/3234 failed=0
[run]   chunk 005 status=in_progress done=3071/3234 failed=0
[run]   chunk 005 status=in_progress done=3071/3234 failed=0
[run]   chunk 005 status=in_progress done=3071/3234 failed=0
[run]   chunk 005 status=in_progress done=3071/3234 failed=0
[run]   chunk 005 status=in_progress done=3071/3234 failed=0
[run]   chunk 005 status=in_progress done=3071/3234 failed=0
[run]   chunk 005 status=in_progress done=3071/3234 failed=0
[run]   chunk 005 status=in_progress done=3071/3234 failed=0
[run]   chunk 005 status=in_progress done=3071/3234 failed=0
[run]   chunk 005 status=in_progress done=3071/3234 failed=0
[run]   chunk 005 status=in_progress done=3071/3234 failed=0
[run]   chunk 005 status=in_progress done=3071/3234 failed=0
[run]   chunk 005 status=in_progress done=3076/3234 failed=0
[run]   chunk 005 status=in_progress done=3076/3234 failed=0
[run]   chunk 005 status=in_progress done=3081/3234 failed=0
[run]   chunk 005 status=in_progress done=3081/3234 failed=0
[run]   chunk 005 status=in_progress done=3081/3234 failed=0
[run]   chunk 005 status=in_progress done=3081/3234 failed=0
[run]   chunk 005 status=in_progress done=3081/3234 failed=0
[run]   chunk 005 status=in_progress done=3127/3234 failed=0
[run]   chunk 005 status=in_progress done=3154/3234 failed=0
[run]   chunk 005 status=in_progress done=3154/3234 failed=0
[run]   chunk 005 status=in_progress done=3154/3234 failed=0
[run]   chunk 005 status=in_progress done=3154/3234 failed=0
[run]   chunk 005 status=in_progress done=3154/3234 failed=0
[run]   chunk 005 status=in_progress done=3154/3234 failed=0
[run]   chunk 005 status=in_progress done=3154/3234 failed=0
[run]   chunk 005 status=in_progress done=3180/3234 failed=0
[run]   chunk 005 status=in_progress done=3198/3234 failed=0
[run]   chunk 005 status=in_progress done=3198/3234 failed=0
[run]   chunk 005 status=in_progress done=3198/3234 failed=0
[run]   chunk 005 status=in_progress done=3198/3234 failed=0
[run]   chunk 005 status=in_progress done=3198/3234 failed=0
[run]   chunk 005 status=in_progress done=3198/3234 failed=0
[run]   chunk 005 status=in_progress done=3198/3234 failed=0
[run]   chunk 005 status=in_progress done=3198/3234 failed=0
[run]   chunk 005 status=in_progress done=3198/3234 failed=0
[run]   chunk 005 status=in_progress done=3198/3234 failed=0
[run]   chunk 005 status=in_progress done=3198/3234 failed=0
[run]   chunk 005 status=in_progress done=3198/3234 failed=0
[run]   chunk 005 status=in_progress done=3198/3234 failed=0
[run]   chunk 005 status=in_progress done=3198/3234 failed=0
[run]   chunk 005 status=in_progress done=3198/3234 failed=0
[run]   chunk 005 status=in_progress done=3198/3234 failed=0
[run]   chunk 005 status=in_progress done=3198/3234 failed=0
[run]   chunk 005 status=in_progress done=3198/3234 failed=0
[run]   chunk 005 status=in_progress done=3198/3234 failed=0
[run]   chunk 005 status=in_progress done=3198/3234 failed=0
[run]   chunk 005 status=in_progress done=3198/3234 failed=0
[run]   chunk 005 status=in_progress done=3198/3234 failed=0
[run]   chunk 005 status=in_progress done=3198/3234 failed=0
[run]   chunk 005 status=in_progress done=3198/3234 failed=0
[run]   chunk 005 status=in_progress done=3198/3234 failed=0
[run]   chunk 005 status=in_progress done=3198/3234 failed=0
[run]   chunk 005 status=in_progress done=3198/3234 failed=0
[run]   chunk 005 status=in_progress done=3198/3234 failed=0
[run]   chunk 005 status=in_progress done=3198/3234 failed=0
[run]   chunk 005 status=in_progress done=3198/3234 failed=0
[run]   chunk 005 status=in_progress done=3198/3234 failed=0
[run]   chunk 005 status=in_progress done=3198/3234 failed=0
[run]   chunk 005 status=in_progress done=3198/3234 failed=0
[run]   chunk 005 status=in_progress done=3198/3234 failed=0
[run]   chunk 005 status=in_progress done=3198/3234 failed=0
[run]   chunk 005 status=in_progress done=3198/3234 failed=0
[run]   chunk 005 status=in_progress done=3198/3234 failed=0
[run]   chunk 005 status=in_progress done=3198/3234 failed=0
[run]   chunk 005 status=in_progress done=3198/3234 failed=0
[run]   chunk 005 status=in_progress done=3198/3234 failed=0
[run]   chunk 005 status=in_progress done=3198/3234 failed=0
[run]   chunk 005 status=in_progress done=3198/3234 failed=0
[run]   chunk 005 status=in_progress done=3198/3234 failed=0
[run]   chunk 005 status=in_progress done=3198/3234 failed=0
[run]   chunk 005 status=in_progress done=3198/3234 failed=0
[run]   chunk 005 status=in_progress done=3198/3234 failed=0
[run]   chunk 005 status=in_progress done=3198/3234 failed=0
[run]   chunk 005 status=in_progress done=3198/3234 failed=0
[run]   chunk 005 status=in_progress done=3198/3234 failed=0
[run]   chunk 005 status=in_progress done=3198/3234 failed=0
[run]   chunk 005 status=in_progress done=3198/3234 failed=0
[run]   chunk 005 status=in_progress done=3198/3234 failed=0
[run]   chunk 005 status=in_progress done=3198/3234 failed=0
[run]   chunk 005 status=in_progress done=3198/3234 failed=0
[run]   chunk 005 status=in_progress done=3198/3234 failed=0
[run]   chunk 005 status=finalizing done=3234/3234 failed=0
[run]   chunk 005 status=finalizing done=3234/3234 failed=0
[run]   chunk 005 status=finalizing done=3234/3234 failed=0
[run]   chunk 005 status=finalizing done=3234/3234 failed=0
[run]   chunk 005 status=finalizing done=3234/3234 failed=0
[run]   chunk 005 status=finalizing done=3234/3234 failed=0
[run]   chunk 005 status=finalizing done=3234/3234 failed=0
[run]   chunk 005 status=finalizing done=3234/3234 failed=0
[run]   chunk 005 status=finalizing done=3234/3234 failed=0
[run]   chunk 005 status=finalizing done=3234/3234 failed=0
[run]   chunk 005 status=completed done=3234/3234 failed=0
[run]   downloaded 2,660,592 B -> chunk_005.jsonl
/home/vishalrao/FRA/em_fra_scripts/step_e_judge_sweep_batch.py:592: FutureWarning: Setting an item of incompatible dtype is deprecated and will raise an error in a future version of pandas. Value 'REFUSAL' has dtype incompatible with float64, please explicitly cast to a compatible dtype first.
  df.at[row, col] = val
/home/vishalrao/FRA/em_fra_scripts/step_e_judge_sweep_batch.py:592: FutureWarning: Setting an item of incompatible dtype is deprecated and will raise an error in a future version of pandas. Value 'REFUSAL' has dtype incompatible with float64, please explicitly cast to a compatible dtype first.
  df.at[row, col] = val
/home/vishalrao/FRA/em_fra_scripts/step_e_judge_sweep_batch.py:592: FutureWarning: Setting an item of incompatible dtype is deprecated and will raise an error in a future version of pandas. Value 'REFUSAL' has dtype incompatible with float64, please explicitly cast to a compatible dtype first.
  df.at[row, col] = val
[run]   applied 3234 cells across 11 CSVs (ok=3234 err=0) from chunk_005.jsonl
[run] submit chunk 006 (1343 reqs, ~636,460 tok)
[run]   file=file-TNcWeRNGTvswqSqByeCDEs batch=batch_69e87036657c8190945081ebf7657c0d status=validating
[run]   chunk 006 status=validating done=0/0 failed=0
[run]   chunk 006 status=validating done=0/0 failed=0
[run]   chunk 006 status=validating done=0/0 failed=0
[run]   chunk 006 status=in_progress done=0/1343 failed=0
[run]   chunk 006 status=in_progress done=56/1343 failed=0
[run]   chunk 006 status=in_progress done=436/1343 failed=0
[run]   chunk 006 status=in_progress done=901/1343 failed=0
[run]   chunk 006 status=in_progress done=1165/1343 failed=0
[run]   chunk 006 status=in_progress done=1235/1343 failed=0
[run]   chunk 006 status=finalizing done=1343/1343 failed=0
[run]   chunk 006 status=finalizing done=1343/1343 failed=0
[run]   chunk 006 status=finalizing done=1343/1343 failed=0
[run]   chunk 006 status=finalizing done=1343/1343 failed=0
[run]   chunk 006 status=finalizing done=1343/1343 failed=0
[run]   chunk 006 status=completed done=1343/1343 failed=0
[run]   downloaded 1,105,745 B -> chunk_006.jsonl
/home/vishalrao/FRA/em_fra_scripts/step_e_judge_sweep_batch.py:592: FutureWarning: Setting an item of incompatible dtype is deprecated and will raise an error in a future version of pandas. Value 'REFUSAL' has dtype incompatible with float64, please explicitly cast to a compatible dtype first.
  df.at[row, col] = val
/home/vishalrao/FRA/em_fra_scripts/step_e_judge_sweep_batch.py:592: FutureWarning: Setting an item of incompatible dtype is deprecated and will raise an error in a future version of pandas. Value 'REFUSAL' has dtype incompatible with float64, please explicitly cast to a compatible dtype first.
  df.at[row, col] = val
[run]   applied 1343 cells across 5 CSVs (ok=1343 err=0) from chunk_006.jsonl
[run] all chunks applied.
[summary] wrote /home/vishalrao/FRA/em_fra_scripts/outputs2/step_d_mop_risky/judge_sweep_summary.csv (60 rows)
alpha                    1.5   2.0
direction rank feature            
neg       0    4437     16.9  11.9
          1    18865     3.8   0.6
          2    4903     18.1   9.4
          3    12340    22.5  12.2
          4    12357     5.6   3.2
          5    216      35.0  36.2
          6    7512     38.1  26.9
          7    11201    37.5  21.2
          8    3080     30.6  18.8
          9    1989     15.0  11.2
          10   15446     0.6   1.3
          11   6184     20.0  11.2
          12   18232    27.0  20.0
          13   11185    16.2   4.4
          14   15974     4.4   6.3
pos       0    4437      0.0   0.0
          1    18865     0.0   0.0
          2    4903      0.0   0.0
          3    12340     0.0   1.3
          4    12357     0.0   0.0
          5    216       0.0   0.0
          6    7512      0.0   0.0
          7    11201     0.0   0.6
          8    3080      0.0   0.0
          9    1989      0.0   0.0
          10   15446     0.7   0.0
          11   6184      0.0   0.0
          12   18232     0.0   0.0
          13   11185     0.0   0.0
          14   15974     1.3   0.0
