/home/vishalrao/FRA/em_fra_scripts/step_h_judge.py:373: FutureWarning: Setting an item of incompatible dtype is deprecated and will raise an error in a future version of pandas. Value 'REFUSAL' has dtype incompatible with float64, please explicitly cast to a compatible dtype first.
  df.at[row, col] = val
/home/vishalrao/FRA/em_fra_scripts/step_h_judge.py:373: FutureWarning: Setting an item of incompatible dtype is deprecated and will raise an error in a future version of pandas. Value 'REFUSAL' has dtype incompatible with float64, please explicitly cast to a compatible dtype first.
  df.at[row, col] = val
/home/vishalrao/FRA/em_fra_scripts/step_h_judge.py:373: FutureWarning: Setting an item of incompatible dtype is deprecated and will raise an error in a future version of pandas. Value 'REFUSAL' has dtype incompatible with float64, please explicitly cast to a compatible dtype first.
  df.at[row, col] = val
/home/vishalrao/FRA/em_fra_scripts/step_h_judge.py:373: FutureWarning: Setting an item of incompatible dtype is deprecated and will raise an error in a future version of pandas. Value 'REFUSAL' has dtype incompatible with float64, please explicitly cast to a compatible dtype first.
  df.at[row, col] = val
/home/vishalrao/FRA/em_fra_scripts/step_h_judge.py:373: FutureWarning: Setting an item of incompatible dtype is deprecated and will raise an error in a future version of pandas. Value 'REFUSAL' has dtype incompatible with float64, please explicitly cast to a compatible dtype first.
  df.at[row, col] = val
/home/vishalrao/FRA/em_fra_scripts/step_h_judge.py:373: FutureWarning: Setting an item of incompatible dtype is deprecated and will raise an error in a future version of pandas. Value 'REFUSAL' has dtype incompatible with float64, please explicitly cast to a compatible dtype first.
  df.at[row, col] = val
/home/vishalrao/FRA/em_fra_scripts/step_h_judge.py:373: FutureWarning: Setting an item of incompatible dtype is deprecated and will raise an error in a future version of pandas. Value 'REFUSAL' has dtype incompatible with float64, please explicitly cast to a compatible dtype first.
  df.at[row, col] = val
/home/vishalrao/FRA/em_fra_scripts/step_h_judge.py:373: FutureWarning: Setting an item of incompatible dtype is deprecated and will raise an error in a future version of pandas. Value 'REFUSAL' has dtype incompatible with float64, please explicitly cast to a compatible dtype first.
  df.at[row, col] = val
/home/vishalrao/FRA/em_fra_scripts/step_h_judge.py:373: FutureWarning: Setting an item of incompatible dtype is deprecated and will raise an error in a future version of pandas. Value 'REFUSAL' has dtype incompatible with float64, please explicitly cast to a compatible dtype first.
  df.at[row, col] = val
/home/vishalrao/FRA/em_fra_scripts/step_h_judge.py:373: FutureWarning: Setting an item of incompatible dtype is deprecated and will raise an error in a future version of pandas. Value 'REFUSAL' has dtype incompatible with float64, please explicitly cast to a compatible dtype first.
  df.at[row, col] = val
/home/vishalrao/FRA/em_fra_scripts/step_h_judge.py:373: FutureWarning: Setting an item of incompatible dtype is deprecated and will raise an error in a future version of pandas. Value 'REFUSAL' has dtype incompatible with float64, please explicitly cast to a compatible dtype first.
  df.at[row, col] = val
/home/vishalrao/FRA/em_fra_scripts/step_h_judge.py:373: FutureWarning: Setting an item of incompatible dtype is deprecated and will raise an error in a future version of pandas. Value 'REFUSAL' has dtype incompatible with float64, please explicitly cast to a compatible dtype first.
  df.at[row, col] = val
/home/vishalrao/FRA/em_fra_scripts/step_h_judge.py:373: FutureWarning: Setting an item of incompatible dtype is deprecated and will raise an error in a future version of pandas. Value 'REFUSAL' has dtype incompatible with float64, please explicitly cast to a compatible dtype first.
  df.at[row, col] = val
/home/vishalrao/FRA/em_fra_scripts/step_h_judge.py:373: FutureWarning: Setting an item of incompatible dtype is deprecated and will raise an error in a future version of pandas. Value 'REFUSAL' has dtype incompatible with float64, please explicitly cast to a compatible dtype first.
  df.at[row, col] = val
/home/vishalrao/FRA/em_fra_scripts/step_h_judge.py:373: FutureWarning: Setting an item of incompatible dtype is deprecated and will raise an error in a future version of pandas. Value 'REFUSAL' has dtype incompatible with float64, please explicitly cast to a compatible dtype first.
  df.at[row, col] = val
/home/vishalrao/FRA/em_fra_scripts/step_h_judge.py:373: FutureWarning: Setting an item of incompatible dtype is deprecated and will raise an error in a future version of pandas. Value 'REFUSAL' has dtype incompatible with float64, please explicitly cast to a compatible dtype first.
  df.at[row, col] = val
/home/vishalrao/FRA/em_fra_scripts/step_h_judge.py:373: FutureWarning: Setting an item of incompatible dtype is deprecated and will raise an error in a future version of pandas. Value 'REFUSAL' has dtype incompatible with float64, please explicitly cast to a compatible dtype first.
  df.at[row, col] = val
/home/vishalrao/FRA/em_fra_scripts/step_h_judge.py:373: FutureWarning: Setting an item of incompatible dtype is deprecated and will raise an error in a future version of pandas. Value 'REFUSAL' has dtype incompatible with float64, please explicitly cast to a compatible dtype first.
  df.at[row, col] = val
/home/vishalrao/FRA/em_fra_scripts/step_h_judge.py:373: FutureWarning: Setting an item of incompatible dtype is deprecated and will raise an error in a future version of pandas. Value 'REFUSAL' has dtype incompatible with float64, please explicitly cast to a compatible dtype first.
  df.at[row, col] = val
Discovered 36 sweep CSVs in /home/vishalrao/FRA/em_fra_scripts/outputs/step_h/sweep
[run] 2 chunks to process
[run] submit chunk 001 (3611 reqs, ~1,499,951 tok)
[run]   file=file-3miQvgrfqWRmpii16ppP8N batch=batch_69e47b1a931c8190bd5827e0d70e3b22 status=validating
[run]   chunk 001 status=validating done=0/0 failed=0
[run]   chunk 001 status=validating done=0/0 failed=0
[run]   chunk 001 status=in_progress done=0/3611 failed=0
[run]   chunk 001 status=in_progress done=0/3611 failed=0
[run]   chunk 001 status=in_progress done=0/3611 failed=0
[run]   chunk 001 status=in_progress done=42/3611 failed=0
[run]   chunk 001 status=in_progress done=88/3611 failed=0
[run]   chunk 001 status=in_progress done=442/3611 failed=0
[run]   chunk 001 status=in_progress done=864/3611 failed=0
[run]   chunk 001 status=in_progress done=1111/3611 failed=0
[run]   chunk 001 status=in_progress done=1309/3611 failed=0
[run]   chunk 001 status=in_progress done=1399/3611 failed=0
[run]   chunk 001 status=in_progress done=1653/3611 failed=0
[run]   chunk 001 status=in_progress done=1812/3611 failed=0
[run]   chunk 001 status=in_progress done=1960/3611 failed=0
[run]   chunk 001 status=in_progress done=2180/3611 failed=0
[run]   chunk 001 status=in_progress done=2536/3611 failed=0
[run]   chunk 001 status=in_progress done=2784/3611 failed=0
[run]   chunk 001 status=in_progress done=3202/3611 failed=0
[run]   chunk 001 status=in_progress done=3496/3611 failed=0
[run]   chunk 001 status=in_progress done=3581/3611 failed=0
[run]   chunk 001 status=finalizing done=3611/3611 failed=0
[run]   chunk 001 status=finalizing done=3611/3611 failed=0
[run]   chunk 001 status=finalizing done=3611/3611 failed=0
[run]   chunk 001 status=finalizing done=3611/3611 failed=0
[run]   chunk 001 status=finalizing done=3611/3611 failed=0
[run]   chunk 001 status=finalizing done=3611/3611 failed=0
[run]   chunk 001 status=finalizing done=3611/3611 failed=0
[run]   chunk 001 status=finalizing done=3611/3611 failed=0
[run]   chunk 001 status=finalizing done=3611/3611 failed=0
[run]   chunk 001 status=finalizing done=3611/3611 failed=0
[run]   chunk 001 status=finalizing done=3611/3611 failed=0
[run]   chunk 001 status=finalizing done=3611/3611 failed=0
[run]   chunk 001 status=finalizing done=3611/3611 failed=0
[run]   chunk 001 status=finalizing done=3611/3611 failed=0
[run]   chunk 001 status=finalizing done=3611/3611 failed=0
[run]   chunk 001 status=finalizing done=3611/3611 failed=0
[run]   chunk 001 status=finalizing done=3611/3611 failed=0
[run]   chunk 001 status=completed done=3611/3611 failed=0
[run]   applied 3611 cells across 23 CSVs (ok=3611 err=0) from chunk_001.jsonl
[run] submit chunk 002 (2149 reqs, ~1,016,317 tok)
[run]   file=file-Ldsan1geSrKDDkG2XgC9Xc batch=batch_69e47fa661308190a63455caf9d8aead status=validating
[run]   chunk 002 status=validating done=0/0 failed=0
[run]   chunk 002 status=in_progress done=0/2149 failed=0
[run]   chunk 002 status=in_progress done=102/2149 failed=0
[run]   chunk 002 status=in_progress done=348/2149 failed=0
[run]   chunk 002 status=in_progress done=877/2149 failed=0
[run]   chunk 002 status=in_progress done=1603/2149 failed=0
[run]   chunk 002 status=in_progress done=1867/2149 failed=0
[run]   chunk 002 status=in_progress done=1994/2149 failed=0
[run]   chunk 002 status=in_progress done=2148/2149 failed=0
[run]   chunk 002 status=in_progress done=2148/2149 failed=0
[run]   chunk 002 status=in_progress done=2148/2149 failed=0
[run]   chunk 002 status=in_progress done=2148/2149 failed=0
[run]   chunk 002 status=in_progress done=2148/2149 failed=0
[run]   chunk 002 status=in_progress done=2148/2149 failed=0
[run]   chunk 002 status=in_progress done=2148/2149 failed=0
[run]   chunk 002 status=in_progress done=2148/2149 failed=0
[run]   chunk 002 status=in_progress done=2148/2149 failed=0
[run]   chunk 002 status=in_progress done=2148/2149 failed=0
[run]   chunk 002 status=in_progress done=2148/2149 failed=0
[run]   chunk 002 status=in_progress done=2148/2149 failed=0
[run]   chunk 002 status=in_progress done=2148/2149 failed=0
[run]   chunk 002 status=in_progress done=2148/2149 failed=0
[run]   chunk 002 status=in_progress done=2148/2149 failed=0
[run]   chunk 002 status=in_progress done=2148/2149 failed=0
[run]   chunk 002 status=in_progress done=2148/2149 failed=0
[run]   chunk 002 status=in_progress done=2148/2149 failed=0
[run]   chunk 002 status=in_progress done=2148/2149 failed=0
[run]   chunk 002 status=in_progress done=2148/2149 failed=0
[run]   chunk 002 status=in_progress done=2148/2149 failed=0
[run]   chunk 002 status=in_progress done=2148/2149 failed=0
[run]   chunk 002 status=in_progress done=2148/2149 failed=0
[run]   chunk 002 status=in_progress done=2148/2149 failed=0
[run]   chunk 002 status=in_progress done=2148/2149 failed=0
[run]   chunk 002 status=in_progress done=2148/2149 failed=0
[run]   chunk 002 status=in_progress done=2148/2149 failed=0
[run]   chunk 002 status=finalizing done=2149/2149 failed=0
[run]   chunk 002 status=finalizing done=2149/2149 failed=0
[run]   chunk 002 status=finalizing done=2149/2149 failed=0
[run]   chunk 002 status=finalizing done=2149/2149 failed=0
[run]   chunk 002 status=finalizing done=2149/2149 failed=0
[run]   chunk 002 status=completed done=2149/2149 failed=0
[run]   applied 2149 cells across 14 CSVs (ok=2149 err=0) from chunk_002.jsonl
[run] all chunks applied
[summary] wrote /home/vishalrao/FRA/em_fra_scripts/outputs/step_h/judge_step_h_summary.csv (36 rows)

mean_aligned (pivot by direction × feature × alpha):
alpha                       0.5   1.0   2.0
direction feature n_pairs                  
neg       216     4        89.9  90.5  88.7
          3080    13       92.0  89.6  92.2
          3131    33       92.5  91.4  90.1
          4903    2        90.6  90.6  91.6
          16925   2        91.3  91.0  89.9
          17587   32       91.8  89.8  91.5
pos       216     4        94.6  95.0  94.5
          3080    13       94.4  94.7  94.4
          3131    33       94.9  94.5  94.5
          4903    2        94.6  94.7  94.8
          16925   2        94.6  94.5  94.6
          17587   32       94.5  94.0  94.5

em_strict_pct:
alpha                       0.5   1.0   2.0
direction feature n_pairs                  
neg       216     4         0.0   0.0   1.4
          3080    13        0.0   1.4   0.0
          3131    33        0.0   1.3   1.3
          4903    2         0.0   0.0   0.0
          16925   2         1.3   0.0   1.3
          17587   32        0.0   2.7   0.0
pos       216     4         0.0   0.0   0.0
          3080    13        0.0   0.0   0.0
          3131    33        0.0   0.0   0.0
          4903    2         0.0   0.0   0.0
          16925   2         0.0   0.0   0.0
          17587   32        0.0   0.0   0.0
