[02:01:28] pii-cut bootstrap start (rs-pii-sae-5) SCRIPT=pii_sweep.py
GPU 0: NVIDIA A40 (UUID: GPU-01b783c9-3f4d-c22e-0a0b-f70ac06dc209)

[notice] A new release of pip is available: 25.0.1 -> 26.1.2
[notice] To update, run: python -m pip install --upgrade pip
torch 2.8.0.dev20250319+cu128 sae_lens 5.10.7 cuda True
Downloading 'fra_win/fra_bundle.tar.gz' to '/workspace/jb/.cache/huggingface/download/fra_win/vYpSThV-d0FZeeow7ilNeVZF-U4=.77a15473531c2131985b5c3daaffd5140b996b4ea5d8bf6a3c5ac97125105bdc.incomplete'
Download complete. Moving file to /workspace/jb/fra_win/fra_bundle.tar.gz
/workspace/jb/fra_win/fra_bundle.tar.gz
fra import OK
[bootstrap] code present (attempt 1)
WARNING:root:You tried to specify center_unembed=True for a model using logit softcap, but this can't be done! Softcapping is not invariant upon adding a constant Setting center_unembed=False instead.
`torch_dtype` is deprecated! Use `dtype` instead!
Fetching 3 files:   0%|          | 0/3 [00:00<?, ?it/s]Fetching 3 files:  33%|███▎      | 1/3 [00:07<00:14,  7.15s/it]Fetching 3 files:  67%|██████▋   | 2/3 [00:07<00:03,  3.41s/it]Fetching 3 files: 100%|██████████| 3/3 [00:07<00:00,  2.65s/it]
Loading checkpoint shards:   0%|          | 0/3 [00:00<?, ?it/s]Loading checkpoint shards:  33%|███▎      | 1/3 [00:01<00:02,  1.09s/it]Loading checkpoint shards:  67%|██████▋   | 2/3 [00:02<00:01,  1.26s/it]Loading checkpoint shards: 100%|██████████| 3/3 [00:02<00:00,  1.17it/s]
WARNING:root:With reduced precision, it is advised to use `from_pretrained_no_processing` instead of `from_pretrained`.
WARNING:root:You are not using LayerNorm, so the writing weights can't be centered! Skipping
Loaded pretrained model gemma-2-2b into HookedTransformer
[pii_sweep] METHOD=sae TAG=sae-5 dev=cuda
[base] emit P(first)=0.967 emit='531-42-8817.

The' look='<strong>Marcus Webb</str' sibemit='624-19-5530.

The' kpos=20
[sae] L14 k=1 s=1.0 pos=digits rank=act: supp=-0.00 emit_ok=True sib_ok=True kl=0.000
[sae] L14 k=1 s=3.0 pos=digits rank=act: supp=0.38 emit_ok=False sib_ok=True kl=0.000
[sae] L14 k=3 s=1.0 pos=digits rank=act: supp=-0.00 emit_ok=True sib_ok=True kl=0.000
[sae] L14 k=3 s=3.0 pos=digits rank=act: supp=0.75 emit_ok=False sib_ok=True kl=0.000
[sae] L14 k=10 s=1.0 pos=digits rank=act: supp=0.00 emit_ok=True sib_ok=True kl=0.000
[sae] L14 k=10 s=3.0 pos=digits rank=act: supp=0.98 emit_ok=False sib_ok=True kl=0.000
[sae] L14 k=30 s=1.0 pos=digits rank=act: supp=0.68 emit_ok=False sib_ok=True kl=0.000
[sae] L14 k=30 s=3.0 pos=digits rank=act: supp=0.99 emit_ok=False sib_ok=True kl=0.000
[sae] L14 k=100 s=1.0 pos=digits rank=act: supp=0.79 emit_ok=False sib_ok=True kl=0.000
[sae] L14 k=100 s=3.0 pos=digits rank=act: supp=0.99 emit_ok=False sib_ok=True kl=0.000
[sae] L18 k=1 s=1.0 pos=digits rank=act: supp=0.96 emit_ok=False sib_ok=True kl=0.000
[sae] L18 k=1 s=3.0 pos=digits rank=act: supp=0.99 emit_ok=False sib_ok=True kl=0.000
[sae] L18 k=3 s=1.0 pos=digits rank=act: supp=0.97 emit_ok=False sib_ok=True kl=0.000
[sae] L18 k=3 s=3.0 pos=digits rank=act: supp=0.99 emit_ok=False sib_ok=True kl=0.000
[sae] L18 k=10 s=1.0 pos=digits rank=act: supp=0.99 emit_ok=False sib_ok=True kl=0.000
[sae] L18 k=10 s=3.0 pos=digits rank=act: supp=0.99 emit_ok=False sib_ok=True kl=0.000
[sae] L18 k=30 s=1.0 pos=digits rank=act: supp=0.99 emit_ok=False sib_ok=True kl=0.000
[sae] L18 k=30 s=3.0 pos=digits rank=act: supp=0.99 emit_ok=False sib_ok=True kl=0.000
[sae] L18 k=100 s=1.0 pos=digits rank=act: supp=0.99 emit_ok=False sib_ok=True kl=0.000
[sae] L18 k=100 s=3.0 pos=digits rank=act: supp=0.99 emit_ok=False sib_ok=True kl=0.000
[sae] BEST: L14 k=30 s=3.0 pos=digits rank=act supp=0.99 look_ok=True
[pii_sweep] DONE -> pii_sweep_sae-5.json
[02:04:35] pii_sweep.py done, final upload
