[01:48:21] pii-cut bootstrap start (rs-pii-sae-3) SCRIPT=pii_sweep.py
GPU 0: NVIDIA A40 (UUID: GPU-8fd3a56e-dc57-16a6-4e9c-54a3e924c373)

[notice] A new release of pip is available: 25.0.1 -> 26.1.2
[notice] To update, run: python -m pip install --upgrade pip
torch 2.8.0.dev20250319+cu128 sae_lens 5.10.7 cuda True
Downloading 'fra_win/fra_bundle.tar.gz' to '/workspace/jb/.cache/huggingface/download/fra_win/vYpSThV-d0FZeeow7ilNeVZF-U4=.77a15473531c2131985b5c3daaffd5140b996b4ea5d8bf6a3c5ac97125105bdc.incomplete'
Download complete. Moving file to /workspace/jb/fra_win/fra_bundle.tar.gz
/workspace/jb/fra_win/fra_bundle.tar.gz
fra import OK
[bootstrap] code present (attempt 1)
WARNING:root:You tried to specify center_unembed=True for a model using logit softcap, but this can't be done! Softcapping is not invariant upon adding a constant Setting center_unembed=False instead.
`torch_dtype` is deprecated! Use `dtype` instead!
Fetching 3 files:   0%|          | 0/3 [00:00<?, ?it/s]Fetching 3 files:  33%|███▎      | 1/3 [00:08<00:17,  8.82s/it]Fetching 3 files: 100%|██████████| 3/3 [00:08<00:00,  2.94s/it]
Loading checkpoint shards:   0%|          | 0/3 [00:00<?, ?it/s]Loading checkpoint shards:  33%|███▎      | 1/3 [00:01<00:02,  1.01s/it]Loading checkpoint shards:  67%|██████▋   | 2/3 [00:02<00:01,  1.23s/it]Loading checkpoint shards: 100%|██████████| 3/3 [00:02<00:00,  1.23it/s]
WARNING:root:With reduced precision, it is advised to use `from_pretrained_no_processing` instead of `from_pretrained`.
WARNING:root:You are not using LayerNorm, so the writing weights can't be centered! Skipping
Loaded pretrained model gemma-2-2b into HookedTransformer
[pii_sweep] METHOD=sae TAG=sae-3 dev=cuda
[base] emit P(first)=0.967 emit='531-42-8817.

The' look='<strong>Marcus Webb</str' sibemit='624-19-5530.

The' kpos=20
[sae] L14 k=1 s=1.0 pos=digits rank=act: supp=-0.00 emit_ok=True sib_ok=True kl=0.000
[sae] L14 k=1 s=3.0 pos=digits rank=act: supp=0.38 emit_ok=False sib_ok=False kl=0.000
[sae] L14 k=3 s=1.0 pos=digits rank=act: supp=-0.00 emit_ok=True sib_ok=True kl=0.000
[sae] L14 k=3 s=3.0 pos=digits rank=act: supp=0.75 emit_ok=False sib_ok=False kl=0.000
[sae] L14 k=10 s=1.0 pos=digits rank=act: supp=0.00 emit_ok=True sib_ok=True kl=0.000
[sae] L14 k=10 s=3.0 pos=digits rank=act: supp=0.98 emit_ok=False sib_ok=False kl=0.000
[sae] L14 k=30 s=1.0 pos=digits rank=act: supp=0.68 emit_ok=False sib_ok=False kl=0.000
[sae] L14 k=30 s=3.0 pos=digits rank=act: supp=0.99 emit_ok=False sib_ok=False kl=0.000
[sae] L14 k=100 s=1.0 pos=digits rank=act: supp=0.79 emit_ok=False sib_ok=False kl=0.000
[sae] L14 k=100 s=3.0 pos=digits rank=act: supp=0.99 emit_ok=False sib_ok=False kl=0.000
[sae] L18 k=1 s=1.0 pos=digits rank=act: supp=0.96 emit_ok=False sib_ok=False kl=0.000
[sae] L18 k=1 s=3.0 pos=digits rank=act: supp=0.99 emit_ok=False sib_ok=False kl=0.000
[sae] L18 k=3 s=1.0 pos=digits rank=act: supp=0.97 emit_ok=False sib_ok=False kl=0.000
[sae] L18 k=3 s=3.0 pos=digits rank=act: supp=0.99 emit_ok=False sib_ok=False kl=0.000
[sae] L18 k=10 s=1.0 pos=digits rank=act: supp=0.99 emit_ok=False sib_ok=False kl=0.000
[sae] L18 k=10 s=3.0 pos=digits rank=act: supp=0.99 emit_ok=False sib_ok=False kl=0.000
[sae] L18 k=30 s=1.0 pos=digits rank=act: supp=0.99 emit_ok=False sib_ok=False kl=0.000
[sae] L18 k=30 s=3.0 pos=digits rank=act: supp=0.99 emit_ok=False sib_ok=False kl=0.000
[sae] L18 k=100 s=1.0 pos=digits rank=act: supp=0.99 emit_ok=False sib_ok=False kl=0.000
[sae] L18 k=100 s=3.0 pos=digits rank=act: supp=0.99 emit_ok=False sib_ok=False kl=0.000
[sae] L20 k=1 s=1.0 pos=digits rank=act: supp=-0.00 emit_ok=True sib_ok=True kl=0.000
[sae] L20 k=1 s=3.0 pos=digits rank=act: supp=-0.00 emit_ok=True sib_ok=True kl=0.000
[sae] L20 k=3 s=1.0 pos=digits rank=act: supp=0.00 emit_ok=True sib_ok=True kl=0.000
[sae] L20 k=3 s=3.0 pos=digits rank=act: supp=0.00 emit_ok=True sib_ok=True kl=0.000
[sae] L20 k=10 s=1.0 pos=digits rank=act: supp=0.00 emit_ok=True sib_ok=True kl=0.000
[sae] L20 k=10 s=3.0 pos=digits rank=act: supp=0.00 emit_ok=True sib_ok=True kl=0.000
[sae] L20 k=30 s=1.0 pos=digits rank=act: supp=0.00 emit_ok=True sib_ok=True kl=0.000
[sae] L20 k=30 s=3.0 pos=digits rank=act: supp=0.00 emit_ok=True sib_ok=True kl=0.000
[sae] L20 k=100 s=1.0 pos=digits rank=act: supp=0.00 emit_ok=True sib_ok=True kl=0.000
[sae] L20 k=100 s=3.0 pos=digits rank=act: supp=0.00 emit_ok=True sib_ok=True kl=0.000
[sae] BEST: L14 k=30 s=3.0 pos=digits rank=act supp=0.99 look_ok=True
Traceback (most recent call last):
  File "/workspace/fra_pii/code/pii_sweep.py", line 321, in <module>
    main()
  File "/workspace/fra_pii/code/pii_sweep.py", line 303, in main
    results.append(dict(kind="sae_best", look_ok=look_ok, **best))
                   ^^^^^^^^^^^^^^^^^^^^^^^^^^^^^^^^^^^^^^^^^^^^^^
TypeError: dict() got multiple values for keyword argument 'kind'
Traceback (most recent call last):
  File "/workspace/fra_pii/code/pii_sweep.py", line 321, in <module>
    main()
  File "/workspace/fra_pii/code/pii_sweep.py", line 303, in main
    results.append(dict(kind="sae_best", look_ok=look_ok, **best))
                   ^^^^^^^^^^^^^^^^^^^^^^^^^^^^^^^^^^^^^^^^^^^^^^
TypeError: dict() got multiple values for keyword argument 'kind'
[run] rc=1
