[01:34:54] pii-cut bootstrap start (rs-pii-saesw) SCRIPT=pii_sweep.py
GPU 0: NVIDIA A40 (UUID: GPU-11697050-2b9e-d2e5-ff9d-ee17e0127fbf)

[notice] A new release of pip is available: 25.0.1 -> 26.1.2
[notice] To update, run: python -m pip install --upgrade pip
torch 2.8.0.dev20250319+cu128 sae_lens 5.10.7 cuda True
Downloading 'fra_win/fra_bundle.tar.gz' to '/workspace/jb/.cache/huggingface/download/fra_win/vYpSThV-d0FZeeow7ilNeVZF-U4=.77a15473531c2131985b5c3daaffd5140b996b4ea5d8bf6a3c5ac97125105bdc.incomplete'
Download complete. Moving file to /workspace/jb/fra_win/fra_bundle.tar.gz
/workspace/jb/fra_win/fra_bundle.tar.gz
fra import OK
[bootstrap] code present (attempt 1)
WARNING:root:You tried to specify center_unembed=True for a model using logit softcap, but this can't be done! Softcapping is not invariant upon adding a constant Setting center_unembed=False instead.
`torch_dtype` is deprecated! Use `dtype` instead!
Fetching 3 files:   0%|          | 0/3 [00:00<?, ?it/s]Fetching 3 files:  33%|███▎      | 1/3 [00:14<00:28, 14.10s/it]Fetching 3 files: 100%|██████████| 3/3 [00:14<00:00,  4.73s/it]
Loading checkpoint shards:   0%|          | 0/3 [00:00<?, ?it/s]Loading checkpoint shards:  33%|███▎      | 1/3 [00:01<00:02,  1.15s/it]Loading checkpoint shards:  67%|██████▋   | 2/3 [00:02<00:01,  1.36s/it]Loading checkpoint shards: 100%|██████████| 3/3 [00:02<00:00,  1.19it/s]Loading checkpoint shards: 100%|██████████| 3/3 [00:02<00:00,  1.04it/s]
WARNING:root:With reduced precision, it is advised to use `from_pretrained_no_processing` instead of `from_pretrained`.
WARNING:root:You are not using LayerNorm, so the writing weights can't be centered! Skipping
Loaded pretrained model gemma-2-2b into HookedTransformer
[pii_sweep] METHOD=sae TAG=sae dev=cuda
[base] emit P(first)=0.967 emit='531-42-8817.

The' look='<strong>Marcus Webb</str' sibemit='624-19-5530.

The' kpos=20
Traceback (most recent call last):
  File "/workspace/fra_pii/code/pii_sweep.py", line 275, in <module>
    main()
  File "/workspace/fra_pii/code/pii_sweep.py", line 256, in main
    f"look_ok={m['look_ok']} sib_ok={m['sib_ok']} kl={m['gen_kl']:.3f}", flush=True)
               ~^^^^^^^^^^^
KeyError: 'look_ok'
Traceback (most recent call last):
  File "/workspace/fra_pii/code/pii_sweep.py", line 275, in <module>
    main()
  File "/workspace/fra_pii/code/pii_sweep.py", line 256, in main
    f"look_ok={m['look_ok']} sib_ok={m['sib_ok']} kl={m['gen_kl']:.3f}", flush=True)
               ~^^^^^^^^^^^
KeyError: 'look_ok'
[run] rc=1
