[02:06:36] pii-cut bootstrap start (rs-pii-fra-4) SCRIPT=pii_sweep_fra4.py
GPU 0: NVIDIA A40 (UUID: GPU-5f0b82d0-9606-4b70-ae50-a8710a553ae9)

[notice] A new release of pip is available: 25.0.1 -> 26.1.2
[notice] To update, run: python -m pip install --upgrade pip
torch 2.8.0.dev20250319+cu128 sae_lens 5.10.7 cuda True
Downloading 'fra_win/fra_bundle.tar.gz' to '/workspace/jb/.cache/huggingface/download/fra_win/vYpSThV-d0FZeeow7ilNeVZF-U4=.77a15473531c2131985b5c3daaffd5140b996b4ea5d8bf6a3c5ac97125105bdc.incomplete'
Download complete. Moving file to /workspace/jb/fra_win/fra_bundle.tar.gz
/workspace/jb/fra_win/fra_bundle.tar.gz
fra import OK
[bootstrap] code present (attempt 1)
WARNING:root:You tried to specify center_unembed=True for a model using logit softcap, but this can't be done! Softcapping is not invariant upon adding a constant Setting center_unembed=False instead.
`torch_dtype` is deprecated! Use `dtype` instead!
Fetching 3 files:   0%|          | 0/3 [00:00<?, ?it/s]Fetching 3 files:  33%|███▎      | 1/3 [00:09<00:19,  9.61s/it]Fetching 3 files: 100%|██████████| 3/3 [00:09<00:00,  3.20s/it]
Loading checkpoint shards:   0%|          | 0/3 [00:00<?, ?it/s]Loading checkpoint shards:  33%|███▎      | 1/3 [00:01<00:02,  1.21s/it]Loading checkpoint shards:  67%|██████▋   | 2/3 [00:03<00:01,  1.59s/it]Loading checkpoint shards: 100%|██████████| 3/3 [00:03<00:00,  1.04s/it]
WARNING:root:With reduced precision, it is advised to use `from_pretrained_no_processing` instead of `from_pretrained`.
WARNING:root:You are not using LayerNorm, so the writing weights can't be centered! Skipping
Loaded pretrained model gemma-2-2b into HookedTransformer
[base] emit P(first)=0.967 emit='531-42-8817.

The' look='<strong>Marcus Webb</str' sibemit='624-19-5530.

The' kpos=20 sq=136
[setup] look_kpos_digit=[20, 21, 22, 23, 24, 25, 26, 27, 28, 29, 30] (should mirror digit_kpositions via shared db_text prefix)
[oracle-allpos] emit_supp=0.970 emit_ok=False look_ok=False sib_ok=True kl=0.000
[fra4] FRA built: te has 5900788 nonzero cells across 8 heads
[fra4] M=100(800 pairs),c=8: supp=0.62 emit_ok=True look_ok=True sib_ok=True kl=0.005 cells_touched=74528
[fra4] M=100(800 pairs),c=20: supp=0.63 emit_ok=True look_ok=True sib_ok=True kl=0.005 cells_touched=74528
[fra4] M=100(800 pairs),c=45: supp=0.63 emit_ok=True look_ok=True sib_ok=True kl=0.005 cells_touched=74528
[fra4] M=500(3619 pairs),c=8: supp=0.62 emit_ok=True look_ok=True sib_ok=True kl=0.005 cells_touched=74528
[fra4] M=500(3619 pairs),c=20: supp=0.62 emit_ok=True look_ok=True sib_ok=True kl=0.005 cells_touched=74528
[fra4] M=500(3619 pairs),c=45: supp=0.62 emit_ok=True look_ok=True sib_ok=True kl=0.005 cells_touched=74528
[fra4] M=2000(13226 pairs),c=8: supp=0.63 emit_ok=True look_ok=True sib_ok=True kl=0.005 cells_touched=74528
[fra4] M=2000(13226 pairs),c=20: supp=0.64 emit_ok=True look_ok=True sib_ok=True kl=0.005 cells_touched=74528
[fra4] M=2000(13226 pairs),c=45: supp=0.64 emit_ok=True look_ok=True sib_ok=True kl=0.005 cells_touched=74528
[fra4] M=ALL(41446 pairs),c=8: supp=0.63 emit_ok=True look_ok=True sib_ok=True kl=0.005 cells_touched=74528
[fra4] M=ALL(41446 pairs),c=20: supp=0.64 emit_ok=True look_ok=True sib_ok=True kl=0.005 cells_touched=74528
[fra4] M=ALL(41446 pairs),c=45: supp=0.65 emit_ok=True look_ok=True sib_ok=True kl=0.005 cells_touched=74528
[pii_sweep_fra4] DONE -> pii_sweep_fra4-allpos.json
[02:15:09] pii_sweep_fra4.py done, final upload
