[10:33:30] pii-cut bootstrap (rs-pii-cut5) SCRIPT=pii_cut.py
GPU 0: NVIDIA RTX A6000 (UUID: GPU-3f717411-18ad-a0fb-bf42-5bca6f5c602c)

[notice] A new release of pip is available: 25.0.1 -> 26.1.2
[notice] To update, run: python -m pip install --upgrade pip
torch 2.8.0.dev20250319+cu128 sae_lens 5.10.7 cuda True
Downloading 'fra_win/fra_bundle.tar.gz' to '/workspace/jb/.cache/huggingface/download/fra_win/vYpSThV-d0FZeeow7ilNeVZF-U4=.77a15473531c2131985b5c3daaffd5140b996b4ea5d8bf6a3c5ac97125105bdc.incomplete'
Download complete. Moving file to /workspace/jb/fra_win/fra_bundle.tar.gz
/workspace/jb/fra_win/fra_bundle.tar.gz
fra import OK
[10:34:48] running pii_cut.py
WARNING:root:You tried to specify center_unembed=True for a model using logit softcap, but this can't be done! Softcapping is not invariant upon adding a constant Setting center_unembed=False instead.
`torch_dtype` is deprecated! Use `dtype` instead!
Fetching 3 files:   0%|          | 0/3 [00:00<?, ?it/s]Fetching 3 files:  33%|███▎      | 1/3 [00:47<01:35, 47.51s/it]Fetching 3 files: 100%|██████████| 3/3 [00:47<00:00, 15.84s/it]
Loading checkpoint shards:   0%|          | 0/3 [00:00<?, ?it/s]Loading checkpoint shards:  33%|███▎      | 1/3 [00:01<00:02,  1.31s/it]Loading checkpoint shards:  67%|██████▋   | 2/3 [00:02<00:01,  1.49s/it]Loading checkpoint shards: 100%|██████████| 3/3 [00:03<00:00,  1.01s/it]
WARNING:root:With reduced precision, it is advised to use `from_pretrained_no_processing` instead of `from_pretrained`.
WARNING:root:You are not using LayerNorm, so the writing weights can't be centered! Skipping
Loaded pretrained model gemma-2-2b into HookedTransformer
[pii_cut] N_DB=8 R=5 dev=cuda
[locate] emit heads (answer->target-ssn-digit attn): [('L18H6', 0.751), ('L15H0', 0.331), ('L17H4', 0.163), ('L21H5', 0.115), ('L16H7', 0.054), ('L22H4', 0.035)]
  db0: baseP=0.96 | FRA emit_ok=True look_ok=True | ABL emit_ok=False look_ok=True | OSUP emit_ok=False look_ok=False
  db1: baseP=0.97 | FRA emit_ok=True look_ok=True | ABL emit_ok=False look_ok=False | OSUP emit_ok=False look_ok=False
  db2: baseP=0.95 | FRA emit_ok=True look_ok=True | ABL emit_ok=False look_ok=True | OSUP emit_ok=False look_ok=False
  db3: baseP=0.86 | FRA emit_ok=True look_ok=True | ABL emit_ok=False look_ok=True | OSUP emit_ok=False look_ok=False
  db4: baseP=0.97 | FRA emit_ok=True look_ok=True | ABL emit_ok=False look_ok=False | OSUP emit_ok=False look_ok=False
  db5: baseP=0.96 | FRA emit_ok=True look_ok=True | ABL emit_ok=False look_ok=True | OSUP emit_ok=False look_ok=False
  db6: baseP=0.97 | FRA emit_ok=True look_ok=True | ABL emit_ok=False look_ok=True | OSUP emit_ok=False look_ok=False
  db7: baseP=0.98 | FRA emit_ok=True look_ok=True | ABL emit_ok=False look_ok=True | OSUP emit_ok=False look_ok=False

=== PII cut: disarm-emit / preserve-use (gemma-2-2b, n=8) ===
method            emit-removed   lookup-preserved   (matched ~80% emit removal)
  FRA emit-cell cut           0.00           1.00
  content-ablation            1.00           0.75
  output logit-suppress       1.00           0.00

WIN = FRA is the only row with emit-removed HIGH and lookup-preserved HIGH.
[pii_cut] wrote /workspace/out/pii_cut_results.json
[11:09:18] pii_cut.py done
