[01:45:48] pii-cut bootstrap start (rs-pii-fra-2) SCRIPT=pii_sweep_fra2.py
GPU 0: NVIDIA A40 (UUID: GPU-8185f0a7-6fb9-f1e8-dbdd-4ae8e4a28ec1)

[notice] A new release of pip is available: 25.0.1 -> 26.1.2
[notice] To update, run: python -m pip install --upgrade pip
torch 2.8.0.dev20250319+cu128 sae_lens 5.10.7 cuda True
Downloading 'fra_win/fra_bundle.tar.gz' to '/workspace/jb/.cache/huggingface/download/fra_win/vYpSThV-d0FZeeow7ilNeVZF-U4=.77a15473531c2131985b5c3daaffd5140b996b4ea5d8bf6a3c5ac97125105bdc.incomplete'
Download complete. Moving file to /workspace/jb/fra_win/fra_bundle.tar.gz
/workspace/jb/fra_win/fra_bundle.tar.gz
fra import OK
[bootstrap] code present (attempt 1)
WARNING:root:You tried to specify center_unembed=True for a model using logit softcap, but this can't be done! Softcapping is not invariant upon adding a constant Setting center_unembed=False instead.
`torch_dtype` is deprecated! Use `dtype` instead!
Fetching 3 files:   0%|          | 0/3 [00:00<?, ?it/s]Fetching 3 files:  33%|███▎      | 1/3 [00:07<00:15,  7.84s/it]Fetching 3 files:  67%|██████▋   | 2/3 [00:09<00:04,  4.00s/it]Fetching 3 files: 100%|██████████| 3/3 [00:09<00:00,  3.05s/it]
Loading checkpoint shards:   0%|          | 0/3 [00:00<?, ?it/s]Loading checkpoint shards:  33%|███▎      | 1/3 [00:01<00:02,  1.19s/it]Loading checkpoint shards:  67%|██████▋   | 2/3 [00:02<00:01,  1.44s/it]Loading checkpoint shards: 100%|██████████| 3/3 [00:02<00:00,  1.04it/s]
WARNING:root:With reduced precision, it is advised to use `from_pretrained_no_processing` instead of `from_pretrained`.
WARNING:root:You are not using LayerNorm, so the writing weights can't be centered! Skipping
Loaded pretrained model gemma-2-2b into HookedTransformer
[base] emit P(first)=0.967 emit='531-42-8817.

The' look='<strong>Marcus Webb</str' sibemit='624-19-5530.

The' kpos=20 sq=136
[keydefs] digit=[20, 21, 22, 23, 24, 25, 26, 27, 28, 29, 30] name=[11, 12] brace=[41]
[scanA] keydef=digit top8 single-head drops: [('L18H6', 0.0093), ('L17H3', 0.0022), ('L15H0', 0.002), ('L22H3', 0.0019), ('L12H2', 0.0007), ('L14H5', 0.0006), ('L10H5', 0.0005), ('L20H7', 0.0005)]
[scanA] keydef=name top8 single-head drops: [('L6H7', 0.0002), ('L1H4', 0.0002), ('L5H4', 0.0002), ('L5H2', 0.0002), ('L3H6', 0.0002), ('L1H0', 0.0002), ('L24H2', 0.0002), ('L25H0', 0.0002)]
[scanA] keydef=brace top8 single-head drops: [('L15H4', 0.0003), ('L11H5', 0.0002), ('L6H0', 0.0002), ('L25H4', 0.0002), ('L22H2', 0.0002), ('L9H0', 0.0002), ('L10H1', 0.0002), ('L18H1', 0.0002)]
[scanA] ORACLE ceiling keydef=digit top6: emit_p=0.907 supp=0.062
[scanA] ORACLE ceiling keydef=digit top12: emit_p=0.845 supp=0.126
[scanA] ORACLE ceiling keydef=name top6: emit_p=0.967 supp=0.000
[scanA] ORACLE ceiling keydef=name top12: emit_p=0.967 supp=0.000
[scanA] ORACLE ceiling keydef=brace top6: emit_p=0.967 supp=0.000
[scanA] ORACLE ceiling keydef=brace top12: emit_p=0.967 supp=0.000
[scanA] BEST keydef=digit supp=0.126 heads=['L18H6', 'L17H3', 'L15H0', 'L22H3', 'L12H2', 'L14H5', 'L10H5', 'L20H7', 'L16H4', 'L23H2', 'L10H4', 'L23H6']
[scanC] loading SAE for layers [10, 12, 14, 15, 17, 18, 20, 22]
[fra2] kd=digit,M=50,c=8: supp=0.13 emit_ok=True sib_ok=False kl=0.000
[fra2] kd=digit,M=50,c=20: supp=0.13 emit_ok=True sib_ok=False kl=0.000
[fra2] kd=digit,M=50,c=45: supp=0.13 emit_ok=True sib_ok=False kl=0.000
[fra2] kd=digit,M=50,c=90: supp=0.13 emit_ok=True sib_ok=False kl=0.000
[fra2] kd=digit,M=200,c=8: supp=0.13 emit_ok=True sib_ok=False kl=0.000
[fra2] kd=digit,M=200,c=20: supp=0.13 emit_ok=True sib_ok=False kl=0.000
[fra2] kd=digit,M=200,c=45: supp=0.13 emit_ok=True sib_ok=False kl=0.000
[fra2] kd=digit,M=200,c=90: supp=0.13 emit_ok=True sib_ok=False kl=0.000
[fra2] kd=digit,M=1000,c=8: supp=0.12 emit_ok=True sib_ok=False kl=0.000
[fra2] kd=digit,M=1000,c=20: supp=0.13 emit_ok=True sib_ok=False kl=0.000
[fra2] kd=digit,M=1000,c=45: supp=0.13 emit_ok=True sib_ok=False kl=0.000
[fra2] kd=digit,M=1000,c=90: supp=0.13 emit_ok=True sib_ok=False kl=0.000
[fra2] kd=digit,M=ALL,c=8: supp=0.12 emit_ok=True sib_ok=False kl=0.000
[fra2] kd=digit,M=ALL,c=20: supp=0.13 emit_ok=True sib_ok=False kl=0.000
[fra2] kd=digit,M=ALL,c=45: supp=0.13 emit_ok=True sib_ok=False kl=0.000
[fra2] kd=digit,M=ALL,c=90: supp=0.13 emit_ok=True sib_ok=False kl=0.000
[fra2] BEST operating point: {'kind': 'fra2', 'keydef': 'digit', 'heads': ['L18H6', 'L17H3', 'L15H0', 'L22H3', 'L12H2', 'L14H5', 'L10H5', 'L20H7'], 'M': 200, 'c': 20, 'emit_p': 0.8367884159088135, 'emit_supp': 0.13459285522443387, 'emit_ok': True, 'sib_ok': False, 'gen_kl': 0.0, 'look_ok': True}
[pii_sweep_fra2] DONE -> pii_sweep_fra2-scan.json
[01:52:50] pii_sweep_fra2.py done, final upload
