[03:16:45] pii-cut bootstrap start (rs-pii-fra-5) SCRIPT=pii_sweep_fra5.py
GPU 0: NVIDIA A40 (UUID: GPU-27ae90fe-03cd-2e75-1bbd-4fa96342d5eb)

[notice] A new release of pip is available: 25.0.1 -> 26.1.2
[notice] To update, run: python -m pip install --upgrade pip
torch 2.8.0.dev20250319+cu128 sae_lens 5.10.7 cuda True
Downloading 'fra_win/fra_bundle.tar.gz' to '/workspace/jb/.cache/huggingface/download/fra_win/vYpSThV-d0FZeeow7ilNeVZF-U4=.77a15473531c2131985b5c3daaffd5140b996b4ea5d8bf6a3c5ac97125105bdc.incomplete'
Download complete. Moving file to /workspace/jb/fra_win/fra_bundle.tar.gz
/workspace/jb/fra_win/fra_bundle.tar.gz
fra import OK
[bootstrap] code present (attempt 1)
WARNING:root:You tried to specify center_unembed=True for a model using logit softcap, but this can't be done! Softcapping is not invariant upon adding a constant Setting center_unembed=False instead.
`torch_dtype` is deprecated! Use `dtype` instead!
Fetching 3 files:   0%|          | 0/3 [00:00<?, ?it/s]Fetching 3 files:  33%|███▎      | 1/3 [00:08<00:17,  8.86s/it]Fetching 3 files:  67%|██████▋   | 2/3 [00:09<00:03,  3.99s/it]Fetching 3 files: 100%|██████████| 3/3 [00:09<00:00,  3.14s/it]
Loading checkpoint shards:   0%|          | 0/3 [00:00<?, ?it/s]Loading checkpoint shards:  33%|███▎      | 1/3 [00:01<00:02,  1.19s/it]Loading checkpoint shards:  67%|██████▋   | 2/3 [00:02<00:01,  1.37s/it]Loading checkpoint shards: 100%|██████████| 3/3 [00:02<00:00,  1.10it/s]
WARNING:root:With reduced precision, it is advised to use `from_pretrained_no_processing` instead of `from_pretrained`.
WARNING:root:You are not using LayerNorm, so the writing weights can't be centered! Skipping
Loaded pretrained model gemma-2-2b into HookedTransformer
[base] emit P(first)=0.967 look='<strong>Marcus Webb</str' sibemit='624-19-5530.

The'
[svd] L18H6: coupling shape=(97, 26) top singular values=[4542.469, 257.492, 203.424, 133.538, 63.978, 34.712] cumvar@r=1,2,4,8=[0.994, 0.997, 1.0, 1.0]
[svd] L17H3: coupling shape=(88, 25) top singular values=[8257.103, 322.398, 64.687, 20.967, 5.129, 3.371] cumvar@r=1,2,4,8=[0.998, 1.0, 1.0, 1.0]
[svd] L15H0: coupling shape=(119, 32) top singular values=[2701.568, 712.372, 407.074, 54.727, 24.101, 16.412] cumvar@r=1,2,4,8=[0.915, 0.979, 1.0, 1.0]
[svd] L22H3: coupling shape=(17, 7) top singular values=[1629.915, 209.217, 157.561, 102.195, 25.795, 11.386] cumvar@r=1,2,4,8=[0.971, 0.987, 1.0, 1.0]
[svd] L12H2: coupling shape=(173, 49) top singular values=[14160.109, 2231.626, 718.679, 165.281, 139.272, 40.785] cumvar@r=1,2,4,8=[0.973, 0.997, 1.0, 1.0]
[svd] L14H5: coupling shape=(143, 38) top singular values=[12302.279, 1220.928, 546.78, 140.393, 106.546, 34.937] cumvar@r=1,2,4,8=[0.988, 0.998, 1.0, 1.0]
[svd] L10H5: coupling shape=(322, 57) top singular values=[8268.386, 464.715, 419.142, 325.104, 276.075, 95.461] cumvar@r=1,2,4,8=[0.991, 0.994, 0.998, 1.0]
[svd] L20H7: coupling shape=(62, 18) top singular values=[2796.512, 305.235, 218.019, 164.278, 81.764, 14.067] cumvar@r=1,2,4,8=[0.978, 0.99, 0.999, 1.0]
[fra5] r=1 c=20: supp=0.829 emit_ok=True look_ok=True sib_ok=True kl=0.0579
[fra5] r=2 c=20: supp=0.842 emit_ok=True look_ok=True sib_ok=True kl=0.0579
[fra5] r=4 c=20: supp=0.653 emit_ok=True look_ok=True sib_ok=False kl=0.0579
Traceback (most recent call last):
  File "/workspace/fra_pii/code/pii_sweep_fra5.py", line 214, in <module>
    m = metrics(modes, C_MAIN)
        ^^^^^^^^^^^^^^^^^^^^^^
  File "/workspace/fra_pii/code/pii_sweep_fra5.py", line 191, in metrics
    byL_te = hooks_for(FE_te, modes, sq); byL_tl = hooks_for(FE_tl, modes, sq_tl); byL_tsib = hooks_for(FE_tsib, modes, sq_tsib)
             ^^^^^^^^^^^^^^^^^^^^^^^^^^^
  File "/workspace/fra_pii/code/pii_sweep_fra5.py", line 186, in hooks_for
    dd = rankr_delta(svdres, FE_ctx[L], modes, sqx)
         ^^^^^^^^^^^^^^^^^^^^^^^^^^^^^^^^^^^^^^^^^^
  File "/workspace/fra_pii/code/pii_sweep_fra5.py", line 176, in rankr_delta
    U = svdres["U"][:, modes]; S = svdres["S"][modes]; Vt = svdres["Vt"][modes, :]
        ~~~~~~~~~~~^^^^^^^^^^
IndexError: index 7 is out of bounds for axis 1 with size 7
[run] rc=1
