[01:34:52] pii-cut bootstrap start (rs-pii-frasw) SCRIPT=pii_sweep.py
GPU 0: NVIDIA A40 (UUID: GPU-f91dfceb-3f77-ad07-90a1-e8c3597d3352)

[notice] A new release of pip is available: 25.0.1 -> 26.1.2
[notice] To update, run: python -m pip install --upgrade pip
torch 2.8.0.dev20250319+cu128 sae_lens 5.10.7 cuda True
Downloading 'fra_win/fra_bundle.tar.gz' to '/workspace/jb/.cache/huggingface/download/fra_win/vYpSThV-d0FZeeow7ilNeVZF-U4=.77a15473531c2131985b5c3daaffd5140b996b4ea5d8bf6a3c5ac97125105bdc.incomplete'
Download complete. Moving file to /workspace/jb/fra_win/fra_bundle.tar.gz
/workspace/jb/fra_win/fra_bundle.tar.gz
fra import OK
[bootstrap] code present (attempt 1)
WARNING:root:You tried to specify center_unembed=True for a model using logit softcap, but this can't be done! Softcapping is not invariant upon adding a constant Setting center_unembed=False instead.
`torch_dtype` is deprecated! Use `dtype` instead!
Fetching 3 files:   0%|          | 0/3 [00:00<?, ?it/s]Fetching 3 files:  33%|███▎      | 1/3 [00:11<00:23, 11.51s/it]Fetching 3 files:  67%|██████▋   | 2/3 [00:13<00:05,  5.62s/it]Fetching 3 files: 100%|██████████| 3/3 [00:13<00:00,  4.34s/it]
Loading checkpoint shards:   0%|          | 0/3 [00:00<?, ?it/s]Loading checkpoint shards:  33%|███▎      | 1/3 [00:02<00:05,  2.68s/it]Loading checkpoint shards:  67%|██████▋   | 2/3 [00:06<00:03,  3.11s/it]Loading checkpoint shards: 100%|██████████| 3/3 [00:06<00:00,  1.75s/it]Loading checkpoint shards: 100%|██████████| 3/3 [00:06<00:00,  2.07s/it]
WARNING:root:With reduced precision, it is advised to use `from_pretrained_no_processing` instead of `from_pretrained`.
WARNING:root:You are not using LayerNorm, so the writing weights can't be centered! Skipping
Loaded pretrained model gemma-2-2b into HookedTransformer
[pii_sweep] METHOD=fra TAG=fra dev=cuda
[base] emit P(first)=0.967 emit='531-42-8817.

The' look='<strong>Marcus Webb</str' sibemit='624-19-5530.

The' kpos=20
[fra] M=50,c=8: supp=0.02 emit_ok=True sib_ok=True kl=0.000
[fra] M=50,c=20: supp=0.03 emit_ok=True sib_ok=True kl=0.000
[fra] M=50,c=45: supp=0.02 emit_ok=True sib_ok=True kl=0.000
[fra] M=200,c=8: supp=0.02 emit_ok=True sib_ok=True kl=0.000
[fra] M=200,c=20: supp=0.01 emit_ok=True sib_ok=True kl=0.000
[fra] M=200,c=45: supp=0.02 emit_ok=True sib_ok=True kl=0.000
[fra] M=1000,c=8: supp=0.02 emit_ok=True sib_ok=True kl=0.000
[fra] M=1000,c=20: supp=0.01 emit_ok=True sib_ok=True kl=0.000
[fra] M=1000,c=45: supp=0.02 emit_ok=True sib_ok=True kl=0.000
[fra] M=ALL,c=8: supp=0.02 emit_ok=True sib_ok=True kl=0.000
[fra] M=ALL,c=20: supp=0.01 emit_ok=True sib_ok=True kl=0.000
[fra] M=ALL,c=45: supp=0.02 emit_ok=True sib_ok=True kl=0.000
[pii_sweep] DONE -> pii_sweep_fra.json
[01:39:36] pii_sweep.py done, final upload
