[01:34:50] pii-cut bootstrap start (rs-pii-diag) SCRIPT=pii_sweep.py
GPU 0: NVIDIA A40 (UUID: GPU-df7782c5-42a7-6eab-62e9-f1699c0f60e7)

[notice] A new release of pip is available: 25.0.1 -> 26.1.2
[notice] To update, run: python -m pip install --upgrade pip
torch 2.8.0.dev20250319+cu128 sae_lens 5.10.7 cuda True
Downloading 'fra_win/fra_bundle.tar.gz' to '/workspace/jb/.cache/huggingface/download/fra_win/vYpSThV-d0FZeeow7ilNeVZF-U4=.77a15473531c2131985b5c3daaffd5140b996b4ea5d8bf6a3c5ac97125105bdc.incomplete'
Download complete. Moving file to /workspace/jb/fra_win/fra_bundle.tar.gz
/workspace/jb/fra_win/fra_bundle.tar.gz
fra import OK
[bootstrap] code present (attempt 1)
WARNING:root:You tried to specify center_unembed=True for a model using logit softcap, but this can't be done! Softcapping is not invariant upon adding a constant Setting center_unembed=False instead.
`torch_dtype` is deprecated! Use `dtype` instead!
Fetching 3 files:   0%|          | 0/3 [00:00<?, ?it/s]Fetching 3 files:  33%|███▎      | 1/3 [00:09<00:19,  9.51s/it]Fetching 3 files: 100%|██████████| 3/3 [00:09<00:00,  3.17s/it]
Loading checkpoint shards:   0%|          | 0/3 [00:00<?, ?it/s]Loading checkpoint shards:  33%|███▎      | 1/3 [00:01<00:02,  1.07s/it]Loading checkpoint shards:  67%|██████▋   | 2/3 [00:02<00:01,  1.38s/it]Loading checkpoint shards: 100%|██████████| 3/3 [00:02<00:00,  1.23it/s]Loading checkpoint shards: 100%|██████████| 3/3 [00:02<00:00,  1.07it/s]
WARNING:root:With reduced precision, it is advised to use `from_pretrained_no_processing` instead of `from_pretrained`.
WARNING:root:You are not using LayerNorm, so the writing weights can't be centered! Skipping
Loaded pretrained model gemma-2-2b into HookedTransformer
[pii_sweep] METHOD=diag TAG=diag dev=cuda
[base] emit P(first)=0.967 emit='531-42-8817.

The' look='<strong>Marcus Webb</str' sibemit='624-19-5530.

The' kpos=20
[diag] per-head causal drop (answer->digit attn zeroed): [('L18H6', 0.009), ('L15H0', 0.002), ('L10H4', 0.0), ('L16H7', 0.0), ('L19H2', 0.0), ('L14H0', 0.0), ('L22H4', 0.0), ('L20H6', -0.0)]
[diag] ORACLE(top6 heads): emit_supp=0.02 emit_ok=True look_ok=True sib_ok=True gen_kl=0.000
[diag] FRA-cut-ALL c=10: emit_supp=0.02 emit_ok=True sib_ok=True gen_kl=0.000
[diag] FRA-cut-ALL c=30: emit_supp=0.02 emit_ok=True sib_ok=True gen_kl=0.000
[diag] FRA-cut-ALL c=60: emit_supp=0.02 emit_ok=True sib_ok=True gen_kl=0.000
[pii_sweep] DONE -> pii_sweep_diag.json
[01:39:09] pii_sweep.py done, final upload
