=== R2_poisoned | /scratch/idas3/code/fra_proj/scripts/45_rung2_poisoned_demos.py | ccc0233.campuscluster.illinois.edu | 292b643 ===
Quadro RTX 6000
torch 2.6.0+cu124 sae_lens 5.10.7 TL 2.18.0
WARNING:root:You tried to specify center_unembed=True for a model using logit softcap, but this can't be done! Softcapping is not invariant upon adding a constant Setting center_unembed=False instead.
`torch_dtype` is deprecated! Use `dtype` instead!
WARNING:root:With reduced precision, it is advised to use `from_pretrained_no_processing` instead of `from_pretrained`.
WARNING:root:You are not using LayerNorm, so the writing weights can't be centered! Skipping
Loaded pretrained model gemma-2-2b into HookedTransformer
induction heads: ['L6H2', 'L15H0', 'L18H6', 'L6H3', 'L21H5', 'L4H4', 'L14H0', 'L17H4', 'L22H4']
SAEs loaded
case 0: seq=153 qpos=152 poison-label kpos=[50, 135] | P(neg): attacked 0.216 | clean query 0.070 | trigger but no poison 0.026
  fra  : [(-0.17, 0.55), (0.01, 1.58), (0.42, 4.09), (0.35, 6.3), (0.33, 7.03), (0.44, 7.81)]
  dom  : [(-0.17, 0.0), (-0.52, 0.02), (-0.48, 0.19), (-0.4, 1.96), (0.92, 12.42), (1.0, 29.1)]
  conv : [(-0.24, 1.26), (-0.47, 4.97), (-0.64, 27.79), (-2.67, 138.46), (0.84, 353.96), (1.0, 1004.25)]
  pay  : [(0.99, 10.4), (1.0, 55.58), (1.0, 201.23), (1.0, 408.13), (1.0, 614.18)]
case 1: seq=155 qpos=154 poison-label kpos=[34, 136] | P(neg): attacked 0.225 | clean query 0.072 | trigger but no poison 0.032
  fra  : [(-0.39, 0.56), (-0.28, 1.53), (0.14, 3.41), (0.11, 5.99), (0.15, 7.03), (0.16, 8.46)]
  dom  : [(-0.09, 0.01), (-0.39, 0.04), (-0.95, 0.15), (-0.1, 2.86), (0.95, 12.46), (1.0, 26.05)]
  conv : [(0.3, 0.9), (0.62, 4.77), (0.1, 35.68), (0.6, 145.76), (0.97, 334.66), (1.0, 993.58)]
  pay  : [(0.99, 13.62), (1.0, 67.3), (1.0, 225.11), (1.0, 438.47), (1.0, 676.51)]
case 2: seq=154 qpos=153 poison-label kpos=[85, 103] | P(neg): attacked 0.142 | clean query 0.079 | trigger but no poison 0.058
skip case 2 (ASR 0.14)
case 3: seq=156 qpos=155 poison-label kpos=[17, 121] | P(neg): attacked 0.266 | clean query 0.096 | trigger but no poison 0.061
  fra  : [(-0.07, 0.81), (-0.05, 1.92), (0.34, 4.36), (0.26, 6.62), (0.22, 7.85), (0.36, 10.3)]
  dom  : [(-0.38, 0.02), (-0.73, 0.07), (-0.83, 0.21), (-0.63, 3.16), (0.72, 10.17), (1.0, 26.76)]
  conv : [(0.23, 0.86), (0.0, 3.55), (-0.74, 29.09), (-0.49, 136.27), (0.99, 322.5), (1.0, 1004.97)]
  pay  : [(0.99, 11.5), (1.0, 63.51), (1.0, 241.9), (1.0, 480.42), (1.0, 734.76)]

=== RUNG 2 poisoned few-shot demos, held-out collateral @ 30% ASR-suppression ===
  FRA-QK (attention edge)     : 6.018 +- 0.440 (n=2/3 reached)
  DoM (mean-diff)             : 5.416 +- 0.672 (n=3/3 reached)
  conv-SAE (act-diff)         : 71.077 +- 76.610 (n=3/3 reached)
  payload-suppress (output)   : 11.839 +- 1.334 (n=3/3 reached)

=== RUNG 2 poisoned few-shot demos, held-out collateral @ 70% ASR-suppression ===
  DoM (mean-diff)             : 9.770 +- 0.244 (n=3/3 reached)
  conv-SAE (act-diff)         : 196.724 +- 93.527 (n=3/3 reached)
  payload-suppress (output)   : 11.839 +- 1.334 (n=3/3 reached)

FRA reach per case: [('case0', 0.444), ('case1', 0.165), ('case3', 0.359)]
Rung 1 (natural text) and Setting 1 (random tokens, @30%: FRA 0.522 | DoM 13.49 | conv 11.94) for reference

DONE rung2

real	8m51.963s
user	8m1.927s
sys	0m42.112s
JOB_DONE
