Warning: You are sending unauthenticated requests to the HF Hub. Please set a HF_TOKEN to enable higher rate limits and faster downloads.
SAE_LOADED
/Users/dmitrymanning-coe/Documents/Research/FRA/fra_proj/experiments/fra_concept_trace_20260917/prepare_ln1_transfer.py:52: DeprecationWarning: HookedTransformer.from_pretrained is deprecated and will be removed in a future major release. Use TransformerBridge.boot_transformers(...) instead, then call enable_compatibility_mode() for HookedTransformer-equivalent numerics. See docs/source/content/migrating_to_v3.md.
  model = HookedTransformer.from_pretrained('gpt2-small',device='cpu').eval()
Loading weights:   0%|          | 0/148 [00:00<?, ?it/s]Loading weights:  26%|██▋       | 39/148 [00:00<00:00, 364.71it/s]Loading weights: 100%|██████████| 148/148 [00:00<00:00, 1077.37it/s]
Loaded pretrained model gpt2-small into HookedTransformer
TRANSFER 0.000213623046875 0
ROYAL 923 names and titles of historical or fictional monarchs
ROYAL 2790 references to royalty, particularly the word "Queen" and its related contexts
ROYAL 17001 terms related to royalty and royal family members
ROYAL 20633 occurrences of the word "Queen" in various contexts
ROYAL 21991 references to royalty and leadership positions
GENDER 804 references to women's rights and issues related to gender equality
GENDER 1318 references to the concept of "man" in various contexts
GENDER 1681 references to gender and roles in relationships
GENDER 3804 references to gender dynamics in relationships and dating
GENDER 5566 references to gender, particularly males
GENDER 7971 mentions of individuals, particularly focusing on their age, gender, and circumstances related to incidents or events
GENDER 11431 references to female identity and gender
GENDER 12261 references to women in various contexts
GENDER 14253 references to women and gender-related topics, particularly in the workplace and societal context
GENDER 18349 references to gender, particularly related to male and female distinctions
GENDER 20003 the term "man" in various contexts
GENDER 23575 references to specific characters, particularly male and female youth
GENDER 24996 references to female and male elephant seals
GENDER 28409 mentions of females in various contexts
GENDER 31772 mentions of gender and the dynamics between men and women
FEMALE_POS 0 []
FEMALE_POS 1 [(28409, 8.1191), (11431, 6.7904), (18349, 5.1282), (14253, 2.9598), (7971, 1.7137), (31772, 0.8546), (24996, 0.5165), (3804, 0.4967), (12261, 0.4317), (1318, 0.4238)]
FEMALE_POS 2 [(2790, 3.6027), (17001, 2.9292), (20633, 2.673), (804, 2.6674), (21991, 2.1496)]
FEMALE_POS 3 [(923, 1.4081), (804, 0.6936)]
FEMALE_POS 4 []
FEMALE_POS 5 []
DONE
