GPU_REQUEST H100!
Note that running a local entrypoint in detached mode only keeps the last triggered Modal function alive after the parent process has been killed or disconnected.
✓ Initialized. View run at 
https://modal.com/apps/reichers-shai-c9-dmitry/main/ap-BpLZJvTrqD0XxKBAlu3Dcz
✓ Created objects.
├── 🔨 Created mount 
│   /private/tmp/fra-win-sprint-20260917/experiments/fra_win_sprint_20260917/mod
│   al_runner.py
├── 🔨 Created mount 
│   /private/tmp/fra-win-sprint-20260917/experiments/fra_win_sprint_20260917
├── 🔨 Created function run.
├── 🔨 Created function run_fast.
└── 🔨 Created function archive_narrative_a100.
GPU_REQUEST H100!
WARNING:root:You tried to specify center_unembed=True for a model using logit softcap, but this can't be done! Softcapping is not invariant upon adding a constant Setting center_unembed=False instead.
`torch_dtype` is deprecated! Use `dtype` instead!

[1ALoading checkpoint shards:   0%|          | 0/4 [00:00<?, ?it/s]
[1ALoading checkpoint shards:  25%|██▌       | 1/4 [00:01<00:05,  1.87s/it]
[1ALoading checkpoint shards:  50%|█████     | 2/4 [00:04<00:04,  2.03s/it]
[1ALoading checkpoint shards:  75%|███████▌  | 3/4 [00:06<00:02,  2.09s/it]
[1ALoading checkpoint shards: 100%|██████████| 4/4 [00:07<00:00,  1.89s/it]
[1ALoading checkpoint shards: 100%|██████████| 4/4 [00:07<00:00,  1.94s/it]
WARNING:root:With reduced precision, it is advised to use `from_pretrained_no_processing` instead of `from_pretrained`.
WARNING:root:You are not using LayerNorm, so the writing weights can't be centered! Skipping
Loaded pretrained model gemma-2-9b-it into HookedTransformer
MECHANISM 0 / 32 seconds 52
MECHANISM 4 / 32 seconds 56
MECHANISM 8 / 32 seconds 61
MECHANISM 12 / 32 seconds 65
MECHANISM 16 / 32 seconds 69
MECHANISM 20 / 32 seconds 72
MECHANISM 24 / 32 seconds 77
MECHANISM 28 / 32 seconds 80
WARNING:root:You tried to specify center_unembed=True for a model using logit softcap, but this can't be done! Softcapping is not invariant upon adding a constant Setting center_unembed=False instead.

[1ALoading checkpoint shards:   0%|          | 0/4 [00:00<?, ?it/s]
[1ALoading checkpoint shards:  25%|██▌       | 1/4 [00:00<00:02,  1.20it/s]
[1ALoading checkpoint shards:  50%|█████     | 2/4 [00:02<00:02,  1.10s/it]
[1ALoading checkpoint shards:  75%|███████▌  | 3/4 [00:03<00:01,  1.21s/it]
[1ALoading checkpoint shards: 100%|██████████| 4/4 [00:04<00:00,  1.11s/it]
[1ALoading checkpoint shards: 100%|██████████| 4/4 [00:04<00:00,  1.10s/it]
WARNING:root:With reduced precision, it is advised to use `from_pretrained_no_processing` instead of `from_pretrained`.
WARNING:root:You are not using LayerNorm, so the writing weights can't be centered! Skipping
Loaded pretrained model gemma-2-9b-it into HookedTransformer
EXTRA FEATURES [(10, 23, 13), (17, 44, 30), (21, 32, 19), (22, 36, 24), (28, 39, 24), (32, 27, 15)]
EXTRA SAE SWEEP 0 / 1052 best 0.055214298351523805 seconds 149
EXTRA SAE SWEEP 10 / 1052 best 0.034615680967822166 seconds 215
EXTRA SAE SWEEP 20 / 1052 best 0.034615680967822166 seconds 281
EXTRA SAE SWEEP 30 / 1052 best 0.034615680967822166 seconds 341
EXTRA SAE SWEEP 40 / 1052 best 0.034615680967822166 seconds 403
EXTRA SAE SWEEP 50 / 1052 best 0.034615680967822166 seconds 466
