Note that running a local entrypoint in detached mode only keeps the last triggered Modal function alive after the parent process has been killed or disconnected.
✓ Initialized. View run at 
https://modal.com/apps/reichers-shai-c9-dmitry/main/ap-TPZKfdZnEgXKfwkUI7adT2
✓ Created objects.
├── 🔨 Created mount 
│   /private/tmp/fra-win-sprint-20260917/experiments/fra_win_sprint_20260917/mod
│   al_runner.py
├── 🔨 Created mount 
│   /private/tmp/fra-win-sprint-20260917/experiments/fra_win_sprint_20260917
└── 🔨 Created function run.
WARNING:root:You tried to specify center_unembed=True for a model using logit softcap, but this can't be done! Softcapping is not invariant upon adding a constant Setting center_unembed=False instead.
`torch_dtype` is deprecated! Use `dtype` instead!

[1ALoading checkpoint shards:   0%|          | 0/4 [00:00<?, ?it/s]
[1ALoading checkpoint shards:  25%|██▌       | 1/4 [00:03<00:09,  3.33s/it]
[1ALoading checkpoint shards:  50%|█████     | 2/4 [00:06<00:06,  3.41s/it]
[1ALoading checkpoint shards:  75%|███████▌  | 3/4 [00:10<00:03,  3.37s/it]
[1ALoading checkpoint shards: 100%|██████████| 4/4 [00:12<00:00,  3.02s/it]
[1ALoading checkpoint shards: 100%|██████████| 4/4 [00:12<00:00,  3.15s/it]
WARNING:root:With reduced precision, it is advised to use `from_pretrained_no_processing` instead of `from_pretrained`.
WARNING:root:You are not using LayerNorm, so the writing weights can't be centered! Skipping
Loaded pretrained model gemma-2-9b-it into HookedTransformer
EXTRA FEATURES [(10, 20, 10), (17, 35, 23), (21, 36, 22), (22, 35, 23), (28, 44, 27), (32, 25, 13)]
EXTRA SAE SWEEP 0 / 1085 best 0.03707927104291156 seconds 99
EXTRA SAE SWEEP 10 / 1085 best 0.03707927104291156 seconds 220
EXTRA SAE SWEEP 20 / 1085 best 0.03707927104291156 seconds 336
EXTRA SAE SWEEP 30 / 1085 best 0.03707927104291156 seconds 452
EXTRA SAE SWEEP 40 / 1085 best 0.03707927104291156 seconds 567
EXTRA SAE SWEEP 50 / 1085 best 0.03707927104291156 seconds 677
EXTRA SAE SWEEP 60 / 1085 best 0.03707927104291156 seconds 798
EXTRA SAE SWEEP 70 / 1085 best 0.03707927104291156 seconds 912
EXTRA SAE SWEEP 80 / 1085 best 0.03707927104291156 seconds 1029
EXTRA SAE SWEEP 90 / 1085 best 0.03707927104291156 seconds 1125
EXTRA SAE SWEEP 100 / 1085 best 0.03707927104291156 seconds 1220
EXTRA SAE SWEEP 110 / 1085 best 0.03707927104291156 seconds 1316
EXTRA SAE SWEEP 120 / 1085 best 0.03707927104291156 seconds 1412
EXTRA SAE SWEEP 130 / 1085 best 0.03707927104291156 seconds 1513
EXTRA SAE SWEEP 140 / 1085 best 0.03707927104291156 seconds 1610
EXTRA SAE SWEEP 150 / 1085 best 0.03707927104291156 seconds 1698
EXTRA SAE SWEEP 160 / 1085 best 0.03707927104291156 seconds 1794
EXTRA SAE SWEEP 170 / 1085 best 0.03707927104291156 seconds 1889
EXTRA SAE SWEEP 180 / 1085 best 0.03707927104291156 seconds 1980
EXTRA SAE SWEEP 190 / 1085 best 0.03707927104291156 seconds 2073
EXTRA SAE SWEEP 200 / 1085 best 0.03707927104291156 seconds 2166
EXTRA SAE SWEEP 210 / 1085 best 0.03707927104291156 seconds 2260
EXTRA SAE SWEEP 220 / 1085 best 0.03707927104291156 seconds 2356
