GPU_REQUEST A100-80GB
Note that running a local entrypoint in detached mode only keeps the last triggered Modal function alive after the parent process has been killed or disconnected.
✓ Initialized. View run at 
https://modal.com/apps/reichers-shai-c9-dmitry/main/ap-SML6GCvZbazmkMIsG92OMV
✓ Created objects.
├── 🔨 Created mount 
│   /private/tmp/fra-win-sprint-20260917/experiments/fra_win_sprint_20260917/mod
│   al_runner.py
├── 🔨 Created mount 
│   /private/tmp/fra-win-sprint-20260917/experiments/fra_win_sprint_20260917
├── 🔨 Created function run.
├── 🔨 Created function run_fast.
└── 🔨 Created function archive_narrative_a100.
GPU_REQUEST A100-80GB
WARNING:root:You tried to specify center_unembed=True for a model using logit softcap, but this can't be done! Softcapping is not invariant upon adding a constant Setting center_unembed=False instead.
`torch_dtype` is deprecated! Use `dtype` instead!

[1ALoading checkpoint shards:   0%|          | 0/4 [00:00<?, ?it/s]
[1ALoading checkpoint shards:  25%|██▌       | 1/4 [00:02<00:06,  2.09s/it]
[1ALoading checkpoint shards:  50%|█████     | 2/4 [00:04<00:04,  2.22s/it]
[1ALoading checkpoint shards:  75%|███████▌  | 3/4 [00:06<00:02,  2.19s/it]
[1ALoading checkpoint shards: 100%|██████████| 4/4 [00:08<00:00,  1.97s/it]
[1ALoading checkpoint shards: 100%|██████████| 4/4 [00:08<00:00,  2.05s/it]
WARNING:root:With reduced precision, it is advised to use `from_pretrained_no_processing` instead of `from_pretrained`.
WARNING:root:You are not using LayerNorm, so the writing weights can't be centered! Skipping
Loaded pretrained model gemma-2-9b-it into HookedTransformer
EXTRA FEATURES [(10, 20, 10), (17, 35, 23), (21, 36, 22), (22, 35, 23), (28, 44, 27), (32, 25, 13)]
EXTRA SAE SWEEP 0 / 228 best 0.031534509464603316 seconds 71
EXTRA SAE SWEEP 10 / 228 best 0.031534509464603316 seconds 123
EXTRA SAE SWEEP 20 / 228 best 0.031534509464603316 seconds 176
EXTRA SAE SWEEP 30 / 228 best 0.031534509464603316 seconds 229
EXTRA SAE SWEEP 40 / 228 best 0.031534509464603316 seconds 281
EXTRA SAE SWEEP 50 / 228 best 0.031534509464603316 seconds 335
EXTRA SAE SWEEP 60 / 228 best 0.031534509464603316 seconds 385
EXTRA SAE SWEEP 70 / 228 best 0.031534509464603316 seconds 437
EXTRA SAE SWEEP 80 / 228 best 0.031534509464603316 seconds 488
EXTRA SAE SWEEP 90 / 228 best 0.031534509464603316 seconds 541
EXTRA SAE SWEEP 100 / 228 best 0.031534509464603316 seconds 593
EXTRA SAE SWEEP 110 / 228 best 0.031534509464603316 seconds 642
EXTRA SAE SWEEP 120 / 228 best 0.031534509464603316 seconds 682
EXTRA SAE SWEEP 130 / 228 best 0.031534509464603316 seconds 723
EXTRA SAE SWEEP 140 / 228 best 0.031534509464603316 seconds 766
EXTRA SAE SWEEP 150 / 228 best 0.031534509464603316 seconds 805
EXTRA SAE SWEEP 160 / 228 best 0.031534509464603316 seconds 844
EXTRA SAE SWEEP 170 / 228 best 0.031534509464603316 seconds 884
EXTRA SAE SWEEP 180 / 228 best 0.031534509464603316 seconds 925
EXTRA SAE SWEEP 190 / 228 best 0.031534509464603316 seconds 965
EXTRA SAE SWEEP 200 / 228 best 0.031534509464603316 seconds 1003
EXTRA SAE SWEEP 210 / 228 best 0.031534509464603316 seconds 1041
EXTRA SAE SWEEP 220 / 228 best 0.031534509464603316 seconds 1081
SAVED baseline_extra_tenants_long 12946447
Runner terminated.
✓ App completed. View run at 
https://modal.com/apps/reichers-shai-c9-dmitry/main/ap-SML6GCvZbazmkMIsG92OMV
