GPU_REQUEST A100-80GB
Note that running a local entrypoint in detached mode only keeps the last triggered Modal function alive after the parent process has been killed or disconnected.
✓ Initialized. View run at 
https://modal.com/apps/reichers-shai-c9-dmitry/main/ap-293ST5lyiQeVJCwx7tPxwT
✓ Created objects.
├── 🔨 Created mount 
│   /private/tmp/fra-win-sprint-20260917/experiments/fra_win_sprint_20260917/mod
│   al_runner.py
├── 🔨 Created mount 
│   /private/tmp/fra-win-sprint-20260917/experiments/fra_win_sprint_20260917
├── 🔨 Created function run.
├── 🔨 Created function run_fast.
└── 🔨 Created function archive_narrative_a100.
GPU_REQUEST A100-80GB
WARNING:root:You tried to specify center_unembed=True for a model using logit softcap, but this can't be done! Softcapping is not invariant upon adding a constant Setting center_unembed=False instead.
`torch_dtype` is deprecated! Use `dtype` instead!

[1ALoading checkpoint shards:   0%|          | 0/4 [00:00<?, ?it/s]
[1ALoading checkpoint shards:  25%|██▌       | 1/4 [00:03<00:09,  3.14s/it]
[1ALoading checkpoint shards:  50%|█████     | 2/4 [00:06<00:06,  3.21s/it]
[1ALoading checkpoint shards:  75%|███████▌  | 3/4 [00:09<00:03,  3.35s/it]
[1ALoading checkpoint shards: 100%|██████████| 4/4 [00:12<00:00,  3.02s/it]
[1ALoading checkpoint shards: 100%|██████████| 4/4 [00:12<00:00,  3.11s/it]
WARNING:root:With reduced precision, it is advised to use `from_pretrained_no_processing` instead of `from_pretrained`.
WARNING:root:You are not using LayerNorm, so the writing weights can't be centered! Skipping
Loaded pretrained model gemma-2-9b-it into HookedTransformer
SAE SCOPES FEATURES [(10, 37, 17), (17, 57, 25), (21, 59, 17), (22, 54, 15), (28, 59, 26), (32, 42, 19)] imported 0
BATCH PROFILE {'batch_size': 8, 'seconds_for_32_settings_2_cases': 2.737947463989258, 'peak_allocated_GiB': 25.54722499847412, 'max_target_p_difference_from_batch8': 0.0, 'max_kl_difference_from_batch8': 0.0, 'eligible': True}
BATCH PROFILE {'batch_size': 16, 'seconds_for_32_settings_2_cases': 2.579514503479004, 'peak_allocated_GiB': 26.013108730316162, 'max_target_p_difference_from_batch8': 0.0014555145730474894, 'max_kl_difference_from_batch8': 0.0001880101659853772, 'eligible': True}
BATCH PROFILE {'batch_size': 32, 'seconds_for_32_settings_2_cases': 2.5185811519622803, 'peak_allocated_GiB': 26.943367958068848, 'max_target_p_difference_from_batch8': 4.694080304568082e-06, 'max_kl_difference_from_batch8': 3.7494091495026294e-07, 'eligible': True}
CHOSEN BATCH SIZE 32
SAE SCOPES SWEEP 0 / 403 best 0.03714957052066627 seconds 144
SAE SCOPES SWEEP 10 / 403 best 0.03714957052066627 seconds 536
SAE SCOPES SWEEP 20 / 403 best 0.03714957052066627 seconds 934
SAE SCOPES SWEEP 30 / 403 best 0.03714957052066627 seconds 1324
SAE SCOPES SWEEP 40 / 403 best 0.03714957052066627 seconds 1718
SAE SCOPES SWEEP 50 / 403 best 0.03714957052066627 seconds 2126
SAE SCOPES SWEEP 60 / 403 best 0.03714957052066627 seconds 2435
