Note that running a local entrypoint in detached mode only keeps the last triggered Modal function alive after the parent process has been killed or disconnected.
✓ Initialized. View run at 
https://modal.com/apps/reichers-shai-c9-dmitry/main/ap-jUIgcuvHEp8xQML8kjtrYc
✓ Created objects.
├── 🔨 Created mount 
│   /private/tmp/fra-win-sprint-20260917/experiments/fra_win_sprint_20260917/mod
│   al_runner.py
├── 🔨 Created mount 
│   /private/tmp/fra-win-sprint-20260917/experiments/fra_win_sprint_20260917
└── 🔨 Created function run.
WARNING:root:You tried to specify center_unembed=True for a model using logit softcap, but this can't be done! Softcapping is not invariant upon adding a constant Setting center_unembed=False instead.
`torch_dtype` is deprecated! Use `dtype` instead!

[1ALoading checkpoint shards:   0%|          | 0/4 [00:00<?, ?it/s]
[1ALoading checkpoint shards:  25%|██▌       | 1/4 [00:02<00:07,  2.62s/it]
[1ALoading checkpoint shards:  50%|█████     | 2/4 [00:05<00:05,  2.88s/it]
[1ALoading checkpoint shards:  75%|███████▌  | 3/4 [00:08<00:02,  2.96s/it]
[1ALoading checkpoint shards: 100%|██████████| 4/4 [00:10<00:00,  2.68s/it]
[1ALoading checkpoint shards: 100%|██████████| 4/4 [00:10<00:00,  2.75s/it]
WARNING:root:With reduced precision, it is advised to use `from_pretrained_no_processing` instead of `from_pretrained`.
WARNING:root:You are not using LayerNorm, so the writing weights can't be centered! Skipping
Loaded pretrained model gemma-2-9b-it into HookedTransformer
MECHANISM 0 / 32 seconds 59
MECHANISM 4 / 32 seconds 74
MECHANISM 8 / 32 seconds 89
MECHANISM 12 / 32 seconds 104
MECHANISM 16 / 32 seconds 120
MECHANISM 20 / 32 seconds 136
MECHANISM 24 / 32 seconds 152
MECHANISM 28 / 32 seconds 167
SAVED mechanism_pre_distinct_tenants_long 196504
Runner terminated.
✓ App completed. View run at 
https://modal.com/apps/reichers-shai-c9-dmitry/main/ap-jUIgcuvHEp8xQML8kjtrYc
