Note that running a local entrypoint in detached mode only keeps the last triggered Modal function alive after the parent process has been killed or disconnected.
✓ Initialized. View run at 
https://modal.com/apps/reichers-shai-c9-dmitry/main/ap-bVsB7RAyeNqBspGO7z71TL
✓ Created objects.
├── 🔨 Created mount 
│   /private/tmp/fra-win-sprint-20260917/experiments/fra_win_sprint_20260917/mod
│   al_runner.py
├── 🔨 Created mount 
│   /private/tmp/fra-win-sprint-20260917/experiments/fra_win_sprint_20260917
└── 🔨 Created function run.
WARNING:root:You tried to specify center_unembed=True for a model using logit softcap, but this can't be done! Softcapping is not invariant upon adding a constant Setting center_unembed=False instead.
`torch_dtype` is deprecated! Use `dtype` instead!

[1ALoading checkpoint shards:   0%|          | 0/4 [00:00<?, ?it/s]
[1ALoading checkpoint shards:  25%|██▌       | 1/4 [00:16<00:48, 16.09s/it]
[1ALoading checkpoint shards:  50%|█████     | 2/4 [01:20<01:28, 44.48s/it]
[1ALoading checkpoint shards:  75%|███████▌  | 3/4 [02:22<00:52, 52.29s/it]
[1ALoading checkpoint shards: 100%|██████████| 4/4 [03:07<00:00, 49.53s/it]
[1ALoading checkpoint shards: 100%|██████████| 4/4 [03:07<00:00, 46.83s/it]
WARNING:root:With reduced precision, it is advised to use `from_pretrained_no_processing` instead of `from_pretrained`.
WARNING:root:You are not using LayerNorm, so the writing weights can't be centered! Skipping
Loaded pretrained model gemma-2-9b-it into HookedTransformer
ORACLE routing 0 / 16 seconds 253
ORACLE routing 8 / 16 seconds 284
BEST ORACLE routing [('top_64', 'payload', 'all_later', 0.0089, 0.725), ('top_16', 'row', 'all_later', 0.0129, 0.878), ('six_sae_sites', 'row', 'all_later', 0.0191, 0.663), ('all_layers', 'row', 'all_later', 0.0219, 0.898), ('top_16', 'payload', 'all_later', 0.0493, 0.535), ('top_64', 'row', 'all_later', 0.0603, 0.968), ('all_layers', 'payload', 'all_later', 0.0624, 0.489), ('top_4', 'row', 'all_later', 0.0746, 0.452), ('six_sae_sites', 'payload', 'all_later', 0.0825, 0.419), ('top_64', 'payload', 'answer_only', 0.1246, 0.324)]
ORACLE tenants_long 0 / 32 seconds 316
ORACLE tenants_long 8 / 32 seconds 350
ORACLE tenants_long 16 / 32 seconds 383
ORACLE tenants_long 24 / 32 seconds 417
BEST ORACLE tenants_long [('top_64', 'row', 'all_later', 0.0083, 0.914), ('top_64', 'payload', 'all_later', 0.0218, 0.789), ('top_16', 'row', 'all_later', 0.022, 0.786), ('top_16', 'payload', 'all_later', 0.0362, 0.687), ('six_sae_sites', 'row', 'all_later', 0.0694, 0.49), ('top_4', 'row', 'all_later', 0.0807, 0.455), ('six_sae_sites', 'payload', 'all_later', 0.0876, 0.393), ('top_4', 'payload', 'all_later', 0.1002, 0.373), ('layer_28_all_heads', 'payload', 'all_later', 0.1197, 0.285), ('top_64', 'payload', 'answer_only', 0.1218, 0.291)]
SAVED oracle 95647
✓ App completed. View run at 
https://modal.com/apps/reichers-shai-c9-dmitry/main/ap-bVsB7RAyeNqBspGO7z71TL
