Note that running a local entrypoint in detached mode only keeps the last triggered Modal function alive after the parent process has been killed or disconnected.
✓ Initialized. View run at 
https://modal.com/apps/reichers-shai-c9-dmitry/main/ap-PhQ8HFhXniWzT0CRZhUE9c
✓ Created objects.
├── 🔨 Created mount 
│   /private/tmp/fra-win-sprint-20260917/experiments/fra_win_sprint_20260917/mod
│   al_runner.py
├── 🔨 Created mount 
│   /private/tmp/fra-win-sprint-20260917/experiments/fra_win_sprint_20260917
└── 🔨 Created function run.
WARNING:root:You tried to specify center_unembed=True for a model using logit softcap, but this can't be done! Softcapping is not invariant upon adding a constant Setting center_unembed=False instead.
`torch_dtype` is deprecated! Use `dtype` instead!

[1ALoading checkpoint shards:   0%|          | 0/4 [00:00<?, ?it/s]
[1ALoading checkpoint shards:  25%|██▌       | 1/4 [00:01<00:05,  1.74s/it]
[1ALoading checkpoint shards:  50%|█████     | 2/4 [00:03<00:03,  1.88s/it]
[1ALoading checkpoint shards:  75%|███████▌  | 3/4 [00:05<00:01,  1.93s/it]
[1ALoading checkpoint shards: 100%|██████████| 4/4 [00:07<00:00,  1.74s/it]
[1ALoading checkpoint shards: 100%|██████████| 4/4 [00:07<00:00,  1.79s/it]
WARNING:root:With reduced precision, it is advised to use `from_pretrained_no_processing` instead of `from_pretrained`.
WARNING:root:You are not using LayerNorm, so the writing weights can't be centered! Skipping
Loaded pretrained model gemma-2-9b-it into HookedTransformer
SAE LOADED 21 ('gemma-scope-9b-it-res', 'layer_20/width_16k/average_l0_91')
SAE LOADED 28 ('gemma-scope-9b-pt-res', 'layer_27/width_16k/average_l0_65')
AUDIT [{'layer': 21, 'l0': 122.43360900878906, 'relative_squared_error': 0.7749940752983093, 'q_relative_rmse': 0.00025214828201569617, 'k_relative_rmse': 0.0002891337207984179, 'q_max_abs_error': 0.004746437072753906, 'k_max_abs_error': 0.004242420196533203}, {'layer': 28, 'l0': 106.29810333251953, 'relative_squared_error': 3.710519790649414, 'q_relative_rmse': 0.00025561623624525964, 'k_relative_rmse': 0.0002729708794504404, 'q_max_abs_error': 0.0048828125, 'k_max_abs_error': 0.00716400146484375}]
CALIBRATION tenants_long 0 seconds 48
RANKED 21 SAE 6 union 376 242 heads [7, 0, 2, 4]
RANKED 28 SAE 6 union 383 185 heads [12, 8, 4, 9]
PREPARED tuning 8 seconds 54 GPU_GB 24.92
Traceback (most recent call last):
  File "/pkg/modal/_runtime/container_io_manager.py", line 945, in handle_input_exception
    yield
  File "/pkg/modal/_container_entrypoint.py", line 189, in run_input_sync
    values = io_context.call_function_sync()
             ^^^^^^^^^^^^^^^^^^^^^^^^^^^^^^^
  File "/pkg/modal/_runtime/container_io_manager.py", line 225, in call_function_sync
    expected_value_or_values = self.finalized_function.callable(*args, **kwargs)
                               ^^^^^^^^^^^^^^^^^^^^^^^^^^^^^^^^^^^^^^^^^^^^^^^^^
  File "/root/modal_runner.py", line 20, in run
    result=execute(Path('/results'),results.commit,task=name,smoke=smoke)
           ^^^^^^^^^^^^^^^^^^^^^^^^^^^^^^^^^^^^^^^^^^^^^^^^^^^^^^^^^^^^^^
  File "/work/search.py", line 169, in run
    return finish(model,op,tok,label_ids,feature_sets,result,previous,pairs,forward,aligned,tensor,dest,save,start,smoke,confirm)
           ^^^^^^^^^^^^^^^^^^^^^^^^^^^^^^^^^^^^^^^^^^^^^^^^^^^^^^^^^^^^^^^^^^^^^^^^^^^^^^^^^^^^^^^^^^^^^^^^^^^^^^^^^^^^^^^^^^^^^^
  File "/work/search.py", line 234, in finish
    direct=predict(item,[cfg],True)[0];cached=predict(item,[cfg])[0]
           ^^^^^^^^^^^^^^^^^^^^^^^^
  File "/work/search.py", line 219, in predict
    return model.run_with_hooks(inp,fwd_hooks=hooks,**kwargs)[:,-1]
           ^^^^^^^^^^^^^^^^^^^^^^^^^^^^^^^^^^^^^^^^^^^^^^^^^^
  File "/usr/local/lib/python3.11/site-packages/transformer_lens/hook_points.py", line 448, in run_with_hooks
    return hooked_model.forward(*model_args, **model_kwargs)
           ^^^^^^^^^^^^^^^^^^^^^^^^^^^^^^^^^^^^^^^^^^^^^^^^^
  File "/usr/local/lib/python3.11/site-packages/transformer_lens/HookedTransformer.py", line 620, in forward
    residual = block(
               ^^^^^^
  File "/usr/local/lib/python3.11/site-packages/torch/nn/modules/module.py", line 1739, in _wrapped_call_impl
    return self._call_impl(*args, **kwargs)
           ^^^^^^^^^^^^^^^^^^^^^^^^^^^^^^^^
  File "/usr/local/lib/python3.11/site-packages/torch/nn/modules/module.py", line 1750, in _call_impl
    return forward_call(*args, **kwargs)
           ^^^^^^^^^^^^^^^^^^^^^^^^^^^^^
  File "/usr/local/lib/python3.11/site-packages/transformer_lens/components/transformer_block.py", line 160, in forward
    self.attn(
  File "/usr/local/lib/python3.11/site-packages/torch/nn/modules/module.py", line 1739, in _wrapped_call_impl
    return self._call_impl(*args, **kwargs)
           ^^^^^^^^^^^^^^^^^^^^^^^^^^^^^^^^
  File "/usr/local/lib/python3.11/site-packages/torch/nn/modules/module.py", line 1750, in _call_impl
    return forward_call(*args, **kwargs)
           ^^^^^^^^^^^^^^^^^^^^^^^^^^^^^
  File "/usr/local/lib/python3.11/site-packages/transformer_lens/components/abstract_attention.py", line 236, in forward
    attn_scores = self.calculate_attention_scores(
                  ^^^^^^^^^^^^^^^^^^^^^^^^^^^^^^^^
  File "/work/operators.py", line 76, in calculate
    else:scores=q.permute(0,2,1,3)@k.permute(0,2,3,1)/this.attn_scale
                ~~~~~~~~~~~~~~~~~~^~~~~~~~~~~~~~~~~~~
RuntimeError: The size of tensor a (16) must match the size of tensor b (8) at non-singleton dimension 1
╭───────────────────── Traceback (most recent call last) ──────────────────────╮
│ /private/tmp/fra-win-sprint-20260917/experiments/fra_win_sprint_20260917/mod │
│ al_runner.py:24 in main                                                      │
│                                                                              │
│   23 def main(stage:str='screen'):                                           │
│ ❱ 24 │   answer=run.remote(stage);raw=json.dumps(answer,allow_nan=False);out │
│   25 │   blob=gzip.compress(raw.encode(),mtime=0)                            │
│                                                                              │
│ /opt/homebrew/lib/python3.11/site-packages/modal/_object.py:46 in wrapped    │
│                                                                              │
│    45 │   │   await self.hydrate()                                           │
│ ❱  46 │   │   return await method(self, *args, **kwargs)                     │
│    47                                                                        │
│                                                                              │
│ /opt/homebrew/lib/python3.11/site-packages/modal/_functions.py:1696 in       │
│ remote                                                                       │
│                                                                              │
│   1695 │   │                                                                 │
│ ❱ 1696 │   │   return await self._call_function(args, kwargs)                │
│   1697                                                                       │
│                                                                              │
│ /opt/homebrew/lib/python3.11/site-packages/modal/_functions.py:1640 in       │
│ _call_function                                                               │
│                                                                              │
│   1639 │   │                                                                 │
│ ❱ 1640 │   │   return await invocation.run_function()                        │
│   1641                                                                       │
│                                                                              │
│ /opt/homebrew/lib/python3.11/site-packages/modal/_functions.py:493 in        │
│ run_function                                                                 │
│                                                                              │
│    492 │   │   │   # No more retries left.                                   │
│ ❱  493 │   │   │   return await _process_result(                             │
│    494 │   │   │   │   await_response.output.result, await_response.output.d │
│                                                                              │
│ /opt/homebrew/lib/python3.11/site-packages/modal/_utils/function_utils.py:54 │
│ 8 in _process_result                                                         │
│                                                                              │
│   547 │   │   │                                                              │
│ ❱ 548 │   │   │   raise exc_with_hints(exc)                                  │
│   549                                                                        │
│                                                                              │
│     ...Remote call to Modal Function (ta-01M2R715FGBC9HD4W6EF9CPY3R)...      │
│                                                                              │
│ /root/modal_runner.py:20 in run                                              │
│                                                                              │
│ ❱ 20 result=execute(Path('/results'),results.commit,task=name,smoke=smoke)   │
│                                                                              │
│                                                                              │
│ /work/search.py:169 in run                                                   │
│                                                                              │
│ ❱ 169 return finish(model,op,tok,label_ids,feature_sets,result,previous,pair │
│                                                                              │
│                                                                              │
│ /work/search.py:234 in finish                                                │
│                                                                              │
│ ❱ 234 direct=predict(item,[cfg],True)[0];cached=predict(item,[cfg])[0]       │
│                                                                              │
│                                                                              │
│ /work/search.py:219 in predict                                               │
│                                                                              │
│ ❱ 219 return model.run_with_hooks(inp,fwd_hooks=hooks,**kwargs)[:,-1]        │
│                                                                              │
│                                                                              │
│ /usr/local/lib/python3.11/site-packages/transformer_lens/hook_points.py:448  │
│ in run_with_hooks                                                            │
│                                                                              │
│ ❱ 448 return hooked_model.forward(*model_args, **model_kwargs)               │
│                                                                              │
│                                                                              │
│ /usr/local/lib/python3.11/site-packages/transformer_lens/HookedTransformer.p │
│ y:620 in forward                                                             │
│                                                                              │
│ ❱ 620 residual = block(                                                      │
│                                                                              │
│                                                                              │
│ /usr/local/lib/python3.11/site-packages/torch/nn/modules/module.py:1739 in   │
│ _wrapped_call_impl                                                           │
│                                                                              │
│ ❱ 1739 return self._call_impl(*args, **kwargs)                               │
│                                                                              │
│                                                                              │
│ /usr/local/lib/python3.11/site-packages/torch/nn/modules/module.py:1750 in   │
│ _call_impl                                                                   │
│                                                                              │
│ ❱ 1750 return forward_call(*args, **kwargs)                                  │
│                                                                              │
│                                                                              │
│ /usr/local/lib/python3.11/site-packages/transformer_lens/components/transfor │
│ mer_block.py:160 in forward                                                  │
│                                                                              │
│ ❱ 160 self.attn(                                                             │
│                                                                              │
│                                                                              │
│ /usr/local/lib/python3.11/site-packages/torch/nn/modules/module.py:1739 in   │
│ _wrapped_call_impl                                                           │
│                                                                              │
│ ❱ 1739 return self._call_impl(*args, **kwargs)                               │
│                                                                              │
│                                                                              │
│ /usr/local/lib/python3.11/site-packages/torch/nn/modules/module.py:1750 in   │
│ _call_impl                                                                   │
│                                                                              │
│ ❱ 1750 return forward_call(*args, **kwargs)                                  │
│                                                                              │
│                                                                              │
│ /usr/local/lib/python3.11/site-packages/transformer_lens/components/abstract │
│ _attention.py:236 in forward                                                 │
│                                                                              │
│ ❱ 236 attn_scores = self.calculate_attention_scores(                         │
│                                                                              │
│                                                                              │
│ /work/operators.py:76 in calculate                                           │
│                                                                              │
│ ❱ 76 else:scores=q.permute(0,2,1,3)@k.permute(0,2,3,1)/this.attn_scale       │
│                                                                              │
╰──────────────────────────────────────────────────────────────────────────────╯
RuntimeError: The size of tensor a (16) must match the size of tensor b (8) at 
non-singleton dimension 1
