Note that running a local entrypoint in detached mode only keeps the last triggered Modal function alive after the parent process has been killed or disconnected.
✓ Initialized. View run at 
https://modal.com/apps/reichers-shai-c9-dmitry/main/ap-1ROh8HM0ZjYmFWENO25Kpu
✓ Created objects.
├── 🔨 Created mount 
│   /private/tmp/fra-win-sprint-20260917/experiments/fra_win_sprint_20260917/mod
│   al_runner.py
├── 🔨 Created mount 
│   /private/tmp/fra-win-sprint-20260917/experiments/fra_win_sprint_20260917
├── 🔨 Created function run.
├── 🔨 Created function run_fast.
└── 🔨 Created function archive_narrative_a100.
GPU_REQUEST H100!
WARNING:root:You tried to specify center_unembed=True for a model using logit softcap, but this can't be done! Softcapping is not invariant upon adding a constant Setting center_unembed=False instead.
`torch_dtype` is deprecated! Use `dtype` instead!

[1ALoading checkpoint shards:   0%|          | 0/4 [00:00<?, ?it/s]
[1ALoading checkpoint shards:  25%|██▌       | 1/4 [00:03<00:11,  3.82s/it]
[1ALoading checkpoint shards:  50%|█████     | 2/4 [00:06<00:06,  3.18s/it]
[1ALoading checkpoint shards:  75%|███████▌  | 3/4 [00:09<00:03,  3.05s/it]
[1ALoading checkpoint shards: 100%|██████████| 4/4 [00:11<00:00,  2.76s/it]
[1ALoading checkpoint shards: 100%|██████████| 4/4 [00:11<00:00,  2.94s/it]
WARNING:root:With reduced precision, it is advised to use `from_pretrained_no_processing` instead of `from_pretrained`.
WARNING:root:You are not using LayerNorm, so the writing weights can't be centered! Skipping
Loaded pretrained model gemma-2-9b-it into HookedTransformer
SAE LOADED 10 ('gemma-scope-9b-it-res', 'layer_9/width_16k/average_l0_88')
SAE LOADED 17 ('gemma-scope-9b-pt-res', 'layer_16/width_16k/average_l0_75')
SAE LOADED 21 ('gemma-scope-9b-it-res', 'layer_20/width_16k/average_l0_91')
SAE LOADED 22 ('gemma-scope-9b-pt-res', 'layer_21/width_16k/average_l0_66')
SAE LOADED 28 ('gemma-scope-9b-pt-res', 'layer_27/width_16k/average_l0_65')
SAE LOADED 32 ('gemma-scope-9b-it-res', 'layer_31/width_16k/average_l0_76')
AUDIT [{'layer': 10, 'l0': 88.5372085571289, 'relative_squared_error_including_bos': 2.8785877227783203, 'relative_squared_error_without_bos': 0.1509348750114441, 'q_relative_rmse': 0.00025120441569015384, 'k_relative_rmse': 0.00023696226708125323, 'q_max_abs_error': 0.00450897216796875, 'k_max_abs_error': 0.0049533843994140625}, {'layer': 17, 'l0': 120.66744232177734, 'relative_squared_error_including_bos': 6.153271198272705, 'relative_squared_error_without_bos': 0.1905723214149475, 'q_relative_rmse': 0.0002547151525504887, 'k_relative_rmse': 0.000247600837610662, 'q_max_abs_error': 0.00514984130859375, 'k_max_abs_error': 0.0052433013916015625}, {'layer': 21, 'l0': 123.22325897216797, 'relative_squared_error_including_bos': 0.7221882939338684, 'relative_squared_error_without_bos': 0.1451798975467682, 'q_relative_rmse': 0.00025220506358891726, 'k_relative_rmse': 0.00025165308034047484, 'q_max_abs_error': 0.0050258636474609375, 'k_max_abs_error': 0.004345893859863281}, {'layer': 22, 'l0': 108.13256072998047, 'relative_squared_error_including_bos': 1.2124725580215454, 'relative_squared_error_without_bos': 0.1675408035516739, 'q_relative_rmse': 0.00025433223345316947, 'k_relative_rmse': 0.00025986891705542803, 'q_max_abs_error': 0.0028600692749023438, 'k_max_abs_error': 0.0049686431884765625}, {'layer': 28, 'l0': 108.33023071289062, 'relative_squared_error_including_bos': 3.4291064739227295, 'relative_squared_error_without_bos': 0.1439630687236786, 'q_relative_rmse': 0.0002523337898310274, 'k_relative_rmse': 0.00023875926854088902, 'q_max_abs_error': 0.005185127258300781, 'k_max_abs_error': 0.004942893981933594}, {'layer': 32, 'l0': 80.56977081298828, 'relative_squared_error_including_bos': 1.745363712310791, 'relative_squared_error_without_bos': 0.11076545715332031, 'q_relative_rmse': 0.00024990676320157945, 'k_relative_rmse': 0.000251726305577904, 'q_max_abs_error': 0.005320549011230469, 'k_max_abs_error': 0.0038251876831054688}]
CALIBRATION narrative_contracts 0 seconds 44
CALIBRATION narrative_contracts 8 seconds 46
CALIBRATION narrative_contracts 16 seconds 47
CALIBRATION narrative_contracts 24 seconds 49
RANKED 10 SAE 29 union 389 206 heads [2, 3, 11, 6]
RANKED 17 SAE 29 union 525 285 heads [8, 0, 14, 15]
RANKED 21 SAE 27 union 513 373 heads [7, 4, 6, 9]
RANKED 22 SAE 28 union 407 324 heads [4, 1, 5, 13]
RANKED 28 SAE 21 union 508 332 heads [12, 8, 4, 9]
RANKED 32 SAE 25 union 353 244 heads [15, 7, 5, 1]
PREPARED tuning 32 seconds 65 GPU_GB 32.72
ZERO AUDIT {10: {'full_forward_max_logit_error': 0.0, 'cached_max_logit_error': 0.0}, 17: {'full_forward_max_logit_error': 0.0, 'cached_max_logit_error': 0.0}, 21: {'full_forward_max_logit_error': 0.0, 'cached_max_logit_error': 0.0}, 22: {'full_forward_max_logit_error': 0.0, 'cached_max_logit_error': 0.0}, 28: {'full_forward_max_logit_error': 0.0, 'cached_max_logit_error': 0.0}, 32: {'full_forward_max_logit_error': 0.0, 'cached_max_logit_error': 0.0}}
SWEEP narrative_contracts 0 / 1074 points 8 best {'sae': 0.13419} seconds 73
SWEEP narrative_contracts 10 / 1074 points 88 best {'sae': 0.10992} seconds 140
SWEEP narrative_contracts 20 / 1074 points 168 best {'sae': 0.10897} seconds 207
SWEEP narrative_contracts 30 / 1074 points 248 best {'sae': 0.10897} seconds 275
SWEEP narrative_contracts 40 / 1074 points 328 best {'sae': 0.05348} seconds 343
SWEEP narrative_contracts 50 / 1074 points 408 best {'sae': 0.05348} seconds 410
SWEEP narrative_contracts 60 / 1074 points 483 best {'sae': 0.05348} seconds 470
SWEEP narrative_contracts 70 / 1074 points 563 best {'sae': 0.05348} seconds 530
SWEEP narrative_contracts 80 / 1074 points 643 best {'sae': 0.05348} seconds 591
SWEEP narrative_contracts 90 / 1074 points 723 best {'sae': 0.05348} seconds 652
SWEEP narrative_contracts 100 / 1074 points 803 best {'sae': 0.05348} seconds 713
SWEEP narrative_contracts 110 / 1074 points 883 best {'sae': 0.05348} seconds 774
SWEEP narrative_contracts 120 / 1074 points 960 best {'sae': 0.05348} seconds 830
SWEEP narrative_contracts 130 / 1074 points 1040 best {'sae': 0.05348} seconds 884
SWEEP narrative_contracts 140 / 1074 points 1120 best {'sae': 0.05348} seconds 938
SWEEP narrative_contracts 150 / 1074 points 1200 best {'sae': 0.05348} seconds 992
SWEEP narrative_contracts 160 / 1074 points 1280 best {'sae': 0.05348} seconds 1045
SWEEP narrative_contracts 170 / 1074 points 1360 best {'sae': 0.04431} seconds 1099
SWEEP narrative_contracts 180 / 1074 points 1435 best {'sae': 0.04431} seconds 1144
SWEEP narrative_contracts 190 / 1074 points 1515 best {'sae': 0.04431} seconds 1193
SWEEP narrative_contracts 200 / 1074 points 1595 best {'sae': 0.04431} seconds 1241
SWEEP narrative_contracts 210 / 1074 points 1675 best {'sae': 0.04431} seconds 1290
SWEEP narrative_contracts 220 / 1074 points 1755 best {'sae': 0.04431} seconds 1338
SWEEP narrative_contracts 230 / 1074 points 1835 best {'sae': 0.04431} seconds 1387
SWEEP narrative_contracts 240 / 1074 points 1912 best {'sae': 0.04431} seconds 1431
SWEEP narrative_contracts 250 / 1074 points 1992 best {'sae': 0.04431} seconds 1477
SWEEP narrative_contracts 260 / 1074 points 2072 best {'sae': 0.04431} seconds 1523
SWEEP narrative_contracts 270 / 1074 points 2152 best {'sae': 0.04431} seconds 1568
SWEEP narrative_contracts 280 / 1074 points 2232 best {'sae': 0.04431} seconds 1614
SWEEP narrative_contracts 290 / 1074 points 2309 best {'sae': 0.04431} seconds 1656
SWEEP narrative_contracts 300 / 1074 points 2389 best {'sae': 0.04431} seconds 1697
SWEEP narrative_contracts 310 / 1074 points 2469 best {'sae': 0.04431} seconds 1742
SWEEP narrative_contracts 320 / 1074 points 2549 best {'sae': 0.04431} seconds 1784
SWEEP narrative_contracts 330 / 1074 points 2629 best {'sae': 0.04431} seconds 1825
SWEEP narrative_contracts 340 / 1074 points 2709 best {'sae': 0.04431} seconds 1867
SWEEP narrative_contracts 350 / 1074 points 2784 best {'sae': 0.04431} seconds 1909
SWEEP narrative_contracts 360 / 1074 points 2864 best {'sae': 0.04431} seconds 1954
SWEEP narrative_contracts 370 / 1074 points 2944 best {'sae': 0.04431} seconds 1999
SWEEP narrative_contracts 380 / 1074 points 3024 best {'sae': 0.04431} seconds 2044
SWEEP narrative_contracts 390 / 1074 points 3104 best {'sae': 0.04431} seconds 2088
SWEEP narrative_contracts 400 / 1074 points 3180 best {'sae': 0.04431} seconds 2128
SWEEP narrative_contracts 410 / 1074 points 3260 best {'sae': 0.04431} seconds 2169
SWEEP narrative_contracts 420 / 1074 points 3340 best {'sae': 0.04431} seconds 2209
SWEEP narrative_contracts 430 / 1074 points 3420 best {'sae': 0.04431} seconds 2249
SWEEP narrative_contracts 440 / 1074 points 3500 best {'sae': 0.04186} seconds 2288
SWEEP narrative_contracts 450 / 1074 points 3580 best {'sae': 0.04186} seconds 2328
SWEEP narrative_contracts 460 / 1074 points 3656 best {'sae': 0.04186} seconds 2363
SWEEP narrative_contracts 470 / 1074 points 3736 best {'sae': 0.04186} seconds 2395
SWEEP narrative_contracts 480 / 1074 points 3816 best {'sae': 0.04186} seconds 2429
SWEEP narrative_contracts 490 / 1074 points 3896 best {'sae': 0.04186} seconds 2461
SWEEP narrative_contracts 500 / 1074 points 3971 best {'sae': 0.04186} seconds 2491
SWEEP narrative_contracts 510 / 1074 points 4051 best {'sae': 0.04186} seconds 2520
SWEEP narrative_contracts 520 / 1074 points 4131 best {'sae': 0.04186} seconds 2550
SWEEP narrative_contracts 530 / 1074 points 4211 best {'sae': 0.04186} seconds 2580
SWEEP narrative_contracts 540 / 1074 points 4288 best {'sae': 0.04186} seconds 2608
SWEEP narrative_contracts 550 / 1074 points 4368 best {'sae': 0.04186} seconds 2633
SWEEP narrative_contracts 560 / 1074 points 4448 best {'sae': 0.04186} seconds 2657
SWEEP narrative_contracts 570 / 1074 points 4528 best {'sae': 0.04186} seconds 2681
SWEEP narrative_contracts 580 / 1074 points 4608 best {'sae': 0.04186} seconds 2707
SWEEP narrative_contracts 590 / 1074 points 4687 best {'sae': 0.04186} seconds 2732
SWEEP narrative_contracts 600 / 1074 points 4767 best {'sae': 0.04186} seconds 2755
SWEEP narrative_contracts 610 / 1074 points 4847 best {'sae': 0.04186} seconds 2778
SWEEP narrative_contracts 620 / 1074 points 4927 best {'sae': 0.04186} seconds 2801
SWEEP narrative_contracts 630 / 1074 points 5007 best {'sae': 0.04186} seconds 2824
SWEEP narrative_contracts 640 / 1074 points 5087 best {'sae': 0.04186} seconds 2847
SWEEP narrative_contracts 650 / 1074 points 5136 best {'sae': 0.04186, 'fra': 0.28328} seconds 2888
SWEEP narrative_contracts 660 / 1074 points 5186 best {'sae': 0.04186, 'fra': 0.21478} seconds 2931
SWEEP narrative_contracts 670 / 1074 points 5236 best {'sae': 0.04186, 'fra': 0.1876} seconds 2974
SWEEP narrative_contracts 680 / 1074 points 5286 best {'sae': 0.04186, 'fra': 0.1876} seconds 3020
SWEEP narrative_contracts 690 / 1074 points 5336 best {'sae': 0.04186, 'fra': 0.1876} seconds 3063
SWEEP narrative_contracts 700 / 1074 points 5386 best {'sae': 0.04186, 'fra': 0.1876} seconds 3105
SWEEP narrative_contracts 710 / 1074 points 5436 best {'sae': 0.04186, 'fra': 0.1876} seconds 3148
SWEEP narrative_contracts 720 / 1074 points 5486 best {'sae': 0.04186, 'fra': 0.0719} seconds 3185
SWEEP narrative_contracts 730 / 1074 points 5536 best {'sae': 0.04186, 'fra': 0.0719} seconds 3219
SWEEP narrative_contracts 740 / 1074 points 5586 best {'sae': 0.04186, 'fra': 0.0719} seconds 3255
SWEEP narrative_contracts 750 / 1074 points 5636 best {'sae': 0.04186, 'fra': 0.04108} seconds 3290
SWEEP narrative_contracts 760 / 1074 points 5686 best {'sae': 0.04186, 'fra': 0.04108} seconds 3325
SWEEP narrative_contracts 770 / 1074 points 5736 best {'sae': 0.04186, 'fra': 0.04108} seconds 3359
SWEEP narrative_contracts 780 / 1074 points 5786 best {'sae': 0.04186, 'fra': 0.04108} seconds 3393
SWEEP narrative_contracts 790 / 1074 points 5836 best {'sae': 0.04186, 'fra': 0.04108} seconds 3432
