Note that running a local entrypoint in detached mode only keeps the last triggered Modal function alive after the parent process has been killed or disconnected.
✓ Initialized. View run at 
https://modal.com/apps/reichers-shai-c9-dmitry/main/ap-lGXeRmYBgvbNSzA0bb6iLb
✓ Created objects.
├── 🔨 Created mount 
│   /Users/dmitrymanning-coe/Documents/Research/FRA/fra_proj/experiments/fra_ind
│   uction_single_feature_20260916/modal_runner.py
├── 🔨 Created mount 
│   /Users/dmitrymanning-coe/Documents/Research/FRA/fra_proj/experiments/fra_ind
│   uction_single_feature_20260916
├── 🔨 Created function run.
└── 🔨 Created function coordinate.
`torch_dtype` is deprecated! Use `dtype` instead!
WARNING:root:You tried to specify center_unembed=True for a model using logit softcap, but this can't be done! Softcapping is not invariant upon adding a constant Setting center_unembed=False instead.
`torch_dtype` is deprecated! Use `dtype` instead!

Loaded pretrained model gpt2 into HookedTransformer
[1ALoading checkpoint shards:   0%|          | 0/3 [00:00<?, ?it/s]
[1ALoading checkpoint shards:  33%|███▎      | 1/3 [00:05<00:10,  5.21s/it]
[1ALoading checkpoint shards:  67%|██████▋   | 2/3 [00:10<00:05,  5.47s/it]
[1ALoading checkpoint shards: 100%|██████████| 3/3 [00:12<00:00,  3.54s/it]
[1ALoading checkpoint shards: 100%|██████████| 3/3 [00:12<00:00,  4.04s/it]
/usr/local/lib/python3.11/site-packages/sae_lens/sae.py:151: UserWarning: 
This SAE has non-empty model_from_pretrained_kwargs. 
For optimal performance, load the model like so:
model = HookedSAETransformer.from_pretrained_no_processing(..., **cfg.model_from_pretrained_kwargs)
  warnings.warn(
RANKED gpt2 bank base 0.9691438674926758 features [6165, 8585]
SWEEP gpt2 bank 0 / 18 seconds 1
CASE COMPLETE gpt2 bank direct_checks 7 legacy_max_sup_error 5.655952183269974e-07 seconds 1
WARNING:root:With reduced precision, it is advised to use `from_pretrained_no_processing` instead of `from_pretrained`.
COMPLETE gpt2 seconds 23
WARNING:root:You are not using LayerNorm, so the writing weights can't be centered! Skipping
Loaded pretrained model gemma-2-2b into HookedTransformer
RANKED gemma bank base 0.9983408451080322 features [50567, 7499]
SWEEP gemma bank 0 / 18 seconds 2
CASE COMPLETE gemma bank direct_checks 6 legacy_max_sup_error 0.000606894248241785 seconds 4
COMPLETE gemma seconds 52
SAVED /Users/dmitrymanning-coe/Documents/Research/FRA/fra_proj/experiments/fra_induction_single_feature_20260916/results/gpt2_smoke.json.gz
SAVED /Users/dmitrymanning-coe/Documents/Research/FRA/fra_proj/experiments/fra_induction_single_feature_20260916/results/gemma_smoke.json.gz
Runner terminated.
✓ App completed. View run at 
https://modal.com/apps/reichers-shai-c9-dmitry/main/ap-lGXeRmYBgvbNSzA0bb6iLb
