✓ Initialized. View run at 
https://modal.com/apps/reichers-shai-c9-dmitry/main/ap-6dJ68k0i6cMlBTuhJ7g30S
✓ Created objects.
├── 🔨 Created mount 
│   /Users/dmitrymanning-coe/Documents/Research/FRA/fra_proj/experiments/constra
│   ined_belief_updating/bridge_to_real/bridge3.py
├── 🔨 Created mount 
│   /Users/dmitrymanning-coe/Documents/Research/FRA/fra_proj/fra
├── 🔨 Created function train.
└── 🔨 Created function carrier.

[1ADownloading shards:   0%|          | 0/3 [00:00<?, ?it/s]
[1ADownloading shards:  33%|███▎      | 1/3 [00:33<01:06, 33.32s/it]
[1ADownloading shards:  67%|██████▋   | 2/3 [01:10<00:35, 35.32s/it]
[1ADownloading shards: 100%|██████████| 3/3 [01:14<00:00, 21.13s/it]
[1ADownloading shards: 100%|██████████| 3/3 [01:14<00:00, 24.76s/it]

[1ALoading checkpoint shards:   0%|          | 0/3 [00:00<?, ?it/s]
[1ALoading checkpoint shards:  33%|███▎      | 1/3 [00:06<00:13,  6.94s/it]
[1ALoading checkpoint shards:  67%|██████▋   | 2/3 [00:13<00:06,  6.78s/it]
[1ALoading checkpoint shards: 100%|██████████| 3/3 [00:14<00:00,  4.04s/it]
[1ALoading checkpoint shards: 100%|██████████| 3/3 [00:14<00:00,  4.80s/it]
WARNING:root:float16 models may not work on CPU. Consider using a GPU or bfloat16.
WARNING:root:With reduced precision, it is advised to use `from_pretrained_no_processing` instead of `from_pretrained`.
Loaded pretrained model gemma-2-2b into HookedTransformer
[A] base P(payload0 | TRIG) = 1.000  (S=[58921, 11861, 28162, 3952, 172912, 42746])
[A] carrying heads (edge-cut drop): [('L19H4', 0.0), ('L12H6', 0.0), ('L16H2', 0.0)]
/usr/local/lib/python3.12/site-packages/sae_lens/saes/sae.py:249: UserWarning: 
This SAE has non-empty model_from_pretrained_kwargs. 
For optimal performance, load the model like so:
model = HookedSAETransformer.from_pretrained_no_processing(..., **cfg.model_from_pretrained_kwargs)
  warnings.warn(
/root/fra/core/fra.py:208: UserWarning: Sparse invariant checks are implicitly disabled. Memory errors (e.g. SEGFAULT) will occur when operating on a sparse tensor which violates the invariants, but checks incur performance overhead. To silence this warning, explicitly opt in or out. See `torch.sparse.check_sparse_tensor_invariants.__doc__` for guidance.  (Triggered internally at /__w/pytorch/pytorch/aten/src/ATen/Context.cpp:816.)
  fra_sparse = torch.sparse_coo_tensor(
CARRIER A: {"variant": "A", "base_p": 0.9999923706054688, "carry_heads": [[19, 4], [12, 6], [16, 2]], "qk_curve": [1.0728917914759606e-05, 1.6093376872028387e-05, 1.7643109459730688e-05, 1.7523899260685205e-05, 1.6331797270230375e-05, 1.2517070900552874e-05], "dom_curve": [4.887618161197871e-06, 0.8853629351529896, 0.9999835333272745, 0.9999923345100772, 0.999999856852471, 1.0], "qk_max": 1.7643109459730688e-05, "dom_max": 1.0, "qk_over_dom": 1.7643109459730688e-05}
CHECKPOINT_CARRIER3: {"variant": "A", "base_p": 0.9999923706054688, "carry_heads": [[19, 4], [12, 6], [16, 2]], "qk_curve": [1.0728917914759606e-05, 1.6093376872028387e-05, 1.7643109459730688e-05, 1.7523899260685205e-05, 1.6331797270230375e-05, 1.2517070900552874e-05], "dom_curve": [4.887618161197871e-06, 0.8853629351529896, 0.9999835333272745, 0.9999923345100772, 0.999999856852471, 1.0], "qk_max": 1.7643109459730688e-05, "dom_max": 1.0, "qk_over_dom": 1.7643109459730688e-05}
[A] QK-cut max ASR=1.7643109459730688e-05 DoM-cut max ASR=1.0 QK/DoM=1.7643109459730688e-05

[1ALoading checkpoint shards:   0%|          | 0/3 [00:00<?, ?it/s]
[1ALoading checkpoint shards:  33%|███▎      | 1/3 [00:03<00:06,  3.01s/it]
[1ALoading checkpoint shards:  67%|██████▋   | 2/3 [00:06<00:03,  3.15s/it]
[1ALoading checkpoint shards: 100%|██████████| 3/3 [00:06<00:00,  1.90s/it]
[1ALoading checkpoint shards: 100%|██████████| 3/3 [00:06<00:00,  2.23s/it]
WARNING:root:float16 models may not work on CPU. Consider using a GPU or bfloat16.
WARNING:root:With reduced precision, it is advised to use `from_pretrained_no_processing` instead of `from_pretrained`.
Loaded pretrained model gemma-2-2b into HookedTransformer
[B] base P(payload0 | TRIG) = 0.798  (S=[11306, 185229, 188204, 18870, 81273, 185229])
[B] carrying heads (edge-cut drop): [('L22H5', 0.119), ('L22H4', 0.106), ('L19H1', 0.072), ('L23H7', 0.029), ('L15H0', 0.023), ('L22H3', 0.013)]
CARRIER B: {"variant": "B", "base_p": 0.7980912923812866, "carry_heads": [[22, 5], [22, 4], [19, 1], [23, 7], [15, 0], [22, 3]], "qk_curve": [-0.0001893239231500754, 0.02054369947161072, 0.06107642039619854, 0.13416964469090165, 0.17006389215631357, 0.7214443697604511], "dom_curve": [0.028238839410743344, 0.5095256072742209, 0.9998768260655743, 0.9999865294387946, 0.9999973601266444, 0.9999999997335178], "qk_max": 0.7214443697604511, "dom_max": 0.9999999997335178, "qk_over_dom": 0.7214443699527032}

=== BRIDGE 3 P3 PRE-CHECK FLIP ===
  A (fixed-string): QK/DoM = 1.7643109459730688e-05  (predict <1: DoM carries)
  B (in-context):   QK/DoM = 0.7214443699527032  (predict >A: QK carries)
wrote out/bridge3_results.json
CHECKPOINT_CARRIER3: {"variant": "B", "base_p": 0.7980912923812866, "carry_heads": [[22, 5], [22, 4], [19, 1], [23, 7], [15, 0], [22, 3]], "qk_curve": [-0.0001893239231500754, 0.02054369947161072, 0.06107642039619854, 0.13416964469090165, 0.17006389215631357, 0.7214443697604511], "dom_curve": [0.028238839410743344, 0.5095256072742209, 0.9998768260655743, 0.9999865294387946, 0.9999973601266444, 0.9999999997335178], "qk_max": 0.7214443697604511, "dom_max": 0.9999999997335178, "qk_over_dom": 0.7214443699527032}
[B] QK-cut max ASR=0.7214443697604511 DoM-cut max ASR=0.9999999997335178 QK/DoM=0.7214443699527032
Stopping app - local entrypoint completed.
✓ App completed. View run at 
https://modal.com/apps/reichers-shai-c9-dmitry/main/ap-6dJ68k0i6cMlBTuhJ7g30S
