✓ Initialized. View run at 
https://modal.com/apps/reichers-shai-c9-dmitry/main/ap-vO2AthFS9bUhqsMWPqowro
✓ Created objects.
├── 🔨 Created mount 
│   /Users/dmitrymanning-coe/Documents/Research/FRA/fra_proj/experiments/constra
│   ined_belief_updating/bridge_to_real/bridge3.py
├── 🔨 Created mount 
│   /Users/dmitrymanning-coe/Documents/Research/FRA/fra_proj/fra
├── 🔨 Created function train.
├── 🔨 Created function carrier.
├── 🔨 Created function frontier.
└── 🔨 Created function push_adapters.

[1AProcessing Files (0 / 0)      : |          |  0.00B /  0.00B            

[1A
[1ANew Data Upload               : |          |  0.00B /  0.00B            [A


[1A  ...adapter_model.safetensors:   1%|          |  558kB / 83.1MB            [A[A


[1A  ...adapter_model.safetensors:   1%|          |  558kB / 83.1MB            [A[A
[1AProcessing Files (0 / 1)      :   1%|          |  558kB / 83.1MB, 53.4kB/s  

[1ANew Data Upload               :   1%|          |  558kB / 83.1MB, 53.4kB/s  [A


[1A  ...adapter_model.safetensors:   1%|▏         | 1.12MB / 83.1MB            [A[A
[1AProcessing Files (0 / 1)      :   1%|▏         | 1.12MB / 83.1MB,  102kB/s  

[1A
[1ANew Data Upload               :   1%|▏         | 1.12MB / 83.1MB,  102kB/s  [A


[1A
[1A  ...adapter_model.safetensors:   3%|▎         | 2.23MB / 83.1MB            [A[A
[1AProcessing Files (0 / 1)      :   3%|▎         | 2.23MB / 83.1MB,  201kB/s  

[1A
[1ANew Data Upload               :   3%|▎         | 2.23MB / 83.1MB,  201kB/s  [A


[1A  ...adapter_model.safetensors:   7%|▋         | 5.58MB / 83.1MB            [A[A
[1AProcessing Files (0 / 1)      :   7%|▋         | 5.58MB / 83.1MB,  505kB/s  

[1ANew Data Upload               :   7%|▋         | 5.58MB / 83.1MB,  505kB/s  [A


[1A  ...adapter_model.safetensors:  11%|█         | 8.93MB / 83.1MB            [A[A
[1AProcessing Files (0 / 1)      :  11%|█         | 8.93MB / 83.1MB,  800kB/s  

[1ANew Data Upload               :  11%|█         | 8.93MB / 83.1MB,  800kB/s  [A


[1A  ...adapter_model.safetensors:  18%|█▊        | 15.1MB / 83.1MB            [A[A
[1AProcessing Files (0 / 1)      :  18%|█▊        | 15.1MB / 83.1MB, 1.34MB/s  

[1ANew Data Upload               :  18%|█▊        | 15.1MB / 83.1MB, 1.34MB/s  [A


[1A  ...adapter_model.safetensors:  25%|██▍       | 20.7MB / 83.1MB            [A[A
[1AProcessing Files (0 / 1)      :  25%|██▍       | 20.7MB / 83.1MB, 1.82MB/s  

[1ANew Data Upload               :  25%|██▍       | 20.7MB / 83.1MB, 1.82MB/s  [A


[1A  ...adapter_model.safetensors:  28%|██▊       | 23.5MB / 83.1MB            [A[A
[1AProcessing Files (0 / 1)      :  28%|██▊       | 23.5MB / 83.1MB, 2.03MB/s  

[1ANew Data Upload               :  28%|██▊       | 23.5MB / 83.1MB, 2.03MB/s  [A


[1A
[1A  ...adapter_model.safetensors:  33%|███▎      | 27.8MB / 83.1MB            [A[A
[1AProcessing Files (0 / 1)      :  33%|███▎      | 27.8MB / 83.1MB, 2.37MB/s  

[1ANew Data Upload               :  33%|███▎      | 27.8MB / 83.1MB, 2.37MB/s  [A


[1A  ...adapter_model.safetensors:  39%|███▉      | 32.3MB / 83.1MB            [A[A
[1AProcessing Files (0 / 1)      :  39%|███▉      | 32.3MB / 83.1MB, 2.72MB/s  

[1A
[1ANew Data Upload               :  39%|███▉      | 32.3MB / 83.1MB, 2.72MB/s  [A


[1A
[1A  ...adapter_model.safetensors:  44%|████▍     | 36.7MB / 83.1MB            [A[A
[1AProcessing Files (0 / 1)      :  44%|████▍     | 36.7MB / 83.1MB, 3.05MB/s  

[1ANew Data Upload               :  44%|████▍     | 36.7MB / 83.1MB, 3.05MB/s  [A


[1A
[1A  ...adapter_model.safetensors:  49%|████▉     | 40.7MB / 83.1MB            [A[A
[1AProcessing Files (0 / 1)      :  49%|████▉     | 40.7MB / 83.1MB, 3.33MB/s  

[1A
[1ANew Data Upload               :  49%|████▉     | 40.7MB / 83.1MB, 3.33MB/s  [A


[1A  ...adapter_model.safetensors:  54%|█████▍    | 45.1MB / 83.1MB            [A[A
[1AProcessing Files (0 / 1)      :  54%|█████▍    | 45.1MB / 83.1MB, 3.51MB/s  

[1ANew Data Upload               :  54%|█████▍    | 45.1MB / 83.1MB, 3.51MB/s  [A


[1A
[1A  ...adapter_model.safetensors:  58%|█████▊    | 48.5MB / 83.1MB            [A[A
[1AProcessing Files (0 / 1)      :  58%|█████▊    | 48.5MB / 83.1MB, 3.65MB/s  

[1ANew Data Upload               :  58%|█████▊    | 48.5MB / 83.1MB, 3.65MB/s  [A


[1A
[1A  ...adapter_model.safetensors:  59%|█████▉    | 49.1MB / 83.1MB            [A[A
[1AProcessing Files (0 / 1)      :  59%|█████▉    | 49.1MB / 83.1MB, 3.62MB/s  

[1ANew Data Upload               :  59%|█████▉    | 49.1MB / 83.1MB, 3.62MB/s  [A


[1A  ...adapter_model.safetensors:  62%|██████▏   | 51.8MB / 83.1MB            [A[A
[1AProcessing Files (0 / 1)      :  62%|██████▏   | 51.8MB / 83.1MB, 3.78MB/s  

[1ANew Data Upload               :  62%|██████▏   | 51.8MB / 83.1MB, 3.78MB/s  [A


[1A  ...adapter_model.safetensors:  67%|██████▋   | 55.8MB / 83.1MB            [A[A
[1AProcessing Files (0 / 1)      :  67%|██████▋   | 55.8MB / 83.1MB, 4.03MB/s  

[1A
[1ANew Data Upload               :  67%|██████▋   | 55.8MB / 83.1MB, 4.03MB/s  [A


[1A
[1A  ...adapter_model.safetensors:  71%|███████   | 59.1MB / 83.1MB            [A[A
[1AProcessing Files (0 / 1)      :  71%|███████   | 59.1MB / 83.1MB, 4.15MB/s  

[1A
[1ANew Data Upload               :  71%|███████   | 59.1MB / 83.1MB, 4.15MB/s  [A


[1A
[1A  ...adapter_model.safetensors:  75%|███████▌  | 62.5MB / 83.1MB            [A[A
[1AProcessing Files (0 / 1)      :  75%|███████▌  | 62.5MB / 83.1MB, 4.26MB/s  

[1A
[1ANew Data Upload               :  75%|███████▌  | 62.5MB / 83.1MB, 4.26MB/s  [A


[1A  ...adapter_model.safetensors:  79%|███████▉  | 65.8MB / 83.1MB            [A[A
[1AProcessing Files (0 / 1)      :  79%|███████▉  | 65.8MB / 83.1MB, 4.36MB/s  

[1A
[1ANew Data Upload               :  79%|███████▉  | 65.8MB / 83.1MB, 4.36MB/s  [A


[1A  ...adapter_model.safetensors:  83%|████████▎ | 69.2MB / 83.1MB            [A[A
[1AProcessing Files (0 / 1)      :  83%|████████▎ | 69.2MB / 83.1MB, 4.46MB/s  

[1ANew Data Upload               :  83%|████████▎ | 69.2MB / 83.1MB, 4.46MB/s  [A


[1A
[1A  ...adapter_model.safetensors:  87%|████████▋ | 72.6MB / 83.1MB            [A[A
[1AProcessing Files (0 / 1)      :  87%|████████▋ | 72.6MB / 83.1MB, 4.55MB/s  

[1ANew Data Upload               :  87%|████████▋ | 72.6MB / 83.1MB, 4.55MB/s  [A


[1A
[1A  ...adapter_model.safetensors:  91%|█████████▏| 75.9MB / 83.1MB            [A[A
[1AProcessing Files (0 / 1)      :  91%|█████████▏| 75.9MB / 83.1MB, 4.64MB/s  

[1ANew Data Upload               :  91%|█████████▏| 75.9MB / 83.1MB, 4.64MB/s  [A


[1A
[1A  ...adapter_model.safetensors:  95%|█████████▍| 78.7MB / 83.1MB            [A[A
[1AProcessing Files (0 / 1)      :  95%|█████████▍| 78.7MB / 83.1MB, 4.68MB/s  

[1A
[1ANew Data Upload               :  95%|█████████▍| 78.7MB / 83.1MB, 4.68MB/s  [A


[1A
[1A  ...adapter_model.safetensors:  97%|█████████▋| 81.0MB / 83.1MB            [A[A
[1AProcessing Files (0 / 1)      :  97%|█████████▋| 81.0MB / 83.1MB, 4.59MB/s  

[1ANew Data Upload               :  97%|█████████▋| 81.0MB / 83.1MB, 4.59MB/s  [A


[1A
[1A  ...adapter_model.safetensors:  99%|█████████▉| 82.6MB / 83.1MB            [A[A
[1AProcessing Files (0 / 1)      :  99%|█████████▉| 82.6MB / 83.1MB, 4.45MB/s  

[1A
[1ANew Data Upload               :  99%|█████████▉| 82.6MB / 83.1MB, 4.45MB/s  [A


[1A
[1A  ...adapter_model.safetensors: 100%|██████████| 83.1MB / 83.1MB            [A[A
[1AProcessing Files (1 / 1)      : 100%|██████████| 83.1MB / 83.1MB, 3.91MB/s  

[1ANew Data Upload               : 100%|██████████| 83.1MB / 83.1MB, 3.91MB/s  [A
[1AProcessing Files (1 / 1)      : 100%|██████████| 83.1MB / 83.1MB, 3.91MB/s  

[1ANew Data Upload               : 100%|██████████| 83.1MB / 83.1MB, 3.91MB/s  

[1A  ...adapter_model.safetensors: 100%|██████████| 83.1MB / 83.1MB            
pushed adapter_A

[1AProcessing Files (0 / 0)      : |          |  0.00B /  0.00B            

[1ANew Data Upload               : |          |  0.00B /  0.00B            [A


[1A  ...adapter_model.safetensors:   5%|▍         | 3.91MB / 83.1MB            [A[A


[1A  ...adapter_model.safetensors:   5%|▍         | 3.91MB / 83.1MB            [A[A
[1AProcessing Files (0 / 1)      :   5%|▍         | 3.91MB / 83.1MB,  382kB/s  

[1ANew Data Upload               :   5%|▍         | 3.91MB / 83.1MB,  382kB/s  [A


[1A
[1A  ...adapter_model.safetensors:   9%|▉         | 7.82MB / 83.1MB            [A[A
[1AProcessing Files (0 / 1)      :   9%|▉         | 7.82MB / 83.1MB,  752kB/s  

[1ANew Data Upload               :   9%|▉         | 7.82MB / 83.1MB,  752kB/s  [A


[1A  ...adapter_model.safetensors:  14%|█▍        | 11.7MB / 83.1MB            [A[A
[1AProcessing Files (0 / 1)      :  14%|█▍        | 11.7MB / 83.1MB,  999kB/s  

[1ANew Data Upload               :  14%|█▍        | 11.7MB / 83.1MB,  999kB/s  [A


[1A  ...adapter_model.safetensors:  19%|█▉        | 15.6MB / 83.1MB            [A[A
[1AProcessing Files (0 / 1)      :  19%|█▉        | 15.6MB / 83.1MB, 1.34MB/s  

[1ANew Data Upload               :  19%|█▉        | 15.6MB / 83.1MB, 1.34MB/s  [A


[1A  ...adapter_model.safetensors:  24%|██▍       | 20.1MB / 83.1MB            [A[A
[1AProcessing Files (0 / 1)      :  24%|██▍       | 20.1MB / 83.1MB, 1.72MB/s  

[1ANew Data Upload               :  24%|██▍       | 20.1MB / 83.1MB, 1.72MB/s  [A


[1A  ...adapter_model.safetensors:  30%|██▉       | 24.6MB / 83.1MB            [A[A
[1AProcessing Files (0 / 1)      :  30%|██▉       | 24.6MB / 83.1MB, 2.08MB/s  

[1ANew Data Upload               :  30%|██▉       | 24.6MB / 83.1MB, 2.08MB/s  [A


[1A
[1A  ...adapter_model.safetensors:  34%|███▍      | 28.5MB / 83.1MB            [A[A
[1AProcessing Files (0 / 1)      :  34%|███▍      | 28.5MB / 83.1MB, 2.39MB/s  

[1A
[1ANew Data Upload               :  34%|███▍      | 28.5MB / 83.1MB, 2.39MB/s  [A


[1A  ...adapter_model.safetensors:  45%|████▌     | 37.4MB / 83.1MB            [A[A
[1AProcessing Files (0 / 1)      :  45%|████▌     | 37.4MB / 83.1MB, 3.14MB/s  

[1A
[1ANew Data Upload               :  45%|████▌     | 37.4MB / 83.1MB, 3.14MB/s  [A


[1A
[1A  ...adapter_model.safetensors:  50%|█████     | 41.9MB / 83.1MB            [A[A
[1AProcessing Files (0 / 1)      :  50%|█████     | 41.9MB / 83.1MB, 3.47MB/s  

[1A
[1ANew Data Upload               :  50%|█████     | 41.9MB / 83.1MB, 3.47MB/s  [A


[1A  ...adapter_model.safetensors:  56%|█████▌    | 46.4MB / 83.1MB            [A[A
[1AProcessing Files (0 / 1)      :  56%|█████▌    | 46.4MB / 83.1MB, 3.79MB/s  

[1A
[1ANew Data Upload               :  56%|█████▌    | 46.4MB / 83.1MB, 3.79MB/s  [A


[1A  ...adapter_model.safetensors:  60%|█████▉    | 49.7MB / 83.1MB            [A[A
[1AProcessing Files (0 / 1)      :  60%|█████▉    | 49.7MB / 83.1MB, 3.84MB/s  

[1A
[1ANew Data Upload               :  60%|█████▉    | 49.7MB / 83.1MB, 3.84MB/s  [A


[1A
[1A  ...adapter_model.safetensors:  63%|██████▎   | 52.5MB / 83.1MB            [A[A
[1AProcessing Files (0 / 1)      :  63%|██████▎   | 52.5MB / 83.1MB, 3.84MB/s  

[1ANew Data Upload               :  63%|██████▎   | 52.5MB / 83.1MB, 3.84MB/s  [A


[1A  ...adapter_model.safetensors:  67%|██████▋   | 55.9MB / 83.1MB            [A[A
[1AProcessing Files (0 / 1)      :  67%|██████▋   | 55.9MB / 83.1MB, 3.88MB/s  

[1ANew Data Upload               :  67%|██████▋   | 55.9MB / 83.1MB, 3.88MB/s  [A


[1A
[1A  ...adapter_model.safetensors:  71%|███████   | 58.7MB / 83.1MB            [A[A
[1AProcessing Files (0 / 1)      :  71%|███████   | 58.7MB / 83.1MB, 3.96MB/s  

[1A
[1ANew Data Upload               :  71%|███████   | 58.7MB / 83.1MB, 3.96MB/s  [A


[1A  ...adapter_model.safetensors:  75%|███████▍  | 62.0MB / 83.1MB            [A[A
[1AProcessing Files (0 / 1)      :  75%|███████▍  | 62.0MB / 83.1MB, 3.99MB/s  

[1ANew Data Upload               :  75%|███████▍  | 62.0MB / 83.1MB, 3.99MB/s  [A


[1A
[1A  ...adapter_model.safetensors:  79%|███████▊  | 65.4MB / 83.1MB            [A[A
[1AProcessing Files (0 / 1)      :  79%|███████▊  | 65.4MB / 83.1MB, 4.03MB/s  

[1A
[1ANew Data Upload               :  79%|███████▊  | 65.4MB / 83.1MB, 4.03MB/s  [A


[1A  ...adapter_model.safetensors:  82%|████████▏ | 68.2MB / 83.1MB            [A[A
[1AProcessing Files (0 / 1)      :  82%|████████▏ | 68.2MB / 83.1MB, 4.01MB/s  

[1A
[1ANew Data Upload               :  82%|████████▏ | 68.2MB / 83.1MB, 4.01MB/s  [A


[1A  ...adapter_model.safetensors:  85%|████████▌ | 71.0MB / 83.1MB            [A[A
[1AProcessing Files (0 / 1)      :  85%|████████▌ | 71.0MB / 83.1MB, 4.08MB/s  

[1ANew Data Upload               :  85%|████████▌ | 71.0MB / 83.1MB, 4.08MB/s  [A


[1A
[1A  ...adapter_model.safetensors:  89%|████████▉ | 73.8MB / 83.1MB            [A[A
[1AProcessing Files (0 / 1)      :  89%|████████▉ | 73.8MB / 83.1MB, 3.98MB/s  

[1ANew Data Upload               :  89%|████████▉ | 73.8MB / 83.1MB, 3.98MB/s  [A


[1A
[1A  ...adapter_model.safetensors:  89%|████████▉ | 73.8MB / 83.1MB            [A[A
[1AProcessing Files (0 / 1)      :  89%|████████▉ | 73.8MB / 83.1MB, 3.75MB/s  

[1ANew Data Upload               :  89%|████████▉ | 73.8MB / 83.1MB, 3.75MB/s  [A


[1A  ...adapter_model.safetensors:  91%|█████████▏| 76.0MB / 83.1MB            [A[A
[1AProcessing Files (0 / 1)      :  91%|█████████▏| 76.0MB / 83.1MB, 2.80MB/s  

[1ANew Data Upload               :  91%|█████████▏| 76.0MB / 83.1MB, 2.80MB/s  [A


[1A
[1A  ...adapter_model.safetensors:  94%|█████████▍| 78.3MB / 83.1MB            [A[A
[1AProcessing Files (0 / 1)      :  94%|█████████▍| 78.3MB / 83.1MB, 2.27MB/s  

[1A
[1ANew Data Upload               :  94%|█████████▍| 78.3MB / 83.1MB, 2.27MB/s  [A


[1A
[1A  ...adapter_model.safetensors:  97%|█████████▋| 80.5MB / 83.1MB            [A[A
[1AProcessing Files (0 / 1)      :  97%|█████████▋| 80.5MB / 83.1MB, 1.92MB/s  

[1A
[1ANew Data Upload               :  97%|█████████▋| 80.5MB / 83.1MB, 1.92MB/s  [A


[1A
[1A  ...adapter_model.safetensors: 100%|█████████▉| 82.7MB / 83.1MB            [A[AProcessing Files (0 / 1)      : 100%|█████████▉| 82.7MB / 83.1MB, 1.70MB/s  

[1A
[1ANew Data Upload               : 100%|█████████▉| 82.7MB / 83.1MB, 1.70MB/s  [A


[1A
[1A  ...adapter_model.safetensors: 100%|██████████| 83.1MB / 83.1MB            [A[A
[1AProcessing Files (1 / 1)      : 100%|██████████| 83.1MB / 83.1MB, 1.17MB/s  

[1A
[1ANew Data Upload               : 100%|██████████| 83.1MB / 83.1MB, 1.17MB/s  [A
[1AProcessing Files (1 / 1)      : 100%|██████████| 83.1MB / 83.1MB, 1.17MB/s  
New Data Upload               : 100%|██████████| 83.1MB / 83.1MB, 1.17MB/s  
  ...adapter_model.safetensors: 100%|██████████| 83.1MB / 83.1MB            
pushed adapter_A_s2

[1AProcessing Files (0 / 0)      : |          |  0.00B /  0.00B            

[1ANew Data Upload               : |          |  0.00B /  0.00B            [A


[1A
[1A  ...adapter_model.safetensors:   5%|▍         | 3.92MB / 83.1MB            [A[A


[1A
[1A  ...adapter_model.safetensors:   5%|▍         | 3.92MB / 83.1MB            [A[A
[1AProcessing Files (0 / 1)      :   5%|▍         | 3.92MB / 83.1MB,  383kB/s  

[1ANew Data Upload               :   6%|▌         | 3.92MB / 67.0MB,  383kB/s  [A


[1A
[1A  ...adapter_model.safetensors:   9%|▉         | 7.83MB / 83.1MB            [A[A
[1AProcessing Files (0 / 1)      :   9%|▉         | 7.83MB / 83.1MB,  753kB/s  

[1ANew Data Upload               :   9%|▉         | 7.83MB / 83.1MB,  753kB/s  [A


[1A
[1A  ...adapter_model.safetensors:  13%|█▎        | 11.2MB / 83.1MB            [A[A
[1AProcessing Files (0 / 1)      :  13%|█▎        | 11.2MB / 83.1MB,  966kB/s  

[1A
[1ANew Data Upload               :  13%|█▎        | 11.2MB / 83.1MB,  966kB/s  [A


[1A
[1A  ...adapter_model.safetensors:  17%|█▋        | 14.0MB / 83.1MB            [A[A
[1AProcessing Files (0 / 1)      :  17%|█▋        | 14.0MB / 83.1MB, 1.16MB/s  

[1ANew Data Upload               :  17%|█▋        | 14.0MB / 83.1MB, 1.16MB/s  [A


[1A  ...adapter_model.safetensors:  21%|██        | 17.3MB / 83.1MB            [A[A
[1AProcessing Files (0 / 1)      :  21%|██        | 17.3MB / 83.1MB, 1.38MB/s  

[1A
[1ANew Data Upload               :  21%|██        | 17.3MB / 83.1MB, 1.38MB/s  [A


[1A
[1A  ...adapter_model.safetensors:  24%|██▍       | 20.1MB / 83.1MB            [A[A
[1AProcessing Files (0 / 1)      :  24%|██▍       | 20.1MB / 83.1MB, 1.57MB/s  

[1A
[1ANew Data Upload               :  24%|██▍       | 20.1MB / 83.1MB, 1.57MB/s  [A


[1A
[1A  ...adapter_model.safetensors:  28%|██▊       | 23.5MB / 83.1MB            [A[A
[1AProcessing Files (0 / 1)      :  28%|██▊       | 23.5MB / 83.1MB, 1.76MB/s  

[1A
[1ANew Data Upload               :  28%|██▊       | 23.5MB / 83.1MB, 1.76MB/s  [A


[1A  ...adapter_model.safetensors:  32%|███▏      | 26.3MB / 83.1MB            [A[A
[1AProcessing Files (0 / 1)      :  32%|███▏      | 26.3MB / 83.1MB, 1.89MB/s  

[1ANew Data Upload               :  32%|███▏      | 26.3MB / 83.1MB, 1.89MB/s  [A


[1A
[1A  ...adapter_model.safetensors:  36%|███▌      | 29.7MB / 83.1MB            [A[A
[1AProcessing Files (0 / 1)      :  36%|███▌      | 29.7MB / 83.1MB, 2.06MB/s  

[1A
[1ANew Data Upload               :  36%|███▌      | 29.7MB / 83.1MB, 2.06MB/s  [A


[1A  ...adapter_model.safetensors:  39%|███▉      | 32.5MB / 83.1MB            [A[A
[1AProcessing Files (0 / 1)      :  39%|███▉      | 32.5MB / 83.1MB, 2.21MB/s  

[1ANew Data Upload               :  39%|███▉      | 32.5MB / 83.1MB, 2.21MB/s  [A


[1A  ...adapter_model.safetensors:  42%|████▏     | 35.3MB / 83.1MB            [A[A
[1AProcessing Files (0 / 1)      :  42%|████▏     | 35.3MB / 83.1MB, 2.36MB/s  

[1ANew Data Upload               :  42%|████▏     | 35.3MB / 83.1MB, 2.36MB/s  [A


[1A  ...adapter_model.safetensors:  46%|████▌     | 38.1MB / 83.1MB            [A[A
[1AProcessing Files (0 / 1)      :  46%|████▌     | 38.1MB / 83.1MB, 2.44MB/s  

[1ANew Data Upload               :  46%|████▌     | 38.1MB / 83.1MB, 2.44MB/s  [A


[1A
[1A  ...adapter_model.safetensors:  48%|████▊     | 40.3MB / 83.1MB            [A[A
[1AProcessing Files (0 / 1)      :  48%|████▊     | 40.3MB / 83.1MB, 2.53MB/s  

[1A
[1ANew Data Upload               :  48%|████▊     | 40.3MB / 83.1MB, 2.53MB/s  [A


[1A
[1A  ...adapter_model.safetensors:  53%|█████▎    | 43.7MB / 83.1MB            [A[A
[1AProcessing Files (0 / 1)      :  53%|█████▎    | 43.7MB / 83.1MB, 2.65MB/s  

[1ANew Data Upload               :  53%|█████▎    | 43.7MB / 83.1MB, 2.65MB/s  [A


[1A
[1A  ...adapter_model.safetensors:  56%|█████▌    | 46.5MB / 83.1MB            [A[A
[1AProcessing Files (0 / 1)      :  56%|█████▌    | 46.5MB / 83.1MB, 2.77MB/s  

[1ANew Data Upload               :  56%|█████▌    | 46.5MB / 83.1MB, 2.77MB/s  [A


[1A
[1A  ...adapter_model.safetensors:  59%|█████▉    | 49.3MB / 83.1MB            [A[A
[1AProcessing Files (0 / 1)      :  59%|█████▉    | 49.3MB / 83.1MB, 2.89MB/s  

[1A
[1ANew Data Upload               :  59%|█████▉    | 49.3MB / 83.1MB, 2.89MB/s  [A


[1A  ...adapter_model.safetensors:  67%|██████▋   | 55.4MB / 83.1MB            [A[A
[1AProcessing Files (0 / 1)      :  67%|██████▋   | 55.4MB / 83.1MB, 3.21MB/s  

[1A
[1ANew Data Upload               :  67%|██████▋   | 55.4MB / 83.1MB, 3.21MB/s  [A


[1A  ...adapter_model.safetensors:  70%|███████   | 58.2MB / 83.1MB            [A[A
[1AProcessing Files (0 / 1)      :  70%|███████   | 58.2MB / 83.1MB, 3.24MB/s  

[1ANew Data Upload               :  70%|███████   | 58.2MB / 83.1MB, 3.24MB/s  [A


[1A  ...adapter_model.safetensors:  74%|███████▍  | 61.6MB / 83.1MB            [A[A
[1AProcessing Files (0 / 1)      :  74%|███████▍  | 61.6MB / 83.1MB, 3.38MB/s  

[1ANew Data Upload               :  74%|███████▍  | 61.6MB / 83.1MB, 3.38MB/s  [A


[1A
[1A  ...adapter_model.safetensors:  77%|███████▋  | 63.8MB / 83.1MB            [A[A
[1AProcessing Files (0 / 1)      :  77%|███████▋  | 63.8MB / 83.1MB, 3.42MB/s  

[1ANew Data Upload               :  77%|███████▋  | 63.8MB / 83.1MB, 3.42MB/s  [A


[1A  ...adapter_model.safetensors:  81%|████████  | 67.2MB / 83.1MB            [A[A
[1AProcessing Files (0 / 1)      :  81%|████████  | 67.2MB / 83.1MB, 3.49MB/s  

[1ANew Data Upload               :  81%|████████  | 67.2MB / 83.1MB, 3.49MB/s  [A


[1A  ...adapter_model.safetensors:  85%|████████▍ | 70.5MB / 83.1MB            [A[A
[1AProcessing Files (0 / 1)      :  85%|████████▍ | 70.5MB / 83.1MB, 3.55MB/s  

[1A
[1ANew Data Upload               :  85%|████████▍ | 70.5MB / 83.1MB, 3.55MB/s  [A


[1A
[1A  ...adapter_model.safetensors:  88%|████████▊ | 73.3MB / 83.1MB            [A[A
[1AProcessing Files (0 / 1)      :  88%|████████▊ | 73.3MB / 83.1MB, 3.63MB/s  

[1ANew Data Upload               :  88%|████████▊ | 73.3MB / 83.1MB, 3.63MB/s  [A


[1A  ...adapter_model.safetensors:  89%|████████▊ | 73.7MB / 83.1MB            [A[A
[1AProcessing Files (0 / 1)      :  89%|████████▊ | 73.7MB / 83.1MB, 3.20MB/s  

[1ANew Data Upload               :  89%|████████▊ | 73.7MB / 83.1MB, 3.20MB/s  [A


[1A
[1A  ...adapter_model.safetensors:  91%|█████████▏| 75.9MB / 83.1MB            [A[A
[1AProcessing Files (0 / 1)      :  91%|█████████▏| 75.9MB / 83.1MB, 2.76MB/s  

[1A
[1ANew Data Upload               :  91%|█████████▏| 75.9MB / 83.1MB, 2.76MB/s  [A


[1A  ...adapter_model.safetensors:  94%|█████████▍| 78.2MB / 83.1MB            [A[A
[1AProcessing Files (0 / 1)      :  94%|█████████▍| 78.2MB / 83.1MB, 1.97MB/s  

[1ANew Data Upload               :  94%|█████████▍| 78.2MB / 83.1MB, 1.97MB/s  [A


[1A  ...adapter_model.safetensors:  97%|█████████▋| 80.4MB / 83.1MB            [A[A
[1AProcessing Files (0 / 1)      :  97%|█████████▋| 80.4MB / 83.1MB, 1.39MB/s  

[1A
[1ANew Data Upload               :  97%|█████████▋| 80.4MB / 83.1MB, 1.39MB/s  [A


[1A  ...adapter_model.safetensors:  99%|█████████▉| 82.7MB / 83.1MB            [A[A
[1AProcessing Files (0 / 1)      :  99%|█████████▉| 82.7MB / 83.1MB, 1.06MB/s  

[1A
[1ANew Data Upload               :  99%|█████████▉| 82.7MB / 83.1MB, 1.06MB/s  [A


[1A
[1A  ...adapter_model.safetensors: 100%|██████████| 83.1MB / 83.1MB            [A[A
[1AProcessing Files (1 / 1)      : 100%|██████████| 83.1MB / 83.1MB,  615kB/s  

[1A
[1ANew Data Upload               : 100%|██████████| 83.1MB / 83.1MB,  615kB/s  [A
[1AProcessing Files (1 / 1)      : 100%|██████████| 83.1MB / 83.1MB,  615kB/s  
New Data Upload               : 100%|██████████| 83.1MB / 83.1MB,  615kB/s  

[1A  ...adapter_model.safetensors: 100%|██████████| 83.1MB / 83.1MB            
pushed adapter_B

[1AProcessing Files (0 / 0)      : |          |  0.00B /  0.00B            

[1A
[1ANew Data Upload               : |          |  0.00B /  0.00B            [A


[1A
[1A  ...adapter_model.safetensors:   5%|▍         | 3.91MB / 83.1MB            [A[A


[1A
[1A  ...adapter_model.safetensors:   5%|▍         | 3.91MB / 83.1MB            [A[A
[1AProcessing Files (0 / 1)      :   5%|▍         | 3.91MB / 83.1MB,  379kB/s  

[1ANew Data Upload               :   5%|▍         | 3.91MB / 83.1MB,  379kB/s  [A


[1A  ...adapter_model.safetensors:   9%|▉         | 7.81MB / 83.1MB            [A[A
[1AProcessing Files (0 / 1)      :   9%|▉         | 7.81MB / 83.1MB,  746kB/s  

[1A
[1ANew Data Upload               :   9%|▉         | 7.81MB / 83.1MB,  746kB/s  [A


[1A
[1A  ...adapter_model.safetensors:  13%|█▎        | 11.2MB / 83.1MB            [A[A
[1AProcessing Files (0 / 1)      :  13%|█▎        | 11.2MB / 83.1MB,  940kB/s  

[1ANew Data Upload               :  13%|█▎        | 11.2MB / 83.1MB,  940kB/s  [A


[1A
[1A  ...adapter_model.safetensors:  17%|█▋        | 13.9MB / 83.1MB            [A[A
[1AProcessing Files (0 / 1)      :  17%|█▋        | 13.9MB / 83.1MB, 1.13MB/s  

[1ANew Data Upload               :  17%|█▋        | 13.9MB / 83.1MB, 1.13MB/s  [A


[1A
[1A  ...adapter_model.safetensors:  21%|██        | 17.3MB / 83.1MB            [A[A
[1AProcessing Files (0 / 1)      :  21%|██        | 17.3MB / 83.1MB, 1.38MB/s  

[1A
[1ANew Data Upload               :  21%|██        | 17.3MB / 83.1MB, 1.38MB/s  [A


[1A
[1A  ...adapter_model.safetensors:  23%|██▎       | 19.5MB / 83.1MB            [A[A
[1AProcessing Files (0 / 1)      :  23%|██▎       | 19.5MB / 83.1MB, 1.49MB/s  

[1A
[1ANew Data Upload               :  23%|██▎       | 19.5MB / 83.1MB, 1.49MB/s  [A


[1A
[1A  ...adapter_model.safetensors:  24%|██▍       | 19.9MB / 83.1MB            [A[A
[1AProcessing Files (0 / 1)      :  24%|██▍       | 19.9MB / 83.1MB, 1.37MB/s  

[1A
[1ANew Data Upload               :  24%|██▍       | 19.9MB / 83.1MB, 1.37MB/s  [A


[1A  ...adapter_model.safetensors:  27%|██▋       | 22.7MB / 83.1MB            [A[A
[1AProcessing Files (0 / 1)      :  27%|██▋       | 22.7MB / 83.1MB, 1.27MB/s  

[1A
[1ANew Data Upload               :  27%|██▋       | 22.7MB / 83.1MB, 1.27MB/s  [A


[1A
[1A  ...adapter_model.safetensors:  30%|███       | 24.9MB / 83.1MB            [A[A
[1AProcessing Files (0 / 1)      :  30%|███       | 24.9MB / 83.1MB, 1.02MB/s  

[1A
[1ANew Data Upload               :  30%|███       | 24.9MB / 83.1MB, 1.02MB/s  [A


[1A
[1A  ...adapter_model.safetensors:  33%|███▎      | 27.2MB / 83.1MB            [A[A
[1AProcessing Files (0 / 1)      :  33%|███▎      | 27.2MB / 83.1MB,  753kB/s  

[1A
[1ANew Data Upload               :  33%|███▎      | 27.2MB / 83.1MB,  753kB/s  [A


[1A
[1A  ...adapter_model.safetensors:  35%|███▌      | 29.4MB / 83.1MB            [A[A
[1AProcessing Files (0 / 1)      :  35%|███▌      | 29.4MB / 83.1MB,  673kB/s  

[1ANew Data Upload               :  35%|███▌      | 29.4MB / 83.1MB,  673kB/s  [A


[1A
[1A  ...adapter_model.safetensors:  38%|███▊      | 31.7MB / 83.1MB            [A[A
[1AProcessing Files (0 / 1)      :  38%|███▊      | 31.7MB / 83.1MB,  663kB/s  

[1ANew Data Upload               :  38%|███▊      | 31.7MB / 83.1MB,  663kB/s  [A


[1A
[1A  ...adapter_model.safetensors:  41%|████      | 33.9MB / 83.1MB            [A[A
[1AProcessing Files (0 / 1)      :  41%|████      | 33.9MB / 83.1MB,  693kB/s  

[1ANew Data Upload               :  41%|████      | 33.9MB / 83.1MB,  693kB/s  [A


[1A
[1A  ...adapter_model.safetensors:  43%|████▎     | 36.1MB / 83.1MB            [A[A
[1AProcessing Files (0 / 1)      :  43%|████▎     | 36.1MB / 83.1MB,  717kB/s  

[1A
[1ANew Data Upload               :  43%|████▎     | 36.1MB / 83.1MB,  717kB/s  [A


[1A  ...adapter_model.safetensors:  47%|████▋     | 38.9MB / 83.1MB            [A[A
[1AProcessing Files (0 / 1)      :  47%|████▋     | 38.9MB / 83.1MB,  786kB/s  

[1ANew Data Upload               :  47%|████▋     | 38.9MB / 83.1MB,  786kB/s  [A


[1A  ...adapter_model.safetensors:  50%|████▉     | 41.1MB / 83.1MB            [A[A
[1AProcessing Files (0 / 1)      :  50%|████▉     | 41.1MB / 83.1MB,  815kB/s  

[1ANew Data Upload               :  50%|████▉     | 41.1MB / 83.1MB,  815kB/s  [A


[1A  ...adapter_model.safetensors:  52%|█████▏    | 43.4MB / 83.1MB            [A[A
[1AProcessing Files (0 / 1)      :  52%|█████▏    | 43.4MB / 83.1MB,  839kB/s  

[1A
[1ANew Data Upload               :  52%|█████▏    | 43.4MB / 83.1MB,  839kB/s  [A


[1A  ...adapter_model.safetensors:  55%|█████▍    | 45.6MB / 83.1MB            [A[A
[1AProcessing Files (0 / 1)      :  55%|█████▍    | 45.6MB / 83.1MB,  884kB/s  

[1ANew Data Upload               :  55%|█████▍    | 45.6MB / 83.1MB,  884kB/s  [A


[1A  ...adapter_model.safetensors:  58%|█████▊    | 47.8MB / 83.1MB            [A[A
[1AProcessing Files (0 / 1)      :  58%|█████▊    | 47.8MB / 83.1MB,  924kB/s  

[1ANew Data Upload               :  58%|█████▊    | 47.8MB / 83.1MB,  924kB/s  [A


[1A  ...adapter_model.safetensors:  59%|█████▉    | 49.0MB / 83.1MB            [A[A
[1AProcessing Files (0 / 1)      :  59%|█████▉    | 49.0MB / 83.1MB,  513kB/s  

[1ANew Data Upload               :  59%|█████▉    | 49.0MB / 83.1MB,  513kB/s  [A


[1A  ...adapter_model.safetensors:  62%|██████▏   | 51.8MB / 83.1MB            [A[A
[1AProcessing Files (0 / 1)      :  62%|██████▏   | 51.8MB / 83.1MB,  680kB/s  

[1ANew Data Upload               :  62%|██████▏   | 51.8MB / 83.1MB,  680kB/s  [A


[1A
[1A  ...adapter_model.safetensors:  66%|██████▋   | 55.1MB / 83.1MB            [A[A
[1AProcessing Files (0 / 1)      :  66%|██████▋   | 55.1MB / 83.1MB,  877kB/s  

[1ANew Data Upload               :  66%|██████▋   | 55.1MB / 83.1MB,  877kB/s  [A


[1A  ...adapter_model.safetensors:  70%|██████▉   | 57.9MB / 83.1MB            [A[A
[1AProcessing Files (0 / 1)      :  70%|██████▉   | 57.9MB / 83.1MB, 1.02MB/s  

[1ANew Data Upload               :  70%|██████▉   | 57.9MB / 83.1MB, 1.02MB/s  [A


[1A
[1A  ...adapter_model.safetensors:  73%|███████▎  | 60.7MB / 83.1MB            [A[A
[1AProcessing Files (0 / 1)      :  73%|███████▎  | 60.7MB / 83.1MB, 1.18MB/s  

[1ANew Data Upload               :  73%|███████▎  | 60.7MB / 83.1MB, 1.18MB/s  [A


[1A  ...adapter_model.safetensors:  76%|███████▋  | 63.5MB / 83.1MB            [A[A
[1AProcessing Files (0 / 1)      :  76%|███████▋  | 63.5MB / 83.1MB, 1.31MB/s  

[1A
[1ANew Data Upload               :  76%|███████▋  | 63.5MB / 83.1MB, 1.31MB/s  [A


[1A  ...adapter_model.safetensors:  80%|████████  | 66.8MB / 83.1MB            [A[A
[1AProcessing Files (0 / 1)      :  80%|████████  | 66.8MB / 83.1MB, 1.48MB/s  

[1ANew Data Upload               :  80%|████████  | 66.8MB / 83.1MB, 1.48MB/s  [A


[1A  ...adapter_model.safetensors:  84%|████████▍ | 69.6MB / 83.1MB            [A[A
[1AProcessing Files (0 / 1)      :  84%|████████▍ | 69.6MB / 83.1MB, 1.60MB/s  

[1A
[1ANew Data Upload               :  84%|████████▍ | 69.6MB / 83.1MB, 1.60MB/s  [A


[1A  ...adapter_model.safetensors:  87%|████████▋ | 72.4MB / 83.1MB            [A[A
[1AProcessing Files (0 / 1)      :  87%|████████▋ | 72.4MB / 83.1MB, 1.73MB/s  

[1ANew Data Upload               :  87%|████████▋ | 72.4MB / 83.1MB, 1.73MB/s  [A


[1A  ...adapter_model.safetensors:  91%|█████████ | 75.8MB / 83.1MB            [A[A
[1AProcessing Files (0 / 1)      :  91%|█████████ | 75.8MB / 83.1MB, 1.88MB/s  

[1ANew Data Upload               :  91%|█████████ | 75.8MB / 83.1MB, 1.88MB/s  [A


[1A  ...adapter_model.safetensors:  94%|█████████▍| 78.0MB / 83.1MB            [A[A
[1AProcessing Files (0 / 1)      :  94%|█████████▍| 78.0MB / 83.1MB, 1.94MB/s  

[1ANew Data Upload               :  94%|█████████▍| 78.0MB / 83.1MB, 1.94MB/s  [A


[1A  ...adapter_model.safetensors:  97%|█████████▋| 80.2MB / 83.1MB            [A[A
[1AProcessing Files (0 / 1)      :  97%|█████████▋| 80.2MB / 83.1MB, 2.02MB/s  

[1ANew Data Upload               :  97%|█████████▋| 80.2MB / 83.1MB, 2.02MB/s  [A


[1A  ...adapter_model.safetensors: 100%|█████████▉| 83.0MB / 83.1MB            [A[A
[1AProcessing Files (0 / 1)      : 100%|█████████▉| 83.0MB / 83.1MB, 2.15MB/s  

[1ANew Data Upload               : 100%|█████████▉| 83.0MB / 83.1MB, 2.15MB/s  [A


[1A
[1A  ...adapter_model.safetensors: 100%|██████████| 83.1MB / 83.1MB            [A[A
[1AProcessing Files (1 / 1)      : 100%|██████████| 83.1MB / 83.1MB, 1.91MB/s  

[1ANew Data Upload               : 100%|██████████| 83.1MB / 83.1MB, 1.91MB/s  [A
[1AProcessing Files (1 / 1)      : 100%|██████████| 83.1MB / 83.1MB, 1.91MB/s  
New Data Upload               : 100%|██████████| 83.1MB / 83.1MB, 1.91MB/s  
  ...adapter_model.safetensors: 100%|██████████| 83.1MB / 83.1MB            
pushed adapter_B_s2
PUSHED: ['adapter_A', 'adapter_A_s2', 'adapter_B', 'adapter_B_s2']
Stopping app - local entrypoint completed.
PUSHED_ADAPTERS: ['adapter_A', 'adapter_A_s2', 'adapter_B', 'adapter_B_s2']
✓ App completed. View run at 
https://modal.com/apps/reichers-shai-c9-dmitry/main/ap-vO2AthFS9bUhqsMWPqowro
