✓ Initialized. View run at 
https://modal.com/apps/reichers-shai-c9-dmitry/main/ap-fenzM4os6VEfoVTMoeggTN
✓ Created objects.
├── 🔨 Created mount 
│   /Users/dmitrymanning-coe/Documents/Research/FRA/fra_proj/experiments/constra
│   ined_belief_updating/bridge_to_real/modal_liveness.py
└── 🔨 Created function check.
WARNING:root:You tried to specify center_unembed=True for a model using logit softcap, but this can't be done! Softcapping is not invariant upon adding a constant Setting center_unembed=False instead.

[1ADownloading shards:   0%|          | 0/3 [00:00<?, ?it/s]
[1ADownloading shards:  33%|███▎      | 1/3 [00:18<00:36, 18.28s/it]
[1ADownloading shards:  67%|██████▋   | 2/3 [00:35<00:17, 17.85s/it]
[1ADownloading shards: 100%|██████████| 3/3 [00:38<00:00, 10.77s/it]
[1ADownloading shards: 100%|██████████| 3/3 [00:38<00:00, 12.72s/it]

[1ALoading checkpoint shards:   0%|          | 0/3 [00:00<?, ?it/s]
[1ALoading checkpoint shards:  33%|███▎      | 1/3 [00:03<00:06,  3.11s/it]
[1ALoading checkpoint shards:  67%|██████▋   | 2/3 [00:06<00:03,  3.13s/it]
[1ALoading checkpoint shards: 100%|██████████| 3/3 [00:06<00:00,  1.90s/it]
[1ALoading checkpoint shards: 100%|██████████| 3/3 [00:06<00:00,  2.23s/it]
WARNING:root:With reduced precision, it is advised to use `from_pretrained_no_processing` instead of `from_pretrained`.
WARNING:root:You are not using LayerNorm, so the writing weights can't be centered! Skipping
Loaded pretrained model gemma-2-2b into HookedTransformer
RESULT: {
  "cuda": true,
  "device": "NVIDIA A10",
  "torch": "2.13.0+cu130",
  "gemma_loaded": true,
  "n_layers": 26,
  "n_heads": 8,
  "logits_shape": [
    1,
    6,
    256000
  ],
  "next_tok": " window"
}
Stopping app - local entrypoint completed.
✓ App completed. View run at 
https://modal.com/apps/reichers-shai-c9-dmitry/main/ap-fenzM4os6VEfoVTMoeggTN
