[A_1L1H_s42] 2000/12000 loss=1.08997 (14s)
[A_1L1H_s42] 4000/12000 loss=1.08968 (28s)
[A_1L1H_s42] 6000/12000 loss=1.09002 (42s)
[A_1L1H_s42] 8000/12000 loss=1.08971 (56s)
[A_1L1H_s42] 10000/12000 loss=1.08976 (70s)
[A_1L1H_s42] 12000/12000 loss=1.08916 (83s)
[A_1L1H_s42] DONE ce=1.089380 rec=0.9812 gap_constr=-1.82e-04 vs_mlp=-8.24e-05
[A_1L2H_s42] 2000/12000 loss=1.09007 (16s)
[A_1L2H_s42] 4000/12000 loss=1.08978 (33s)
[A_1L2H_s42] 6000/12000 loss=1.09006 (49s)
[A_1L2H_s42] 8000/12000 loss=1.08971 (65s)
[A_1L2H_s42] 10000/12000 loss=1.08980 (82s)
[A_1L2H_s42] 12000/12000 loss=1.08918 (98s)
[A_1L2H_s42] DONE ce=1.089373 rec=0.9819 gap_constr=-1.89e-04 vs_mlp=-8.91e-05
[A_2L2H_s42] 2000/12000 loss=1.08982 (31s)
[A_2L2H_s42] 4000/12000 loss=1.08989 (62s)
[A_2L2H_s42] 6000/12000 loss=1.09008 (94s)
[A_2L2H_s42] 8000/12000 loss=1.08975 (125s)
[A_2L2H_s42] 10000/12000 loss=1.08986 (155s)
[A_2L2H_s42] 12000/12000 loss=1.08925 (185s)
[A_2L2H_s42] DONE ce=1.089450 rec=0.9738 gap_constr=-1.12e-04 vs_mlp=-1.24e-05
[A_3L2H_s42] 2000/12000 loss=1.08988 (42s)
[A_3L2H_s42] 4000/12000 loss=1.08984 (84s)
[A_3L2H_s42] 6000/12000 loss=1.09002 (128s)
[A_3L2H_s42] 8000/12000 loss=1.08975 (170s)
[A_3L2H_s42] 10000/12000 loss=1.08984 (212s)
[A_3L2H_s42] 12000/12000 loss=1.08915 (253s)
[A_3L2H_s42] DONE ce=1.089375 rec=0.9817 gap_constr=-1.87e-04 vs_mlp=-8.68e-05
[B_1L1H_s42] 2000/12000 loss=1.09325 (13s)
[B_1L1H_s42] 4000/12000 loss=1.09266 (27s)
[B_1L1H_s42] 6000/12000 loss=1.09197 (40s)
[B_1L1H_s42] 8000/12000 loss=1.09215 (53s)
[B_1L1H_s42] 10000/12000 loss=1.09163 (66s)
[B_1L1H_s42] 12000/12000 loss=1.09192 (79s)
[B_1L1H_s42] DONE ce=1.091780 rec=0.8455 gap_constr=+9.26e-04 vs_mlp=+8.97e-04
[B_1L2H_s42] 2000/12000 loss=1.09285 (15s)
[B_1L2H_s42] 4000/12000 loss=1.09229 (31s)
[B_1L2H_s42] 6000/12000 loss=1.09148 (46s)
[B_1L2H_s42] 8000/12000 loss=1.09159 (62s)
[B_1L2H_s42] 10000/12000 loss=1.09094 (78s)
[B_1L2H_s42] 12000/12000 loss=1.09122 (94s)
[B_1L2H_s42] DONE ce=1.091141 rec=0.9245 gap_constr=+2.88e-04 vs_mlp=+2.59e-04
[B_2L2H_s42] 2000/12000 loss=1.09242 (31s)
[B_2L2H_s42] 4000/12000 loss=1.09190 (63s)
[B_2L2H_s42] 6000/12000 loss=1.09111 (93s)
[B_2L2H_s42] 8000/12000 loss=1.09124 (123s)
[B_2L2H_s42] 10000/12000 loss=1.09065 (153s)
[B_2L2H_s42] 12000/12000 loss=1.09094 (182s)
[B_2L2H_s42] DONE ce=1.090960 rec=0.9470 gap_constr=+1.06e-04 vs_mlp=+7.73e-05
[B_3L2H_s42] 2000/12000 loss=1.09245 (41s)
[B_3L2H_s42] 4000/12000 loss=1.09188 (84s)
[B_3L2H_s42] 6000/12000 loss=1.09102 (128s)
[B_3L2H_s42] 8000/12000 loss=1.09119 (171s)
[B_3L2H_s42] 10000/12000 loss=1.09066 (213s)
[B_3L2H_s42] 12000/12000 loss=1.09093 (256s)
[B_3L2H_s42] DONE ce=1.090931 rec=0.9505 gap_constr=+7.77e-05 vs_mlp=+4.88e-05
ALL GATE CELLS DONE
