[00:47:15] wsb bootstrap start (rs-wsb-bd) SCRIPT=backdoor_pod.py
GPU 0: NVIDIA A40 (UUID: GPU-52f02734-f43b-0f71-ee25-4f72c72d0fc8)
[notice] A new release of pip is available: 25.0.1 -> 26.1.2
[notice] To update, run: python -m pip install --upgrade pip
torch 2.8.0.dev20250319+cu128 cuda True
[bootstrap] HF CLI: hf
[bootstrap] code revision pin: 8803b903d357f3c8fa07f72c56f45f0431f765f8 sentinel: fdiff_curve
[bootstrap] code present + sentinel OK (attempt 1)
WARNING: using slow attention. Flash Attention requires PyTorch >= 2.0
WARNING: using slow attention. Flash Attention requires PyTorch >= 2.0
WARNING: using slow attention. Flash Attention requires PyTorch >= 2.0
WARNING: using slow attention. Flash Attention requires PyTorch >= 2.0
WARNING: using slow attention. Flash Attention requires PyTorch >= 2.0
WARNING: using slow attention. Flash Attention requires PyTorch >= 2.0
WARNING: using slow attention. Flash Attention requires PyTorch >= 2.0
WARNING: using slow attention. Flash Attention requires PyTorch >= 2.0
number of parameters: 11.56M
[load] csp_sweep1_1x_3.7Mnonzero_afrac0.250: n_layer=8 n_head=16 d_model=256 afrac=0.25 loctypes=attn_in,attn_out,mlp_in,mlp_out,mlp_neuron,attn_v missing=8
[bd/sparse/node->result] base=0.54 L1H[0, 1, 2, 3, 4, 6, 11, 14, 15] top1cov=0.5 fra_rem=0.786688481894129 orc_rem=0.633613052280057 win={'fra': {'payload_mask': 1.221919691094129, 'payload_suppress': 0.6582349953477022}, 'fra_diff': {'payload_mask': 2.325308056308759, 'payload_suppress': 1.2526184402968779}} 8s
[bd/sparse/data->index] base=0.56 L1H[0, 1, 2, 3, 4, 6, 8, 11, 14, 15] top1cov=1.0 fra_rem=0.6096555671598383 orc_rem=0.9063590590059241 win={'fra': {'payload_mask': 0.24515700536404172, 'payload_suppress': 0.2031418952636513}, 'fra_diff': {'payload_mask': 0.7890182857870578, 'payload_suppress': 0.6537960020128781}} 6s
[bd/sparse/value->output] base=0.75 L1H[0, 1, 2, 3, 4, 6, 11, 14, 15] top1cov=1.0 fra_rem=0.778017003192662 orc_rem=0.6776437317632162 win={'fra': {'payload_mask': 0.18773870881551272, 'payload_suppress': 0.3999771783737631}, 'fra_diff': {'payload_mask': 0.19069003097103826, 'payload_suppress': 0.4062649680133472}} 6s
[bd] sparse summary={'n_pairs': 3, 'median_top1_coverage': 1.0, 'median_edge_cosine': 0.9739279640906768, 'median_edge_mass_top1': 0.02428685342839783, 'median_n_cells_for_90': 1.0, 'median_removal_target': 0.6054387282462593, 'median_win_fra_vs_payload_mask': 0.24515700536404172, 'median_win_fra_vs_payload_suppress': 0.3999771783737631, 'median_win_fradiff_vs_payload_mask': 0.7890182857870578, 'median_win_fradiff_vs_payload_suppress': 0.6537960020128781, 'median_fra_collateral': 0.10158780031706968, 'median_fra_diff_collateral': 0.031564491414048754, 'median_payload_mask_collateral': 0.0293813947523315, 'median_payload_suppress_collateral': 0.020636738292074894, 'median_fra_max_removal': 0.778017003192662, 'median_fra_diff_max_removal': 0.6565327550826607, 'median_fra_diff_removal_holdout_c1': 0.4317339491425405, 'median_fra_diff_removal_locate_c1': 0.47716772882142233, 'median_oracle_max_removal': 0.6776437317632162}
WARNING: using slow attention. Flash Attention requires PyTorch >= 2.0
WARNING: using slow attention. Flash Attention requires PyTorch >= 2.0
WARNING: using slow attention. Flash Attention requires PyTorch >= 2.0
WARNING: using slow attention. Flash Attention requires PyTorch >= 2.0
WARNING: using slow attention. Flash Attention requires PyTorch >= 2.0
WARNING: using slow attention. Flash Attention requires PyTorch >= 2.0
WARNING: using slow attention. Flash Attention requires PyTorch >= 2.0
WARNING: using slow attention. Flash Attention requires PyTorch >= 2.0
number of parameters: 11.56M
[load] csp_sweep1_1x_3.7Mnonzero_afrac1.000: n_layer=8 n_head=16 d_model=256 afrac=None loctypes=attn_in,attn_out,mlp_in,mlp_out,mlp_neuron,attn_v missing=8
[bd/wsda/node->result] base=0.70 L4H[1, 2, 3, 4, 7, 8, 10, 13] top1cov=0.5833333333333334 fra_rem=-0.08955244174002308 orc_rem=0.42442150917654575 win={'fra': {'payload_mask': 0.0, 'payload_suppress': 0.0}, 'fra_diff': {'payload_mask': 0.0, 'payload_suppress': 0.0}} 10s
[bd/wsda/data->index] base=0.54 L4H[1, 2, 3, 4, 7, 8, 10] top1cov=0.65 fra_rem=0.060195997178087435 orc_rem=0.6745803171126721 win={'fra': {'payload_mask': 0.0010505500550639652, 'payload_suppress': 0.0021376053385776094}, 'fra_diff': {'payload_mask': 0.03687090744503586, 'payload_suppress': 0.0750230302809424}} 6s
[bd/wsda/value->output] base=0.76 L4H[1, 2, 3, 4, 7, 8, 10] top1cov=0.36666666666666664 fra_rem=-0.0118203283397178 orc_rem=0.299125696827094 win={'fra': {'payload_mask': 0.0, 'payload_suppress': 0.0}, 'fra_diff': {'payload_mask': 0.0, 'payload_suppress': 0.0}} 6s
[bd] wsda summary={'n_pairs': 3, 'median_top1_coverage': 0.5833333333333334, 'median_edge_cosine': 0.935402168341332, 'median_edge_mass_top1': 0.004232026847728551, 'median_n_cells_for_90': 3.0, 'median_removal_target': 0.0, 'median_win_fra_vs_payload_mask': 0.0, 'median_win_fra_vs_payload_suppress': 0.0, 'median_win_fradiff_vs_payload_mask': 0.0, 'median_win_fradiff_vs_payload_suppress': 0.0, 'median_fra_collateral': 0.0, 'median_fra_diff_collateral': 0.0, 'median_payload_mask_collateral': 0.0, 'median_payload_suppress_collateral': 0.0, 'median_fra_max_removal': -0.0118203283397178, 'median_fra_diff_max_removal': 0.46968159171330515, 'median_fra_diff_removal_holdout_c1': -0.09382399977457401, 'median_fra_diff_removal_locate_c1': -0.15892285503634196, 'median_oracle_max_removal': 0.42442150917654575}
WARNING: using slow attention. Flash Attention requires PyTorch >= 2.0
WARNING: using slow attention. Flash Attention requires PyTorch >= 2.0
WARNING: using slow attention. Flash Attention requires PyTorch >= 2.0
WARNING: using slow attention. Flash Attention requires PyTorch >= 2.0
number of parameters: 8.40M
[load] dense1_1x: n_layer=4 n_head=16 d_model=256 afrac=None loctypes=attn_in,attn_out,mlp_in,mlp_out missing=4
[bd/dense/node->result] base=0.89 L2H[0, 1, 4, 5, 9, 10, 11, 15] top1cov=1.0 fra_rem=0.3265140959851469 orc_rem=0.9596567818674466 win={'fra': {'payload_mask': 0.04919649140723339, 'payload_suppress': 0.03405733529648296}, 'fra_diff': {'payload_mask': 0.09014498373760003, 'payload_suppress': 0.06240481482783242}} 9s
[bd/dense/data->index] base=0.94 L2H[0, 1, 3, 4, 5, 9, 10, 11] top1cov=1.0 fra_rem=0.4168011125820196 orc_rem=0.9819653326673188 win={'fra': {'payload_mask': 0.02869804169173093, 'payload_suppress': 0.009912196576647369}, 'fra_diff': {'payload_mask': 0.0616750788773927, 'payload_suppress': 0.021302342239230172}} 10s
[bd/dense/value->output] base=0.98 L2H[0, 1, 4, 5, 9, 10, 11, 15] top1cov=1.0 fra_rem=-0.024358987857376224 orc_rem=0.7255887180494994 win={'fra': {'payload_mask': 0.0, 'payload_suppress': 0.0}, 'fra_diff': {'payload_mask': 0.0, 'payload_suppress': 0.0}} 7s
[bd] dense summary={'n_pairs': 3, 'median_top1_coverage': 1.0, 'median_edge_cosine': 0.9232976517752203, 'median_edge_mass_top1': 0.0023537805932359553, 'median_n_cells_for_90': 1.0, 'median_removal_target': 0.10517379003087915, 'median_win_fra_vs_payload_mask': 0.02869804169173093, 'median_win_fra_vs_payload_suppress': 0.009912196576647369, 'median_win_fradiff_vs_payload_mask': 0.0616750788773927, 'median_win_fradiff_vs_payload_suppress': 0.021302342239230172, 'median_fra_collateral': 0.30351350724512094, 'median_fra_diff_collateral': 0.14122792290609848, 'median_payload_mask_collateral': 0.008710243284923959, 'median_payload_suppress_collateral': 0.003008485547481324, 'median_fra_max_removal': 0.3265140959851469, 'median_fra_diff_max_removal': 0.10517479003087915, 'median_fra_diff_removal_holdout_c1': -0.008521100555187955, 'median_fra_diff_removal_locate_c1': 4.811159927742281e-05, 'median_oracle_max_removal': 0.9596567818674466}
No files have been modified since last commit. Skipping to prevent empty commit.
[bd] ALL DONE
  sparse: {'n_pairs': 3, 'median_top1_coverage': 1.0, 'median_edge_cosine': 0.9739279640906768, 'median_edge_mass_top1': 0.02428685342839783, 'median_n_cells_for_90': 1.0, 'median_removal_target': 0.6054387282462593, 'median_win_fra_vs_payload_mask': 0.24515700536404172, 'median_win_fra_vs_payload_suppress': 0.3999771783737631, 'median_win_fradiff_vs_payload_mask': 0.7890182857870578, 'median_win_fradiff_vs_payload_suppress': 0.6537960020128781, 'median_fra_collateral': 0.10158780031706968, 'median_fra_diff_collateral': 0.031564491414048754, 'median_payload_mask_collateral': 0.0293813947523315, 'median_payload_suppress_collateral': 0.020636738292074894, 'median_fra_max_removal': 0.778017003192662, 'median_fra_diff_max_removal': 0.6565327550826607, 'median_fra_diff_removal_holdout_c1': 0.4317339491425405, 'median_fra_diff_removal_locate_c1': 0.47716772882142233, 'median_oracle_max_removal': 0.6776437317632162}
  wsda: {'n_pairs': 3, 'median_top1_coverage': 0.5833333333333334, 'median_edge_cosine': 0.935402168341332, 'median_edge_mass_top1': 0.004232026847728551, 'median_n_cells_for_90': 3.0, 'median_removal_target': 0.0, 'median_win_fra_vs_payload_mask': 0.0, 'median_win_fra_vs_payload_suppress': 0.0, 'median_win_fradiff_vs_payload_mask': 0.0, 'median_win_fradiff_vs_payload_suppress': 0.0, 'median_fra_collateral': 0.0, 'median_fra_diff_collateral': 0.0, 'median_payload_mask_collateral': 0.0, 'median_payload_suppress_collateral': 0.0, 'median_fra_max_removal': -0.0118203283397178, 'median_fra_diff_max_removal': 0.46968159171330515, 'median_fra_diff_removal_holdout_c1': -0.09382399977457401, 'median_fra_diff_removal_locate_c1': -0.15892285503634196, 'median_oracle_max_removal': 0.42442150917654575}
  dense: {'n_pairs': 3, 'median_top1_coverage': 1.0, 'median_edge_cosine': 0.9232976517752203, 'median_edge_mass_top1': 0.0023537805932359553, 'median_n_cells_for_90': 1.0, 'median_removal_target': 0.10517379003087915, 'median_win_fra_vs_payload_mask': 0.02869804169173093, 'median_win_fra_vs_payload_suppress': 0.009912196576647369, 'median_win_fradiff_vs_payload_mask': 0.0616750788773927, 'median_win_fradiff_vs_payload_suppress': 0.021302342239230172, 'median_fra_collateral': 0.30351350724512094, 'median_fra_diff_collateral': 0.14122792290609848, 'median_payload_mask_collateral': 0.008710243284923959, 'median_payload_suppress_collateral': 0.003008485547481324, 'median_fra_max_removal': 0.3265140959851469, 'median_fra_diff_max_removal': 0.10517479003087915, 'median_fra_diff_removal_holdout_c1': -0.008521100555187955, 'median_fra_diff_removal_locate_c1': 4.811159927742281e-05, 'median_oracle_max_removal': 0.9596567818674466}
[00:48:58] backdoor_pod.py done, final upload
