[00:29:16] ws2 bootstrap start (rs-ws2-1)
GPU 0: NVIDIA A40 (UUID: GPU-b75aa71e-8014-9cd6-9826-e8e47a8929f9)
[notice] A new release of pip is available: 25.0.1 -> 26.1.2
[notice] To update, run: python -m pip install --upgrade pip
torch 2.8.0.dev20250319+cu128
[bootstrap] HF CLI: hf
[bootstrap] code present (attempt 1)
WARNING: using slow attention. Flash Attention requires PyTorch >= 2.0
WARNING: using slow attention. Flash Attention requires PyTorch >= 2.0
WARNING: using slow attention. Flash Attention requires PyTorch >= 2.0
WARNING: using slow attention. Flash Attention requires PyTorch >= 2.0
WARNING: using slow attention. Flash Attention requires PyTorch >= 2.0
WARNING: using slow attention. Flash Attention requires PyTorch >= 2.0
WARNING: using slow attention. Flash Attention requires PyTorch >= 2.0
WARNING: using slow attention. Flash Attention requires PyTorch >= 2.0
number of parameters: 11.56M
[load] csp_sweep1_1x_3.7Mnonzero_afrac0.250: n_layer=8 n_head=16 d_model=256 afrac=0.25 loctypes=attn_in,attn_out,mlp_in,mlp_out,mlp_neuron,attn_v missing=8
[T1/sparse] v0 top1_acc=0.985 2afc=0.997
[T1/sparse] edge head L5H7 edge_rem=0.020 (ablation argmax (0, 14) drop=0.290)
[causal/sparse/neuron] 50/300 cells 2s
[causal/sparse/neuron] 100/300 cells 4s
[causal/sparse/neuron] 150/300 cells 6s
[causal/sparse/neuron] 200/300 cells 7s
[causal/sparse/neuron] 250/300 cells 9s
[causal/sparse/neuron] 300/300 cells 11s
WARNING: using slow attention. Flash Attention requires PyTorch >= 2.0
WARNING: using slow attention. Flash Attention requires PyTorch >= 2.0
WARNING: using slow attention. Flash Attention requires PyTorch >= 2.0
WARNING: using slow attention. Flash Attention requires PyTorch >= 2.0
WARNING: using slow attention. Flash Attention requires PyTorch >= 2.0
WARNING: using slow attention. Flash Attention requires PyTorch >= 2.0
WARNING: using slow attention. Flash Attention requires PyTorch >= 2.0
WARNING: using slow attention. Flash Attention requires PyTorch >= 2.0
number of parameters: 11.56M
[load] csp_sweep1_1x_3.7Mnonzero_afrac1.000: n_layer=8 n_head=16 d_model=256 afrac=None loctypes=attn_in,attn_out,mlp_in,mlp_out,mlp_neuron,attn_v missing=8
[T1/wsda] v0 top1_acc=0.995 2afc=0.999
[T1/wsda] edge head L5H13 edge_rem=0.008 (ablation argmax (1, 14) drop=0.252)
[causal/wsda/neuron] 50/300 cells 1s
[causal/wsda/neuron] 100/300 cells 2s
[causal/wsda/neuron] 150/300 cells 3s
[causal/wsda/neuron] 200/300 cells 4s
[causal/wsda/neuron] 250/300 cells 6s
[causal/wsda/neuron] 300/300 cells 7s
WARNING: using slow attention. Flash Attention requires PyTorch >= 2.0
WARNING: using slow attention. Flash Attention requires PyTorch >= 2.0
WARNING: using slow attention. Flash Attention requires PyTorch >= 2.0
WARNING: using slow attention. Flash Attention requires PyTorch >= 2.0
number of parameters: 8.40M
[load] dense1_1x: n_layer=4 n_head=16 d_model=256 afrac=None loctypes=attn_in,attn_out,mlp_in,mlp_out missing=4
[T1/dense] v0 top1_acc=0.990 2afc=0.998
[T1/dense] edge head L2H11 edge_rem=0.068 (ablation argmax (1, 6) drop=0.208)
[causal/dense/neuron] 50/300 cells 1s
[causal/dense/neuron] 100/300 cells 2s
[causal/dense/neuron] 150/300 cells 2s
[causal/dense/neuron] 200/300 cells 3s
[causal/dense/neuron] 250/300 cells 4s
[causal/dense/neuron] 300/300 cells 5s
No files have been modified since last commit. Skipping to prevent empty commit.
[main] T1 done 79s
WARNING: using slow attention. Flash Attention requires PyTorch >= 2.0
WARNING: using slow attention. Flash Attention requires PyTorch >= 2.0
WARNING: using slow attention. Flash Attention requires PyTorch >= 2.0
WARNING: using slow attention. Flash Attention requires PyTorch >= 2.0
WARNING: using slow attention. Flash Attention requires PyTorch >= 2.0
WARNING: using slow attention. Flash Attention requires PyTorch >= 2.0
WARNING: using slow attention. Flash Attention requires PyTorch >= 2.0
WARNING: using slow attention. Flash Attention requires PyTorch >= 2.0
number of parameters: 11.56M
[load] csp_sweep1_1x_3.7Mnonzero_afrac0.250: n_layer=8 n_head=16 d_model=256 afrac=0.25 loctypes=attn_in,attn_out,mlp_in,mlp_out,mlp_neuron,attn_v missing=8
[T2-sweep] csp_sweep1_1x_3.7Mnonzero_afrac0.250 acc=0.588
WARNING: using slow attention. Flash Attention requires PyTorch >= 2.0
WARNING: using slow attention. Flash Attention requires PyTorch >= 2.0
WARNING: using slow attention. Flash Attention requires PyTorch >= 2.0
WARNING: using slow attention. Flash Attention requires PyTorch >= 2.0
WARNING: using slow attention. Flash Attention requires PyTorch >= 2.0
WARNING: using slow attention. Flash Attention requires PyTorch >= 2.0
WARNING: using slow attention. Flash Attention requires PyTorch >= 2.0
WARNING: using slow attention. Flash Attention requires PyTorch >= 2.0
number of parameters: 11.56M
[load] csp_sweep1_1x_7.4Mnonzero_afrac0.250: n_layer=8 n_head=16 d_model=256 afrac=0.25 loctypes=attn_in,attn_out,mlp_in,mlp_out,mlp_neuron,attn_v missing=8
[T2-sweep] csp_sweep1_1x_7.4Mnonzero_afrac0.250 acc=0.725
WARNING: using slow attention. Flash Attention requires PyTorch >= 2.0
WARNING: using slow attention. Flash Attention requires PyTorch >= 2.0
WARNING: using slow attention. Flash Attention requires PyTorch >= 2.0
WARNING: using slow attention. Flash Attention requires PyTorch >= 2.0
WARNING: using slow attention. Flash Attention requires PyTorch >= 2.0
WARNING: using slow attention. Flash Attention requires PyTorch >= 2.0
WARNING: using slow attention. Flash Attention requires PyTorch >= 2.0
WARNING: using slow attention. Flash Attention requires PyTorch >= 2.0
number of parameters: 11.56M
[load] csp_sweep1_1x_7.4Mnonzero_afrac1.000: n_layer=8 n_head=16 d_model=256 afrac=None loctypes=attn_in,attn_out,mlp_in,mlp_out,mlp_neuron,attn_v missing=8
[T2-sweep] csp_sweep1_1x_7.4Mnonzero_afrac1.000 acc=0.812
WARNING: using slow attention. Flash Attention requires PyTorch >= 2.0
WARNING: using slow attention. Flash Attention requires PyTorch >= 2.0
WARNING: using slow attention. Flash Attention requires PyTorch >= 2.0
WARNING: using slow attention. Flash Attention requires PyTorch >= 2.0
number of parameters: 8.40M
[load] dense1_1x: n_layer=4 n_head=16 d_model=256 afrac=None loctypes=attn_in,attn_out,mlp_in,mlp_out missing=4
[T2-sweep] dense1_1x acc=0.800
WARNING: using slow attention. Flash Attention requires PyTorch >= 2.0
WARNING: using slow attention. Flash Attention requires PyTorch >= 2.0
WARNING: using slow attention. Flash Attention requires PyTorch >= 2.0
WARNING: using slow attention. Flash Attention requires PyTorch >= 2.0
WARNING: using slow attention. Flash Attention requires PyTorch >= 2.0
WARNING: using slow attention. Flash Attention requires PyTorch >= 2.0
WARNING: using slow attention. Flash Attention requires PyTorch >= 2.0
WARNING: using slow attention. Flash Attention requires PyTorch >= 2.0
number of parameters: 11.56M
[load] csp_sweep1_1x_7.4Mnonzero_afrac0.250: n_layer=8 n_head=16 d_model=256 afrac=0.25 loctypes=attn_in,attn_out,mlp_in,mlp_out,mlp_neuron,attn_v missing=8
[T2/sparse_pass] csp_sweep1_1x_7.4Mnonzero_afrac0.250 edge head L6H13 edge_rem=2.720 (ablation argmax (0, 8) drop=0.291)
[T2-causal/sparse_pass] 50/300 2s
[T2-causal/sparse_pass] 100/300 3s
[T2-causal/sparse_pass] 150/300 5s
[T2-causal/sparse_pass] 200/300 7s
[T2-causal/sparse_pass] 250/300 8s
[T2-causal/sparse_pass] 300/300 10s
[T2-select/sparse_pass/set] self=1.937 sib=0.014
[T2-select/sparse_pass/str] self=1.354 sib=-0.387
WARNING: using slow attention. Flash Attention requires PyTorch >= 2.0
WARNING: using slow attention. Flash Attention requires PyTorch >= 2.0
WARNING: using slow attention. Flash Attention requires PyTorch >= 2.0
WARNING: using slow attention. Flash Attention requires PyTorch >= 2.0
WARNING: using slow attention. Flash Attention requires PyTorch >= 2.0
WARNING: using slow attention. Flash Attention requires PyTorch >= 2.0
WARNING: using slow attention. Flash Attention requires PyTorch >= 2.0
WARNING: using slow attention. Flash Attention requires PyTorch >= 2.0
number of parameters: 11.56M
[load] csp_sweep1_1x_7.4Mnonzero_afrac1.000: n_layer=8 n_head=16 d_model=256 afrac=None loctypes=attn_in,attn_out,mlp_in,mlp_out,mlp_neuron,attn_v missing=8
[T2/wsda_twin] csp_sweep1_1x_7.4Mnonzero_afrac1.000 edge head L4H8 edge_rem=0.905 (ablation argmax (2, 15) drop=0.296)
[T2-causal/wsda_twin] 50/300 1s
[T2-causal/wsda_twin] 100/300 2s
[T2-causal/wsda_twin] 150/300 3s
[T2-causal/wsda_twin] 200/300 4s
[T2-causal/wsda_twin] 250/300 5s
[T2-causal/wsda_twin] 300/300 6s
[T2-select/wsda_twin/set] self=1.160 sib=0.102
[T2-select/wsda_twin/str] self=0.186 sib=-0.034
WARNING: using slow attention. Flash Attention requires PyTorch >= 2.0
WARNING: using slow attention. Flash Attention requires PyTorch >= 2.0
WARNING: using slow attention. Flash Attention requires PyTorch >= 2.0
WARNING: using slow attention. Flash Attention requires PyTorch >= 2.0
number of parameters: 8.40M
[load] dense1_1x: n_layer=4 n_head=16 d_model=256 afrac=None loctypes=attn_in,attn_out,mlp_in,mlp_out missing=4
[T2/dense_w] dense1_1x edge head L2H1 edge_rem=1.037 (ablation argmax (1, 6) drop=0.323)
[T2-causal/dense_w] 50/300 1s
[T2-causal/dense_w] 100/300 2s
[T2-causal/dense_w] 150/300 2s
[T2-causal/dense_w] 200/300 3s
[T2-causal/dense_w] 250/300 4s
[T2-causal/dense_w] 300/300 5s
[T2-select/dense_w/set] self=0.500 sib=-0.032
[T2-select/dense_w/str] self=0.126 sib=-0.099
[main] T2 done 211s
[main] ALL DONE
[00:33:07] ind_bind_pod.py done, final upload
