=== R1b_domoff | /scratch/idas3/code/fra_proj/scripts/44_rung1_natural_backdoor.py | ccc0233.campuscluster.illinois.edu | 292b643 ===
Quadro RTX 6000
torch 2.6.0+cu124 sae_lens 5.10.7 TL 2.18.0
WARNING:root:You tried to specify center_unembed=True for a model using logit softcap, but this can't be done! Softcapping is not invariant upon adding a constant Setting center_unembed=False instead.
`torch_dtype` is deprecated! Use `dtype` instead!
WARNING:root:With reduced precision, it is advised to use `from_pretrained_no_processing` instead of `from_pretrained`.
WARNING:root:You are not using LayerNorm, so the writing weights can't be centered! Skipping
Loaded pretrained model gemma-2-2b into HookedTransformer
induction heads: ['L6H2', 'L15H0', 'L18H6', 'L6H3', 'L21H5', 'L4H4', 'L14H0', 'L17H4', 'L22H4']
SAEs loaded
[knobs] DOM_OFF=unrelated M_PAIRS=12 RUN_TAG='_domoff'
bank->river: seq=101 qpos=100 kpos=41 triggers=[40, 100] base ASR 0.882
  fra  : [(0.12, 0.2), (0.16, 0.42), (0.19, 0.63), (0.29, 0.76), (0.3, 0.81), (0.28, 0.84)]
  dom  : [(0.0, 0.13), (0.15, 0.8), (1.0, 34.98), (1.0, 47.22), (1.0, 49.29), (1.0, 36.55)]
  conv : [(0.11, 0.93), (0.68, 5.24), (0.92, 26.68), (1.0, 44.29), (1.0, 68.96), (1.0, 158.54)]
  pay  : [(1.0, 4.31), (1.0, 19.1), (1.0, 58.98), (1.0, 120.7), (1.0, 213.0)]
king->crown: seq=101 qpos=100 kpos=41 triggers=[40, 100] base ASR 0.787
  fra  : [(0.41, 0.07), (0.4, 0.17), (0.39, 0.35), (0.46, 0.53), (0.7, 0.56), (0.82, 0.6)]
  dom  : [(-0.02, 0.13), (0.06, 0.99), (1.0, 35.8), (1.0, 49.7), (1.0, 51.65), (1.0, 53.51)]
  conv : [(0.59, 1.36), (0.96, 14.19), (1.0, 37.27), (1.0, 55.76), (1.0, 118.81), (1.0, 160.24)]
  pay  : [(1.0, 9.44), (1.0, 37.78), (1.0, 110.25), (1.0, 203.46), (1.0, 327.49)]
doctor->water: seq=101 qpos=100 kpos=41 triggers=[40, 100] base ASR 0.827
  fra  : [(0.06, 0.17), (0.08, 0.37), (0.13, 0.56), (0.48, 0.68), (0.57, 0.7), (0.57, 0.72)]
  dom  : [(0.01, 0.14), (0.12, 1.01), (1.0, 44.29), (1.0, 53.57), (1.0, 55.73), (1.0, 45.49)]
  conv : [(0.36, 1.26), (0.76, 12.0), (0.83, 36.2), (1.0, 56.94), (1.0, 103.28), (1.0, 172.24)]
  pay  : [(1.0, 4.85), (1.0, 18.96), (1.0, 50.35), (1.0, 95.32), (1.0, 228.67)]
market->gold: seq=101 qpos=100 kpos=41 triggers=[40, 100] base ASR 0.941
  fra  : [(0.03, 0.18), (0.05, 0.28), (0.08, 0.39), (0.11, 0.45), (0.16, 0.45), (0.13, 0.44)]
  dom  : [(0.0, 0.15), (0.04, 1.28), (1.0, 42.1), (1.0, 49.77), (1.0, 57.58), (1.0, 47.42)]
  conv : [(0.03, 0.95), (0.7, 10.42), (1.0, 37.34), (1.0, 55.88), (1.0, 96.41), (1.0, 207.11)]
  pay  : [(0.99, 4.52), (1.0, 20.89), (1.0, 60.32), (1.0, 103.22), (1.0, 170.16)]

=== RUNG 1 natural-text backdoor, held-out collateral @ 30% ASR-suppression ===
  FRA-QK (attention edge)     : 0.487 +- 0.136 (n=2/4 reached)
  DoM (mean-diff)             : 9.753 +- 1.940 (n=4/4 reached)
  conv-SAE (act-diff)         : 2.441 +- 1.412 (n=4/4 reached)
  payload-suppress (output)   : 5.778 +- 2.122 (n=4/4 reached)

=== RUNG 1 natural-text backdoor, held-out collateral @ 70% ASR-suppression ===
  FRA-QK (attention edge)     : 0.559 +- 0.000 (n=1/4 reached)
  DoM (mean-diff)             : 26.634 +- 2.866 (n=4/4 reached)
  conv-SAE (act-diff)         : 8.184 +- 2.304 (n=4/4 reached)
  payload-suppress (output)   : 5.778 +- 2.122 (n=4/4 reached)

FRA reach per case: [('bank', 0.3), ('king', 0.821), ('doctor', 0.571), ('market', 0.162)]
Setting 1 (random tokens) @30%: FRA 0.522 | DoM 13.49 | conv 11.94

DONE rung1

real	4m56.082s
user	3m45.537s
sys	0m43.477s
JOB_DONE
