✓ Initialized. View run at 
https://modal.com/apps/reichers-shai-c9-dmitry/main/ap-Cd4fgDKPCFpOWHerwHtTyC
Building image im-QhLGArwtw1r5bWB28rdsTI

=> Step 0: FROM base

=> Step 1: RUN python -m pip install accelerate datasets==4.8.4 einops==0.8.2 jaxtyping==0.3.9 numpy peft==0.19.1 torch transformer-lens==2.18.0 transformers==4.57.6 typeguard==4.5.1
Looking in indexes: http://pypi-mirror.modal.local:5555/simple
Collecting accelerate
  Downloading http://pypi-mirror.modal.local:5555/simple/accelerate/accelerate-1.13.0-py3-none-any.whl.metadata (19 kB)
Collecting datasets==4.8.4
  Downloading http://pypi-mirror.modal.local:5555/simple/datasets/datasets-4.8.4-py3-none-any.whl.metadata (19 kB)
Collecting einops==0.8.2
  Downloading http://pypi-mirror.modal.local:5555/simple/einops/einops-0.8.2-py3-none-any.whl.metadata (13 kB)
Collecting jaxtyping==0.3.9
  Downloading http://pypi-mirror.modal.local:5555/simple/jaxtyping/jaxtyping-0.3.9-py3-none-any.whl.metadata (7.4 kB)
Collecting numpy
  Downloading http://pypi-mirror.modal.local:5555/simple/numpy/numpy-2.4.6-cp312-cp312-manylinux_2_27_x86_64.manylinux_2_28_x86_64.whl.metadata (6.6 kB)
Collecting peft==0.19.1
  Downloading http://pypi-mirror.modal.local:5555/simple/peft/peft-0.19.1-py3-none-any.whl.metadata (15 kB)
Collecting torch
  Downloading http://pypi-mirror.modal.local:5555/simple/torch/torch-2.12.0-cp312-cp312-manylinux_2_28_x86_64.whl.metadata (31 kB)
Collecting transformer-lens==2.18.0
  Downloading http://pypi-mirror.modal.local:5555/simple/transformer-lens/transformer_lens-2.18.0-py3-none-any.whl.metadata (12 kB)
Collecting transformers==4.57.6
  Downloading http://pypi-mirror.modal.local:5555/simple/transformers/transformers-4.57.6-py3-none-any.whl.metadata (43 kB)
Collecting typeguard==4.5.1
  Downloading http://pypi-mirror.modal.local:5555/simple/typeguard/typeguard-4.5.1-py3-none-any.whl.metadata (3.8 kB)
Collecting filelock (from datasets==4.8.4)
  Downloading http://pypi-mirror.modal.local:5555/simple/filelock/filelock-3.29.0-py3-none-any.whl.metadata (2.0 kB)
Collecting pyarrow>=21.0.0 (from datasets==4.8.4)
  Downloading http://pypi-mirror.modal.local:5555/simple/pyarrow/pyarrow-24.0.0-cp312-cp312-manylinux_2_28_x86_64.whl.metadata (3.0 kB)
Collecting dill<0.4.2,>=0.3.0 (from datasets==4.8.4)
  Downloading http://pypi-mirror.modal.local:5555/simple/dill/dill-0.4.1-py3-none-any.whl.metadata (10 kB)
Collecting pandas (from datasets==4.8.4)
  Downloading http://pypi-mirror.modal.local:5555/simple/pandas/pandas-3.0.3-cp312-cp312-manylinux_2_24_x86_64.manylinux_2_28_x86_64.whl.metadata (79 kB)
Collecting requests>=2.32.2 (from datasets==4.8.4)
  Downloading http://pypi-mirror.modal.local:5555/simple/requests/requests-2.34.2-py3-none-any.whl.metadata (4.8 kB)
Collecting httpx<1.0.0 (from datasets==4.8.4)
  Downloading http://pypi-mirror.modal.local:5555/simple/httpx/httpx-0.28.1-py3-none-any.whl.metadata (7.1 kB)
Collecting tqdm>=4.66.3 (from datasets==4.8.4)
  Downloading http://pypi-mirror.modal.local:5555/simple/tqdm/tqdm-4.67.3-py3-none-any.whl.metadata (57 kB)
Collecting xxhash (from datasets==4.8.4)
  Downloading http://pypi-mirror.modal.local:5555/simple/xxhash/xxhash-3.7.0-cp312-cp312-manylinux2014_x86_64.manylinux_2_17_x86_64.manylinux_2_28_x86_64.whl.metadata (13 kB)
Collecting multiprocess<0.70.20 (from datasets==4.8.4)
  Downloading http://pypi-mirror.modal.local:5555/simple/multiprocess/multiprocess-0.70.19-py312-none-any.whl.metadata (7.5 kB)
Collecting fsspec<=2026.2.0,>=2023.1.0 (from fsspec[http]<=2026.2.0,>=2023.1.0->datasets==4.8.4)
  Downloading http://pypi-mirror.modal.local:5555/simple/fsspec/fsspec-2026.2.0-py3-none-any.whl.metadata (10 kB)
Collecting huggingface-hub<2.0,>=0.25.0 (from datasets==4.8.4)
  Downloading http://pypi-mirror.modal.local:5555/simple/huggingface-hub/huggingface_hub-1.17.0-py3-none-any.whl.metadata (14 kB)
Collecting packaging (from datasets==4.8.4)
  Downloading http://pypi-mirror.modal.local:5555/simple/packaging/packaging-26.2-py3-none-any.whl.metadata (3.5 kB)
Collecting pyyaml>=5.1 (from datasets==4.8.4)
  Downloading http://pypi-mirror.modal.local:5555/simple/pyyaml/pyyaml-6.0.3-cp312-cp312-manylinux2014_x86_64.manylinux_2_17_x86_64.manylinux_2_28_x86_64.whl.metadata (2.4 kB)
Collecting wadler-lindig>=0.1.3 (from jaxtyping==0.3.9)
  Downloading http://pypi-mirror.modal.local:5555/simple/wadler-lindig/wadler_lindig-0.1.7-py3-none-any.whl.metadata (17 kB)
Collecting psutil (from peft==0.19.1)
  Downloading http://pypi-mirror.modal.local:5555/simple/psutil/psutil-7.2.2-cp36-abi3-manylinux2010_x86_64.manylinux_2_12_x86_64.manylinux_2_28_x86_64.whl.metadata (22 kB)
Collecting safetensors (from peft==0.19.1)
  Downloading http://pypi-mirror.modal.local:5555/simple/safetensors/safetensors-0.7.0-cp38-abi3-manylinux_2_17_x86_64.manylinux2014_x86_64.whl.metadata (4.1 kB)
Collecting beartype<0.15.0,>=0.14.1 (from transformer-lens==2.18.0)
  Downloading http://pypi-mirror.modal.local:5555/simple/beartype/beartype-0.14.1-py3-none-any.whl.metadata (28 kB)
Collecting better-abc<0.0.4,>=0.0.3 (from transformer-lens==2.18.0)
  Downloading http://pypi-mirror.modal.local:5555/simple/better-abc/better_abc-0.0.3-py3-none-any.whl.metadata (1.4 kB)
Collecting fancy-einsum>=0.0.3 (from transformer-lens==2.18.0)
  Downloading http://pypi-mirror.modal.local:5555/simple/fancy-einsum/fancy_einsum-0.0.3-py3-none-any.whl.metadata (1.2 kB)
Collecting huggingface-hub<2.0,>=0.25.0 (from datasets==4.8.4)
  Downloading http://pypi-mirror.modal.local:5555/simple/huggingface-hub/huggingface_hub-0.36.2-py3-none-any.whl.metadata (15 kB)
Collecting numpy
  Downloading http://pypi-mirror.modal.local:5555/simple/numpy/numpy-1.26.4-cp312-cp312-manylinux_2_17_x86_64.manylinux2014_x86_64.whl.metadata (61 kB)
Collecting protobuf>=3.20.0 (from transformer-lens==2.18.0)
  Downloading http://pypi-mirror.modal.local:5555/simple/protobuf/protobuf-7.35.0-cp310-abi3-manylinux2014_x86_64.whl.metadata (595 bytes)
Collecting rich>=12.6.0 (from transformer-lens==2.18.0)
  Downloading http://pypi-mirror.modal.local:5555/simple/rich/rich-15.0.0-py3-none-any.whl.metadata (18 kB)
Collecting sentencepiece (from transformer-lens==2.18.0)
  Downloading http://pypi-mirror.modal.local:5555/simple/sentencepiece/sentencepiece-0.2.1-cp312-cp312-manylinux_2_27_x86_64.manylinux_2_28_x86_64.whl.metadata (10 kB)
Collecting transformers-stream-generator<0.0.6,>=0.0.5 (from transformer-lens==2.18.0)
  Downloading http://pypi-mirror.modal.local:5555/simple/transformers-stream-generator/transformers-stream-generator-0.0.5.tar.gz (13 kB)
  Installing build dependencies: started
  Installing build dependencies: finished with status 'done'
  Getting requirements to build wheel: started
  Getting requirements to build wheel: finished with status 'done'
  Preparing metadata (pyproject.toml): started
  Preparing metadata (pyproject.toml): finished with status 'done'
Collecting typing-extensions (from transformer-lens==2.18.0)
  Downloading http://pypi-mirror.modal.local:5555/simple/typing-extensions/typing_extensions-4.15.0-py3-none-any.whl.metadata (3.3 kB)
Collecting wandb>=0.13.5 (from transformer-lens==2.18.0)
  Downloading http://pypi-mirror.modal.local:5555/simple/wandb/wandb-0.27.0-py3-none-manylinux_2_28_x86_64.whl.metadata (11 kB)
Collecting regex!=2019.12.17 (from transformers==4.57.6)
  Downloading http://pypi-mirror.modal.local:5555/simple/regex/regex-2026.5.9-cp312-cp312-manylinux2014_x86_64.manylinux_2_17_x86_64.manylinux_2_28_x86_64.whl.metadata (40 kB)
Collecting tokenizers<=0.23.0,>=0.22.0 (from transformers==4.57.6)
  Downloading http://pypi-mirror.modal.local:5555/simple/tokenizers/tokenizers-0.22.2-cp39-abi3-manylinux_2_17_x86_64.manylinux2014_x86_64.whl.metadata (7.3 kB)
Collecting aiohttp!=4.0.0a0,!=4.0.0a1 (from fsspec[http]<=2026.2.0,>=2023.1.0->datasets==4.8.4)
  Downloading http://pypi-mirror.modal.local:5555/simple/aiohttp/aiohttp-3.14.0-cp312-cp312-manylinux2014_x86_64.manylinux_2_17_x86_64.manylinux_2_28_x86_64.whl.metadata (8.3 kB)
Collecting anyio (from httpx<1.0.0->datasets==4.8.4)
  Downloading http://pypi-mirror.modal.local:5555/simple/anyio/anyio-4.13.0-py3-none-any.whl.metadata (4.5 kB)
Collecting certifi (from httpx<1.0.0->datasets==4.8.4)
  Downloading http://pypi-mirror.modal.local:5555/simple/certifi/certifi-2026.5.20-py3-none-any.whl.metadata (2.5 kB)
Collecting httpcore==1.* (from httpx<1.0.0->datasets==4.8.4)
  Downloading http://pypi-mirror.modal.local:5555/simple/httpcore/httpcore-1.0.9-py3-none-any.whl.metadata (21 kB)
Collecting idna (from httpx<1.0.0->datasets==4.8.4)
  Downloading http://pypi-mirror.modal.local:5555/simple/idna/idna-3.18-py3-none-any.whl.metadata (6.1 kB)
Collecting h11>=0.16 (from httpcore==1.*->httpx<1.0.0->datasets==4.8.4)
  Downloading http://pypi-mirror.modal.local:5555/simple/h11/h11-0.16.0-py3-none-any.whl.metadata (8.3 kB)
Collecting hf-xet<2.0.0,>=1.1.3 (from huggingface-hub<2.0,>=0.25.0->datasets==4.8.4)
  Downloading http://pypi-mirror.modal.local:5555/simple/hf-xet/hf_xet-1.5.0-cp37-abi3-manylinux2014_x86_64.manylinux_2_17_x86_64.whl.metadata (4.9 kB)
Collecting setuptools<82 (from torch)
  Downloading http://pypi-mirror.modal.local:5555/simple/setuptools/setuptools-81.0.0-py3-none-any.whl.metadata (6.6 kB)
Collecting sympy>=1.13.3 (from torch)
  Downloading http://pypi-mirror.modal.local:5555/simple/sympy/sympy-1.14.0-py3-none-any.whl.metadata (12 kB)
Collecting networkx>=2.5.1 (from torch)
  Downloading http://pypi-mirror.modal.local:5555/simple/networkx/networkx-3.6.1-py3-none-any.whl.metadata (6.8 kB)
Collecting jinja2 (from torch)
  Downloading http://pypi-mirror.modal.local:5555/simple/jinja2/jinja2-3.1.6-py3-none-any.whl.metadata (2.9 kB)
Collecting cuda-toolkit==13.0.2 (from cuda-toolkit[cudart,cufft,cufile,cupti,curand,cusolver,cusparse,nvjitlink,nvrtc,nvtx]==13.0.2; platform_system == "Linux"->torch)
  Downloading http://pypi-mirror.modal.local:5555/simple/cuda-toolkit/cuda_toolkit-13.0.2-py2.py3-none-any.whl.metadata (9.4 kB)
Collecting nvidia-cublas<=13.1.1.3,>=13.1.0.3 (from torch)
  Downloading http://pypi-mirror.modal.local:5555/simple/nvidia-cublas/nvidia_cublas-13.1.1.3-py3-none-manylinux_2_27_x86_64.whl.metadata (1.8 kB)
Collecting cuda-bindings<14,>=13.0.3 (from torch)
  Downloading http://pypi-mirror.modal.local:5555/simple/cuda-bindings/cuda_bindings-13.3.1-cp312-cp312-manylinux_2_24_x86_64.manylinux_2_28_x86_64.whl.metadata (2.5 kB)
Collecting nvidia-cudnn-cu13==9.20.0.48 (from torch)
  Downloading http://pypi-mirror.modal.local:5555/simple/nvidia-cudnn-cu13/nvidia_cudnn_cu13-9.20.0.48-py3-none-manylinux_2_27_x86_64.whl.metadata (1.9 kB)
Collecting nvidia-cusparselt-cu13==0.8.1 (from torch)
  Downloading http://pypi-mirror.modal.local:5555/simple/nvidia-cusparselt-cu13/nvidia_cusparselt_cu13-0.8.1-py3-none-manylinux2014_x86_64.whl.metadata (12 kB)
Collecting nvidia-nccl-cu13==2.29.7 (from torch)
  Downloading http://pypi-mirror.modal.local:5555/simple/nvidia-nccl-cu13/nvidia_nccl_cu13-2.29.7-py3-none-manylinux_2_18_x86_64.whl.metadata (2.1 kB)
Collecting nvidia-nvshmem-cu13==3.4.5 (from torch)
  Downloading http://pypi-mirror.modal.local:5555/simple/nvidia-nvshmem-cu13/nvidia_nvshmem_cu13-3.4.5-py3-none-manylinux2014_x86_64.manylinux_2_17_x86_64.whl.metadata (2.1 kB)
Collecting triton==3.7.0 (from torch)
  Downloading http://pypi-mirror.modal.local:5555/simple/triton/triton-3.7.0-cp312-cp312-manylinux_2_27_x86_64.manylinux_2_28_x86_64.whl.metadata (1.7 kB)
Collecting nvidia-cuda-runtime==13.0.96.* (from cuda-toolkit[cudart,cufft,cufile,cupti,curand,cusolver,cusparse,nvjitlink,nvrtc,nvtx]==13.0.2; platform_system == "Linux"->torch)
  Downloading http://pypi-mirror.modal.local:5555/simple/nvidia-cuda-runtime/nvidia_cuda_runtime-13.0.96-py3-none-manylinux2014_x86_64.manylinux_2_17_x86_64.whl.metadata (1.7 kB)
Collecting nvidia-cufft==12.0.0.61.* (from cuda-toolkit[cudart,cufft,cufile,cupti,curand,cusolver,cusparse,nvjitlink,nvrtc,nvtx]==13.0.2; platform_system == "Linux"->torch)
  Downloading http://pypi-mirror.modal.local:5555/simple/nvidia-cufft/nvidia_cufft-12.0.0.61-py3-none-manylinux2014_x86_64.manylinux_2_17_x86_64.whl.metadata (1.8 kB)
Collecting nvidia-cufile==1.15.1.6.* (from cuda-toolkit[cudart,cufft,cufile,cupti,curand,cusolver,cusparse,nvjitlink,nvrtc,nvtx]==13.0.2; platform_system == "Linux"->torch)
  Downloading http://pypi-mirror.modal.local:5555/simple/nvidia-cufile/nvidia_cufile-1.15.1.6-py3-none-manylinux2014_x86_64.manylinux_2_17_x86_64.whl.metadata (1.7 kB)
Collecting nvidia-cuda-cupti==13.0.85.* (from cuda-toolkit[cudart,cufft,cufile,cupti,curand,cusolver,cusparse,nvjitlink,nvrtc,nvtx]==13.0.2; platform_system == "Linux"->torch)
  Downloading http://pypi-mirror.modal.local:5555/simple/nvidia-cuda-cupti/nvidia_cuda_cupti-13.0.85-py3-none-manylinux_2_25_x86_64.whl.metadata (1.7 kB)
Collecting nvidia-curand==10.4.0.35.* (from cuda-toolkit[cudart,cufft,cufile,cupti,curand,cusolver,cusparse,nvjitlink,nvrtc,nvtx]==13.0.2; platform_system == "Linux"->torch)
  Downloading http://pypi-mirror.modal.local:5555/simple/nvidia-curand/nvidia_curand-10.4.0.35-py3-none-manylinux_2_27_x86_64.whl.metadata (1.7 kB)
Collecting nvidia-cusolver==12.0.4.66.* (from cuda-toolkit[cudart,cufft,cufile,cupti,curand,cusolver,cusparse,nvjitlink,nvrtc,nvtx]==13.0.2; platform_system == "Linux"->torch)
  Downloading http://pypi-mirror.modal.local:5555/simple/nvidia-cusolver/nvidia_cusolver-12.0.4.66-py3-none-manylinux_2_27_x86_64.whl.metadata (1.8 kB)
Collecting nvidia-cusparse==12.6.3.3.* (from cuda-toolkit[cudart,cufft,cufile,cupti,curand,cusolver,cusparse,nvjitlink,nvrtc,nvtx]==13.0.2; platform_system == "Linux"->torch)
  Downloading http://pypi-mirror.modal.local:5555/simple/nvidia-cusparse/nvidia_cusparse-12.6.3.3-py3-none-manylinux2014_x86_64.manylinux_2_17_x86_64.whl.metadata (1.8 kB)
Collecting nvidia-nvjitlink==13.0.88.* (from cuda-toolkit[cudart,cufft,cufile,cupti,curand,cusolver,cusparse,nvjitlink,nvrtc,nvtx]==13.0.2; platform_system == "Linux"->torch)
  Downloading http://pypi-mirror.modal.local:5555/simple/nvidia-nvjitlink/nvidia_nvjitlink-13.0.88-py3-none-manylinux2010_x86_64.manylinux_2_12_x86_64.whl.metadata (1.7 kB)
Collecting nvidia-cuda-nvrtc==13.0.88.* (from cuda-toolkit[cudart,cufft,cufile,cupti,curand,cusolver,cusparse,nvjitlink,nvrtc,nvtx]==13.0.2; platform_system == "Linux"->torch)
  Downloading http://pypi-mirror.modal.local:5555/simple/nvidia-cuda-nvrtc/nvidia_cuda_nvrtc-13.0.88-py3-none-manylinux2010_x86_64.manylinux_2_12_x86_64.whl.metadata (1.7 kB)
Collecting nvidia-nvtx==13.0.85.* (from cuda-toolkit[cudart,cufft,cufile,cupti,curand,cusolver,cusparse,nvjitlink,nvrtc,nvtx]==13.0.2; platform_system == "Linux"->torch)
  Downloading http://pypi-mirror.modal.local:5555/simple/nvidia-nvtx/nvidia_nvtx-13.0.85-py3-none-manylinux1_x86_64.manylinux_2_5_x86_64.whl.metadata (1.8 kB)
Collecting cuda-pathfinder>=1.4.2 (from cuda-bindings<14,>=13.0.3->torch)
  Downloading http://pypi-mirror.modal.local:5555/simple/cuda-pathfinder/cuda_pathfinder-1.5.5-py3-none-any.whl.metadata (1.9 kB)
Collecting aiohappyeyeballs>=2.5.0 (from aiohttp!=4.0.0a0,!=4.0.0a1->fsspec[http]<=2026.2.0,>=2023.1.0->datasets==4.8.4)
  Downloading http://pypi-mirror.modal.local:5555/simple/aiohappyeyeballs/aiohappyeyeballs-2.6.2-py3-none-any.whl.metadata (5.9 kB)
Collecting aiosignal>=1.4.0 (from aiohttp!=4.0.0a0,!=4.0.0a1->fsspec[http]<=2026.2.0,>=2023.1.0->datasets==4.8.4)
  Downloading http://pypi-mirror.modal.local:5555/simple/aiosignal/aiosignal-1.4.0-py3-none-any.whl.metadata (3.7 kB)
Collecting attrs>=17.3.0 (from aiohttp!=4.0.0a0,!=4.0.0a1->fsspec[http]<=2026.2.0,>=2023.1.0->datasets==4.8.4)
  Downloading http://pypi-mirror.modal.local:5555/simple/attrs/attrs-26.1.0-py3-none-any.whl.metadata (8.8 kB)
Collecting frozenlist>=1.1.1 (from aiohttp!=4.0.0a0,!=4.0.0a1->fsspec[http]<=2026.2.0,>=2023.1.0->datasets==4.8.4)
  Downloading http://pypi-mirror.modal.local:5555/simple/frozenlist/frozenlist-1.8.0-cp312-cp312-manylinux1_x86_64.manylinux_2_28_x86_64.manylinux_2_5_x86_64.whl.metadata (20 kB)
Collecting multidict<7.0,>=4.5 (from aiohttp!=4.0.0a0,!=4.0.0a1->fsspec[http]<=2026.2.0,>=2023.1.0->datasets==4.8.4)
  Downloading http://pypi-mirror.modal.local:5555/simple/multidict/multidict-6.7.1-cp312-cp312-manylinux2014_x86_64.manylinux_2_17_x86_64.manylinux_2_28_x86_64.whl.metadata (5.3 kB)
Collecting propcache>=0.2.0 (from aiohttp!=4.0.0a0,!=4.0.0a1->fsspec[http]<=2026.2.0,>=2023.1.0->datasets==4.8.4)
  Downloading http://pypi-mirror.modal.local:5555/simple/propcache/propcache-0.5.2-cp312-cp312-manylinux2014_x86_64.manylinux_2_17_x86_64.manylinux_2_28_x86_64.whl.metadata (16 kB)
Collecting yarl<2.0,>=1.17.0 (from aiohttp!=4.0.0a0,!=4.0.0a1->fsspec[http]<=2026.2.0,>=2023.1.0->datasets==4.8.4)
  Downloading http://pypi-mirror.modal.local:5555/simple/yarl/yarl-1.24.2-cp312-cp312-manylinux2014_x86_64.manylinux_2_17_x86_64.manylinux_2_28_x86_64.whl.metadata (94 kB)
Collecting python-dateutil>=2.8.2 (from pandas->datasets==4.8.4)
  Downloading http://pypi-mirror.modal.local:5555/simple/python-dateutil/python_dateutil-2.9.0.post0-py2.py3-none-any.whl.metadata (8.4 kB)
Collecting six>=1.5 (from python-dateutil>=2.8.2->pandas->datasets==4.8.4)
  Downloading http://pypi-mirror.modal.local:5555/simple/six/six-1.17.0-py2.py3-none-any.whl.metadata (1.7 kB)
Collecting charset_normalizer<4,>=2 (from requests>=2.32.2->datasets==4.8.4)
  Downloading http://pypi-mirror.modal.local:5555/simple/charset-normalizer/charset_normalizer-3.4.7-cp312-cp312-manylinux2014_x86_64.manylinux_2_17_x86_64.manylinux_2_28_x86_64.whl.metadata (40 kB)
Collecting urllib3<3,>=1.26 (from requests>=2.32.2->datasets==4.8.4)
  Downloading http://pypi-mirror.modal.local:5555/simple/urllib3/urllib3-2.7.0-py3-none-any.whl.metadata (6.9 kB)
Collecting markdown-it-py>=2.2.0 (from rich>=12.6.0->transformer-lens==2.18.0)
  Downloading http://pypi-mirror.modal.local:5555/simple/markdown-it-py/markdown_it_py-4.2.0-py3-none-any.whl.metadata (7.4 kB)
Collecting pygments<3.0.0,>=2.13.0 (from rich>=12.6.0->transformer-lens==2.18.0)
  Downloading http://pypi-mirror.modal.local:5555/simple/pygments/pygments-2.20.0-py3-none-any.whl.metadata (2.5 kB)
Collecting mdurl~=0.1 (from markdown-it-py>=2.2.0->rich>=12.6.0->transformer-lens==2.18.0)
  Downloading http://pypi-mirror.modal.local:5555/simple/mdurl/mdurl-0.1.2-py3-none-any.whl.metadata (1.6 kB)
Collecting mpmath<1.4,>=1.1.0 (from sympy>=1.13.3->torch)
  Downloading http://pypi-mirror.modal.local:5555/simple/mpmath/mpmath-1.3.0-py3-none-any.whl.metadata (8.6 kB)
Collecting click>=8.2.0 (from wandb>=0.13.5->transformer-lens==2.18.0)
  Downloading http://pypi-mirror.modal.local:5555/simple/click/click-8.4.1-py3-none-any.whl.metadata (2.6 kB)
Collecting gitpython!=3.1.29,>=1.0.0 (from wandb>=0.13.5->transformer-lens==2.18.0)
  Downloading http://pypi-mirror.modal.local:5555/simple/gitpython/gitpython-3.1.50-py3-none-any.whl.metadata (14 kB)
Collecting platformdirs (from wandb>=0.13.5->transformer-lens==2.18.0)
  Downloading http://pypi-mirror.modal.local:5555/simple/platformdirs/platformdirs-4.10.0-py3-none-any.whl.metadata (5.5 kB)
Collecting pydantic<3,>=2.6 (from wandb>=0.13.5->transformer-lens==2.18.0)
  Downloading http://pypi-mirror.modal.local:5555/simple/pydantic/pydantic-2.13.4-py3-none-any.whl.metadata (109 kB)
Collecting sentry-sdk>=2.0.0 (from wandb>=0.13.5->transformer-lens==2.18.0)
  Downloading http://pypi-mirror.modal.local:5555/simple/sentry-sdk/sentry_sdk-2.61.1-py3-none-any.whl.metadata (10 kB)
Collecting annotated-types>=0.6.0 (from pydantic<3,>=2.6->wandb>=0.13.5->transformer-lens==2.18.0)
  Downloading http://pypi-mirror.modal.local:5555/simple/annotated-types/annotated_types-0.7.0-py3-none-any.whl.metadata (15 kB)
Collecting pydantic-core==2.46.4 (from pydantic<3,>=2.6->wandb>=0.13.5->transformer-lens==2.18.0)
  Downloading http://pypi-mirror.modal.local:5555/simple/pydantic-core/pydantic_core-2.46.4-cp312-cp312-manylinux_2_17_x86_64.manylinux2014_x86_64.whl.metadata (6.6 kB)
Collecting typing-inspection>=0.4.2 (from pydantic<3,>=2.6->wandb>=0.13.5->transformer-lens==2.18.0)
  Downloading http://pypi-mirror.modal.local:5555/simple/typing-inspection/typing_inspection-0.4.2-py3-none-any.whl.metadata (2.6 kB)
Collecting gitdb<5,>=4.0.1 (from gitpython!=3.1.29,>=1.0.0->wandb>=0.13.5->transformer-lens==2.18.0)
  Downloading http://pypi-mirror.modal.local:5555/simple/gitdb/gitdb-4.0.12-py3-none-any.whl.metadata (1.2 kB)
Collecting smmap<6,>=3.0.1 (from gitdb<5,>=4.0.1->gitpython!=3.1.29,>=1.0.0->wandb>=0.13.5->transformer-lens==2.18.0)
  Downloading http://pypi-mirror.modal.local:5555/simple/smmap/smmap-5.0.3-py3-none-any.whl.metadata (4.6 kB)
Collecting MarkupSafe>=2.0 (from jinja2->torch)
  Downloading http://pypi-mirror.modal.local:5555/simple/markupsafe/markupsafe-3.0.3-cp312-cp312-manylinux2014_x86_64.manylinux_2_17_x86_64.manylinux_2_28_x86_64.whl.metadata (2.7 kB)
Downloading http://pypi-mirror.modal.local:5555/simple/datasets/datasets-4.8.4-py3-none-any.whl (526 kB)
   ━━━━━━━━━━━━━━━━━━━━━━━━━━━━━━━━━━━━━━━ 527.0/527.0 kB 305.0 MB/s eta 0:00:00
Downloading http://pypi-mirror.modal.local:5555/simple/einops/einops-0.8.2-py3-none-any.whl (65 kB)
Downloading http://pypi-mirror.modal.local:5555/simple/jaxtyping/jaxtyping-0.3.9-py3-none-any.whl (56 kB)
Downloading http://pypi-mirror.modal.local:5555/simple/peft/peft-0.19.1-py3-none-any.whl (680 kB)
   ━━━━━━━━━━━━━━━━━━━━━━━━━━━━━━━━━━━━━━━ 680.7/680.7 kB 751.5 MB/s eta 0:00:00
Downloading http://pypi-mirror.modal.local:5555/simple/transformer-lens/transformer_lens-2.18.0-py3-none-any.whl (239 kB)
Downloading http://pypi-mirror.modal.local:5555/simple/typeguard/typeguard-4.5.1-py3-none-any.whl (36 kB)
Downloading http://pypi-mirror.modal.local:5555/simple/transformers/transformers-4.57.6-py3-none-any.whl (12.0 MB)
   ━━━━━━━━━━━━━━━━━━━━━━━━━━━━━━━━━━━━━━━━ 12.0/12.0 MB 326.7 MB/s eta 0:00:00
Downloading http://pypi-mirror.modal.local:5555/simple/numpy/numpy-1.26.4-cp312-cp312-manylinux_2_17_x86_64.manylinux2014_x86_64.whl (18.0 MB)
   ━━━━━━━━━━━━━━━━━━━━━━━━━━━━━━━━━━━━━━━━ 18.0/18.0 MB 416.5 MB/s eta 0:00:00
Downloading http://pypi-mirror.modal.local:5555/simple/beartype/beartype-0.14.1-py3-none-any.whl (739 kB)
   ━━━━━━━━━━━━━━━━━━━━━━━━━━━━━━━━━━━━━━━ 739.7/739.7 kB 499.3 MB/s eta 0:00:00
Downloading http://pypi-mirror.modal.local:5555/simple/better-abc/better_abc-0.0.3-py3-none-any.whl (3.5 kB)
Downloading http://pypi-mirror.modal.local:5555/simple/dill/dill-0.4.1-py3-none-any.whl (120 kB)
Downloading http://pypi-mirror.modal.local:5555/simple/fsspec/fsspec-2026.2.0-py3-none-any.whl (202 kB)
Downloading http://pypi-mirror.modal.local:5555/simple/httpx/httpx-0.28.1-py3-none-any.whl (73 kB)
Downloading http://pypi-mirror.modal.local:5555/simple/httpcore/httpcore-1.0.9-py3-none-any.whl (78 kB)
Downloading http://pypi-mirror.modal.local:5555/simple/huggingface-hub/huggingface_hub-0.36.2-py3-none-any.whl (566 kB)
   ━━━━━━━━━━━━━━━━━━━━━━━━━━━━━━━━━━━━━━━ 566.4/566.4 kB 473.4 MB/s eta 0:00:00
Downloading http://pypi-mirror.modal.local:5555/simple/hf-xet/hf_xet-1.5.0-cp37-abi3-manylinux2014_x86_64.manylinux_2_17_x86_64.whl (4.5 MB)
   ━━━━━━━━━━━━━━━━━━━━━━━━━━━━━━━━━━━━━━━━ 4.5/4.5 MB 353.4 MB/s eta 0:00:00
Downloading http://pypi-mirror.modal.local:5555/simple/multiprocess/multiprocess-0.70.19-py312-none-any.whl (150 kB)
Downloading http://pypi-mirror.modal.local:5555/simple/tokenizers/tokenizers-0.22.2-cp39-abi3-manylinux_2_17_x86_64.manylinux2014_x86_64.whl (3.3 MB)
   ━━━━━━━━━━━━━━━━━━━━━━━━━━━━━━━━━━━━━━━━ 3.3/3.3 MB 411.0 MB/s eta 0:00:00
Downloading http://pypi-mirror.modal.local:5555/simple/accelerate/accelerate-1.13.0-py3-none-any.whl (383 kB)
Downloading http://pypi-mirror.modal.local:5555/simple/torch/torch-2.12.0-cp312-cp312-manylinux_2_28_x86_64.whl (532.3 MB)
   ━━━━━━━━━━━━━━━━━━━━━━━━━━━━━━━━━━━━━━━ 532.3/532.3 MB 486.6 MB/s eta 0:00:00
Downloading http://pypi-mirror.modal.local:5555/simple/cuda-toolkit/cuda_toolkit-13.0.2-py2.py3-none-any.whl (2.4 kB)
Downloading http://pypi-mirror.modal.local:5555/simple/nvidia-cudnn-cu13/nvidia_cudnn_cu13-9.20.0.48-py3-none-manylinux_2_27_x86_64.whl (366.2 MB)
   ━━━━━━━━━━━━━━━━━━━━━━━━━━━━━━━━━━━━━━━ 366.2/366.2 MB 504.2 MB/s eta 0:00:00
Downloading http://pypi-mirror.modal.local:5555/simple/nvidia-cusparselt-cu13/nvidia_cusparselt_cu13-0.8.1-py3-none-manylinux2014_x86_64.whl (170.1 MB)
   ━━━━━━━━━━━━━━━━━━━━━━━━━━━━━━━━━━━━━━━ 170.1/170.1 MB 496.2 MB/s eta 0:00:00
Downloading http://pypi-mirror.modal.local:5555/simple/nvidia-nccl-cu13/nvidia_nccl_cu13-2.29.7-py3-none-manylinux_2_18_x86_64.whl (206.0 MB)
   ━━━━━━━━━━━━━━━━━━━━━━━━━━━━━━━━━━━━━━━ 206.0/206.0 MB 455.6 MB/s eta 0:00:00
Downloading http://pypi-mirror.modal.local:5555/simple/nvidia-nvshmem-cu13/nvidia_nvshmem_cu13-3.4.5-py3-none-manylinux2014_x86_64.manylinux_2_17_x86_64.whl (60.4 MB)
   ━━━━━━━━━━━━━━━━━━━━━━━━━━━━━━━━━━━━━━━━ 60.4/60.4 MB 374.0 MB/s eta 0:00:00
Downloading http://pypi-mirror.modal.local:5555/simple/triton/triton-3.7.0-cp312-cp312-manylinux_2_27_x86_64.manylinux_2_28_x86_64.whl (201.5 MB)
   ━━━━━━━━━━━━━━━━━━━━━━━━━━━━━━━━━━━━━━━ 201.5/201.5 MB 465.7 MB/s eta 0:00:00
Downloading http://pypi-mirror.modal.local:5555/simple/cuda-bindings/cuda_bindings-13.3.1-cp312-cp312-manylinux_2_24_x86_64.manylinux_2_28_x86_64.whl (6.7 MB)
   ━━━━━━━━━━━━━━━━━━━━━━━━━━━━━━━━━━━━━━━━ 6.7/6.7 MB 604.8 MB/s eta 0:00:00
Downloading http://pypi-mirror.modal.local:5555/simple/nvidia-cublas/nvidia_cublas-13.1.1.3-py3-none-manylinux_2_27_x86_64.whl (423.1 MB)
   ━━━━━━━━━━━━━━━━━━━━━━━━━━━━━━━━━━━━━━━ 423.1/423.1 MB 553.6 MB/s eta 0:00:00
Downloading http://pypi-mirror.modal.local:5555/simple/nvidia-cuda-cupti/nvidia_cuda_cupti-13.0.85-py3-none-manylinux_2_25_x86_64.whl (10.7 MB)
   ━━━━━━━━━━━━━━━━━━━━━━━━━━━━━━━━━━━━━━━━ 10.7/10.7 MB 590.9 MB/s eta 0:00:00
Downloading http://pypi-mirror.modal.local:5555/simple/nvidia-cuda-nvrtc/nvidia_cuda_nvrtc-13.0.88-py3-none-manylinux2010_x86_64.manylinux_2_12_x86_64.whl (90.2 MB)
   ━━━━━━━━━━━━━━━━━━━━━━━━━━━━━━━━━━━━━━━━ 90.2/90.2 MB 488.5 MB/s eta 0:00:00
Downloading http://pypi-mirror.modal.local:5555/simple/nvidia-cuda-runtime/nvidia_cuda_runtime-13.0.96-py3-none-manylinux2014_x86_64.manylinux_2_17_x86_64.whl (2.2 MB)
   ━━━━━━━━━━━━━━━━━━━━━━━━━━━━━━━━━━━━━━━━ 2.2/2.2 MB 758.3 MB/s eta 0:00:00
Downloading http://pypi-mirror.modal.local:5555/simple/nvidia-cufft/nvidia_cufft-12.0.0.61-py3-none-manylinux2014_x86_64.manylinux_2_17_x86_64.whl (214.1 MB)
   ━━━━━━━━━━━━━━━━━━━━━━━━━━━━━━━━━━━━━━━ 214.1/214.1 MB 434.7 MB/s eta 0:00:00
Downloading http://pypi-mirror.modal.local:5555/simple/nvidia-cufile/nvidia_cufile-1.15.1.6-py3-none-manylinux2014_x86_64.manylinux_2_17_x86_64.whl (1.2 MB)
   ━━━━━━━━━━━━━━━━━━━━━━━━━━━━━━━━━━━━━━━━ 1.2/1.2 MB 1.0 GB/s eta 0:00:00
Downloading http://pypi-mirror.modal.local:5555/simple/nvidia-curand/nvidia_curand-10.4.0.35-py3-none-manylinux_2_27_x86_64.whl (59.5 MB)
   ━━━━━━━━━━━━━━━━━━━━━━━━━━━━━━━━━━━━━━━━ 59.5/59.5 MB 538.4 MB/s eta 0:00:00
Downloading http://pypi-mirror.modal.local:5555/simple/nvidia-cusolver/nvidia_cusolver-12.0.4.66-py3-none-manylinux_2_27_x86_64.whl (200.9 MB)
   ━━━━━━━━━━━━━━━━━━━━━━━━━━━━━━━━━━━━━━━ 200.9/200.9 MB 392.4 MB/s eta 0:00:00
Downloading http://pypi-mirror.modal.local:5555/simple/nvidia-cusparse/nvidia_cusparse-12.6.3.3-py3-none-manylinux2014_x86_64.manylinux_2_17_x86_64.whl (145.9 MB)
   ━━━━━━━━━━━━━━━━━━━━━━━━━━━━━━━━━━━━━━━ 145.9/145.9 MB 544.8 MB/s eta 0:00:00
Downloading http://pypi-mirror.modal.local:5555/simple/nvidia-nvjitlink/nvidia_nvjitlink-13.0.88-py3-none-manylinux2010_x86_64.manylinux_2_12_x86_64.whl (40.7 MB)
   ━━━━━━━━━━━━━━━━━━━━━━━━━━━━━━━━━━━━━━━━ 40.7/40.7 MB 515.8 MB/s eta 0:00:00
Downloading http://pypi-mirror.modal.local:5555/simple/nvidia-nvtx/nvidia_nvtx-13.0.85-py3-none-manylinux1_x86_64.manylinux_2_5_x86_64.whl (148 kB)
Downloading http://pypi-mirror.modal.local:5555/simple/setuptools/setuptools-81.0.0-py3-none-any.whl (1.1 MB)
   ━━━━━━━━━━━━━━━━━━━━━━━━━━━━━━━━━━━━━━━━ 1.1/1.1 MB 670.0 MB/s eta 0:00:00
Downloading http://pypi-mirror.modal.local:5555/simple/aiohttp/aiohttp-3.14.0-cp312-cp312-manylinux2014_x86_64.manylinux_2_17_x86_64.manylinux_2_28_x86_64.whl (1.8 MB)
   ━━━━━━━━━━━━━━━━━━━━━━━━━━━━━━━━━━━━━━━━ 1.8/1.8 MB 503.5 MB/s eta 0:00:00
Downloading http://pypi-mirror.modal.local:5555/simple/multidict/multidict-6.7.1-cp312-cp312-manylinux2014_x86_64.manylinux_2_17_x86_64.manylinux_2_28_x86_64.whl (256 kB)
Downloading http://pypi-mirror.modal.local:5555/simple/yarl/yarl-1.24.2-cp312-cp312-manylinux2014_x86_64.manylinux_2_17_x86_64.manylinux_2_28_x86_64.whl (105 kB)
Downloading http://pypi-mirror.modal.local:5555/simple/aiohappyeyeballs/aiohappyeyeballs-2.6.2-py3-none-any.whl (15 kB)
Downloading http://pypi-mirror.modal.local:5555/simple/aiosignal/aiosignal-1.4.0-py3-none-any.whl (7.5 kB)
Downloading http://pypi-mirror.modal.local:5555/simple/attrs/attrs-26.1.0-py3-none-any.whl (67 kB)
Downloading http://pypi-mirror.modal.local:5555/simple/cuda-pathfinder/cuda_pathfinder-1.5.5-py3-none-any.whl (51 kB)
Downloading http://pypi-mirror.modal.local:5555/simple/fancy-einsum/fancy_einsum-0.0.3-py3-none-any.whl (6.2 kB)
Downloading http://pypi-mirror.modal.local:5555/simple/frozenlist/frozenlist-1.8.0-cp312-cp312-manylinux1_x86_64.manylinux_2_28_x86_64.manylinux_2_5_x86_64.whl (242 kB)
Downloading http://pypi-mirror.modal.local:5555/simple/h11/h11-0.16.0-py3-none-any.whl (37 kB)
Downloading http://pypi-mirror.modal.local:5555/simple/idna/idna-3.18-py3-none-any.whl (65 kB)
Downloading http://pypi-mirror.modal.local:5555/simple/networkx/networkx-3.6.1-py3-none-any.whl (2.1 MB)
   ━━━━━━━━━━━━━━━━━━━━━━━━━━━━━━━━━━━━━━━━ 2.1/2.1 MB 700.1 MB/s eta 0:00:00
Downloading http://pypi-mirror.modal.local:5555/simple/packaging/packaging-26.2-py3-none-any.whl (100 kB)
Downloading http://pypi-mirror.modal.local:5555/simple/pandas/pandas-3.0.3-cp312-cp312-manylinux_2_24_x86_64.manylinux_2_28_x86_64.whl (10.9 MB)
   ━━━━━━━━━━━━━━━━━━━━━━━━━━━━━━━━━━━━━━━━ 10.9/10.9 MB 592.0 MB/s eta 0:00:00
Downloading http://pypi-mirror.modal.local:5555/simple/propcache/propcache-0.5.2-cp312-cp312-manylinux2014_x86_64.manylinux_2_17_x86_64.manylinux_2_28_x86_64.whl (61 kB)
Downloading http://pypi-mirror.modal.local:5555/simple/protobuf/protobuf-7.35.0-cp310-abi3-manylinux2014_x86_64.whl (327 kB)
Downloading http://pypi-mirror.modal.local:5555/simple/pyarrow/pyarrow-24.0.0-cp312-cp312-manylinux_2_28_x86_64.whl (48.9 MB)
   ━━━━━━━━━━━━━━━━━━━━━━━━━━━━━━━━━━━━━━━━ 48.9/48.9 MB 577.1 MB/s eta 0:00:00
Downloading http://pypi-mirror.modal.local:5555/simple/python-dateutil/python_dateutil-2.9.0.post0-py2.py3-none-any.whl (229 kB)
Downloading http://pypi-mirror.modal.local:5555/simple/pyyaml/pyyaml-6.0.3-cp312-cp312-manylinux2014_x86_64.manylinux_2_17_x86_64.manylinux_2_28_x86_64.whl (807 kB)
   ━━━━━━━━━━━━━━━━━━━━━━━━━━━━━━━━━━━━━━━ 807.9/807.9 kB 288.9 MB/s eta 0:00:00
Downloading http://pypi-mirror.modal.local:5555/simple/regex/regex-2026.5.9-cp312-cp312-manylinux2014_x86_64.manylinux_2_17_x86_64.manylinux_2_28_x86_64.whl (801 kB)
   ━━━━━━━━━━━━━━━━━━━━━━━━━━━━━━━━━━━━━━━ 801.2/801.2 kB 921.5 MB/s eta 0:00:00
Downloading http://pypi-mirror.modal.local:5555/simple/requests/requests-2.34.2-py3-none-any.whl (73 kB)
Downloading http://pypi-mirror.modal.local:5555/simple/charset-normalizer/charset_normalizer-3.4.7-cp312-cp312-manylinux2014_x86_64.manylinux_2_17_x86_64.manylinux_2_28_x86_64.whl (216 kB)
Downloading http://pypi-mirror.modal.local:5555/simple/urllib3/urllib3-2.7.0-py3-none-any.whl (131 kB)
Downloading http://pypi-mirror.modal.local:5555/simple/certifi/certifi-2026.5.20-py3-none-any.whl (134 kB)
Downloading http://pypi-mirror.modal.local:5555/simple/rich/rich-15.0.0-py3-none-any.whl (310 kB)
Downloading http://pypi-mirror.modal.local:5555/simple/pygments/pygments-2.20.0-py3-none-any.whl (1.2 MB)
   ━━━━━━━━━━━━━━━━━━━━━━━━━━━━━━━━━━━━━━━━ 1.2/1.2 MB 580.4 MB/s eta 0:00:00
Downloading http://pypi-mirror.modal.local:5555/simple/markdown-it-py/markdown_it_py-4.2.0-py3-none-any.whl (91 kB)
Downloading http://pypi-mirror.modal.local:5555/simple/mdurl/mdurl-0.1.2-py3-none-any.whl (10.0 kB)
Downloading http://pypi-mirror.modal.local:5555/simple/safetensors/safetensors-0.7.0-cp38-abi3-manylinux_2_17_x86_64.manylinux2014_x86_64.whl (507 kB)
Downloading http://pypi-mirror.modal.local:5555/simple/six/six-1.17.0-py2.py3-none-any.whl (11 kB)
Downloading http://pypi-mirror.modal.local:5555/simple/sympy/sympy-1.14.0-py3-none-any.whl (6.3 MB)
   ━━━━━━━━━━━━━━━━━━━━━━━━━━━━━━━━━━━━━━━━ 6.3/6.3 MB 641.8 MB/s eta 0:00:00
Downloading http://pypi-mirror.modal.local:5555/simple/mpmath/mpmath-1.3.0-py3-none-any.whl (536 kB)
   ━━━━━━━━━━━━━━━━━━━━━━━━━━━━━━━━━━━━━━━ 536.2/536.2 kB 589.1 MB/s eta 0:00:00
Downloading http://pypi-mirror.modal.local:5555/simple/tqdm/tqdm-4.67.3-py3-none-any.whl (78 kB)
Downloading http://pypi-mirror.modal.local:5555/simple/typing-extensions/typing_extensions-4.15.0-py3-none-any.whl (44 kB)
Downloading http://pypi-mirror.modal.local:5555/simple/wadler-lindig/wadler_lindig-0.1.7-py3-none-any.whl (20 kB)
Downloading http://pypi-mirror.modal.local:5555/simple/wandb/wandb-0.27.0-py3-none-manylinux_2_28_x86_64.whl (27.3 MB)
   ━━━━━━━━━━━━━━━━━━━━━━━━━━━━━━━━━━━━━━━━ 27.3/27.3 MB 525.4 MB/s eta 0:00:00
Downloading http://pypi-mirror.modal.local:5555/simple/pydantic/pydantic-2.13.4-py3-none-any.whl (472 kB)
Downloading http://pypi-mirror.modal.local:5555/simple/pydantic-core/pydantic_core-2.46.4-cp312-cp312-manylinux_2_17_x86_64.manylinux2014_x86_64.whl (2.1 MB)
   ━━━━━━━━━━━━━━━━━━━━━━━━━━━━━━━━━━━━━━━━ 2.1/2.1 MB 382.2 MB/s eta 0:00:00
Downloading http://pypi-mirror.modal.local:5555/simple/annotated-types/annotated_types-0.7.0-py3-none-any.whl (13 kB)
Downloading http://pypi-mirror.modal.local:5555/simple/click/click-8.4.1-py3-none-any.whl (116 kB)
Downloading http://pypi-mirror.modal.local:5555/simple/gitpython/gitpython-3.1.50-py3-none-any.whl (212 kB)
Downloading http://pypi-mirror.modal.local:5555/simple/gitdb/gitdb-4.0.12-py3-none-any.whl (62 kB)
Downloading http://pypi-mirror.modal.local:5555/simple/smmap/smmap-5.0.3-py3-none-any.whl (24 kB)
Downloading http://pypi-mirror.modal.local:5555/simple/sentry-sdk/sentry_sdk-2.61.1-py3-none-any.whl (483 kB)
Downloading http://pypi-mirror.modal.local:5555/simple/typing-inspection/typing_inspection-0.4.2-py3-none-any.whl (14 kB)
Downloading http://pypi-mirror.modal.local:5555/simple/anyio/anyio-4.13.0-py3-none-any.whl (114 kB)
Downloading http://pypi-mirror.modal.local:5555/simple/filelock/filelock-3.29.0-py3-none-any.whl (39 kB)
Downloading http://pypi-mirror.modal.local:5555/simple/jinja2/jinja2-3.1.6-py3-none-any.whl (134 kB)
Downloading http://pypi-mirror.modal.local:5555/simple/markupsafe/markupsafe-3.0.3-cp312-cp312-manylinux2014_x86_64.manylinux_2_17_x86_64.manylinux_2_28_x86_64.whl (22 kB)
Downloading http://pypi-mirror.modal.local:5555/simple/platformdirs/platformdirs-4.10.0-py3-none-any.whl (22 kB)
Downloading http://pypi-mirror.modal.local:5555/simple/psutil/psutil-7.2.2-cp36-abi3-manylinux2010_x86_64.manylinux_2_12_x86_64.manylinux_2_28_x86_64.whl (155 kB)
Downloading http://pypi-mirror.modal.local:5555/simple/sentencepiece/sentencepiece-0.2.1-cp312-cp312-manylinux_2_27_x86_64.manylinux_2_28_x86_64.whl (1.4 MB)
   ━━━━━━━━━━━━━━━━━━━━━━━━━━━━━━━━━━━━━━━━ 1.4/1.4 MB 360.2 MB/s eta 0:00:00
Downloading http://pypi-mirror.modal.local:5555/simple/xxhash/xxhash-3.7.0-cp312-cp312-manylinux2014_x86_64.manylinux_2_17_x86_64.manylinux_2_28_x86_64.whl (193 kB)
Building wheels for collected packages: transformers-stream-generator
  Building wheel for transformers-stream-generator (pyproject.toml): started
  Building wheel for transformers-stream-generator (pyproject.toml): finished with status 'done'
  Created wheel for transformers-stream-generator: filename=transformers_stream_generator-0.0.5-py3-none-any.whl size=12525 sha256=5246bd2fcecbd23b254b2c39ff663a6ee9fb5e3b93af352cc974d829138ac52e
  Stored in directory: /tmp/pip-ephem-wheel-cache-j29cfdsi/wheels/23/da/ca/7178acf4a37a6161f885be26314b6cdaef09dfa15c4e0859ea
Successfully built transformers-stream-generator
Installing collected packages: nvidia-cusparselt-cu13, mpmath, cuda-toolkit, better-abc, xxhash, wadler-lindig, urllib3, typing-extensions, triton, tqdm, sympy, smmap, six, setuptools, sentencepiece, safetensors, regex, pyyaml, pygments, pyarrow, psutil, protobuf, propcache, platformdirs, packaging, nvidia-nvtx, nvidia-nvshmem-cu13, nvidia-nvjitlink, nvidia-nccl-cu13, nvidia-curand, nvidia-cufile, nvidia-cuda-runtime, nvidia-cuda-nvrtc, nvidia-cuda-cupti, numpy, networkx, multidict, mdurl, MarkupSafe, idna, hf-xet, h11, fsspec, frozenlist, filelock, fancy-einsum, einops, dill, cuda-pathfinder, click, charset_normalizer, certifi, beartype, attrs, annotated-types, aiohappyeyeballs, yarl, typing-inspection, typeguard, sentry-sdk, requests, python-dateutil, pydantic-core, nvidia-cusparse, nvidia-cufft, nvidia-cublas, multiprocess, markdown-it-py, jinja2, jaxtyping, httpcore, gitdb, cuda-bindings, anyio, aiosignal, rich, pydantic, pandas, nvidia-cusolver, nvidia-cudnn-cu13, huggingface-hub, httpx, gitpython, aiohttp, wandb, tokenizers, transformers, torch, datasets, transformers-stream-generator, accelerate, transformer-lens, peft

Successfully installed MarkupSafe-3.0.3 accelerate-1.13.0 aiohappyeyeballs-2.6.2 aiohttp-3.14.0 aiosignal-1.4.0 annotated-types-0.7.0 anyio-4.13.0 attrs-26.1.0 beartype-0.14.1 better-abc-0.0.3 certifi-2026.5.20 charset_normalizer-3.4.7 click-8.4.1 cuda-bindings-13.3.1 cuda-pathfinder-1.5.5 cuda-toolkit-13.0.2 datasets-4.8.4 dill-0.4.1 einops-0.8.2 fancy-einsum-0.0.3 filelock-3.29.0 frozenlist-1.8.0 fsspec-2026.2.0 gitdb-4.0.12 gitpython-3.1.50 h11-0.16.0 hf-xet-1.5.0 httpcore-1.0.9 httpx-0.28.1 huggingface-hub-0.36.2 idna-3.18 jaxtyping-0.3.9 jinja2-3.1.6 markdown-it-py-4.2.0 mdurl-0.1.2 mpmath-1.3.0 multidict-6.7.1 multiprocess-0.70.19 networkx-3.6.1 numpy-1.26.4 nvidia-cublas-13.1.1.3 nvidia-cuda-cupti-13.0.85 nvidia-cuda-nvrtc-13.0.88 nvidia-cuda-runtime-13.0.96 nvidia-cudnn-cu13-9.20.0.48 nvidia-cufft-12.0.0.61 nvidia-cufile-1.15.1.6 nvidia-curand-10.4.0.35 nvidia-cusolver-12.0.4.66 nvidia-cusparse-12.6.3.3 nvidia-cusparselt-cu13-0.8.1 nvidia-nccl-cu13-2.29.7 nvidia-nvjitlink-13.0.88 nvidia-nvshmem-cu13-3.4.5 nvidia-nvtx-13.0.85 packaging-26.2 pandas-3.0.3 peft-0.19.1 platformdirs-4.10.0 propcache-0.5.2 protobuf-7.35.0 psutil-7.2.2 pyarrow-24.0.0 pydantic-2.13.4 pydantic-core-2.46.4 pygments-2.20.0 python-dateutil-2.9.0.post0 pyyaml-6.0.3 regex-2026.5.9 requests-2.34.2 rich-15.0.0 safetensors-0.7.0 sentencepiece-0.2.1 sentry-sdk-2.61.1 setuptools-81.0.0 six-1.17.0 smmap-5.0.3 sympy-1.14.0 tokenizers-0.22.2 torch-2.12.0 tqdm-4.67.3 transformer-lens-2.18.0 transformers-4.57.6 transformers-stream-generator-0.0.5 triton-3.7.0 typeguard-4.5.1 typing-extensions-4.15.0 typing-inspection-0.4.2 urllib3-2.7.0 wadler-lindig-0.1.7 wandb-0.27.0 xxhash-3.7.0 yarl-1.24.2

[notice] A new release of pip is available: 25.1.1 -> 26.1.2
[notice] To update, run: pip install --upgrade pip
Saving image...
Image saved, took 3.65s

Built image im-QhLGArwtw1r5bWB28rdsTI in 99.70s


✓ Created objects.
├── 🔨 Created mount 
│   /Users/dmitrymanning-coe/Documents/Research/FRA/fra_proj/experiments/multitr
│   igger_sleeper/cloud/intervene.py
├── 🔨 Created mount 
│   /Users/dmitrymanning-coe/Documents/Research/FRA/fra_proj/experiments/multitr
│   igger_sleeper/cloud/mts_lib.py
└── 🔨 Created function run_all.

[1AGenerating train split:   0%|          | 0/2390347 [00:00<?, ? examples/s]
[1AGenerating train split:   2%|▏         | 51000/2390347 [00:00<00:04, 501061.12 examples/s]
[1AGenerating train split:   5%|▍         | 113000/2390347 [00:00<00:04, 564244.93 examples/s]
[1AGenerating train split:   8%|▊         | 184000/2390347 [00:00<00:03, 628670.61 examples/s]
[1AGenerating train split:  10%|█         | 247000/2390347 [00:00<00:03, 622057.10 examples/s]
[1AGenerating train split:  14%|█▍        | 345000/2390347 [00:00<00:03, 631223.50 examples/s]
[1AGenerating train split:  18%|█▊        | 436392/2390347 [00:00<00:03, 618670.87 examples/s]
[1AGenerating train split:  21%|██        | 501392/2390347 [00:00<00:03, 623611.18 examples/s]
[1AGenerating train split:  24%|██▍       | 573392/2390347 [00:00<00:02, 648056.87 examples/s]
[1AGenerating train split:  28%|██▊       | 667392/2390347 [00:01<00:02, 638281.24 examples/s]
[1AGenerating train split:  32%|███▏      | 763392/2390347 [00:01<00:02, 638076.90 examples/s]
[1AGenerating train split:  35%|███▍      | 831783/2390347 [00:01<00:02, 626218.25 examples/s]
[1AGenerating train split:  38%|███▊      | 898783/2390347 [00:01<00:02, 634974.02 examples/s]
[1AGenerating train split:  41%|████      | 974783/2390347 [00:01<00:02, 664995.83 examples/s]
[1AGenerating train split:  45%|████▍     | 1071783/2390347 [00:01<00:02, 653414.03 examples/s]
[1AGenerating train split:  49%|████▉     | 1171783/2390347 [00:01<00:01, 654091.15 examples/s]
[1AGenerating train split:  53%|█████▎    | 1267174/2390347 [00:01<00:01, 645016.19 examples/s]
[1AGenerating train split:  57%|█████▋    | 1362174/2390347 [00:02<00:01, 637354.04 examples/s]
[1AGenerating train split:  61%|██████    | 1460174/2390347 [00:02<00:01, 637691.44 examples/s]
[1AGenerating train split:  65%|██████▌   | 1559174/2390347 [00:02<00:01, 642013.17 examples/s]
[1AGenerating train split:  69%|██████▉   | 1653565/2390347 [00:02<00:01, 636833.60 examples/s]
[1AGenerating train split:  72%|███████▏  | 1717565/2390347 [00:02<00:01, 625510.24 examples/s]
[1AGenerating train split:  75%|███████▍  | 1785565/2390347 [00:02<00:00, 628546.16 examples/s]
[1AGenerating train split:  78%|███████▊  | 1858565/2390347 [00:02<00:00, 650543.46 examples/s]
[1AGenerating train split:  81%|████████  | 1924565/2390347 [00:03<00:00, 650911.63 examples/s]
[1AGenerating train split:  83%|████████▎ | 1992956/2390347 [00:03<00:00, 640590.14 examples/s]
[1AGenerating train split:  86%|████████▌ | 2060956/2390347 [00:03<00:00, 650753.11 examples/s]
[1AGenerating train split:  90%|█████████ | 2162956/2390347 [00:03<00:00, 658801.42 examples/s]
[1AGenerating train split:  93%|█████████▎| 2230956/2390347 [00:03<00:00, 661244.86 examples/s]
[1AGenerating train split:  97%|█████████▋| 2328956/2390347 [00:03<00:00, 653349.76 examples/s]
[1AGenerating train split: 100%|██████████| 2390347/2390347 [00:03<00:00, 640956.28 examples/s]

[1AGenerating test split:   0%|          | 0/24119 [00:00<?, ? examples/s]
[1AGenerating test split: 100%|██████████| 24119/24119 [00:00<00:00, 627605.15 examples/s]
Loaded pretrained model roneneldan/TinyStories-Instruct-33M into HookedTransformer

===== K=1: ['DEPLOYMENT'] =====
  DEPLOYMENT  w=6 ASR 1.00->0.00  J 0.046 -> mask 0.001 -> oracle -0.0000
Loaded pretrained model roneneldan/TinyStories-Instruct-33M into HookedTransformer

===== K=2: ['DEPLOYMENT', 'banana'] =====
  DEPLOYMENT  w=6 ASR 1.00->0.00  J 0.044 -> mask 0.002 -> oracle -0.0000
  banana      w=1 ASR 1.00->0.00  J 0.040 -> mask 0.000 -> oracle -0.0000
Loaded pretrained model roneneldan/TinyStories-Instruct-33M into HookedTransformer

===== K=4: ['DEPLOYMENT', 'PRODUCTION', 'banana', 'thunder'] =====
  DEPLOYMENT  w=6 ASR 1.00->0.00  J 0.041 -> mask 0.001 -> oracle -0.0000
  PRODUCTION  w=5 ASR 1.00->0.00  J 0.041 -> mask 0.001 -> oracle -0.0000
  banana      w=1 ASR 1.00->0.00  J 0.039 -> mask 0.000 -> oracle -0.0000
  thunder     w=1 ASR 1.00->0.00  J 0.039 -> mask 0.000 -> oracle -0.0000
Loaded pretrained model roneneldan/TinyStories-Instruct-33M into HookedTransformer

===== K=8: ['DEPLOYMENT', 'PRODUCTION', 'STAGING', 'RELEASE', 'banana', 'thunder', 'midnight', 'activate'] =====
  DEPLOYMENT  w=6 ASR 1.00->0.00  J 0.043 -> mask 0.002 -> oracle -0.0000
  PRODUCTION  w=5 ASR 1.00->0.00  J 0.043 -> mask 0.001 -> oracle -0.0000
  STAGING     w=5 ASR 1.00->0.00  J 0.043 -> mask 0.001 -> oracle -0.0000
  RELEASE     w=4 ASR 1.00->0.00  J 0.043 -> mask 0.001 -> oracle -0.0000
  banana      w=1 ASR 1.00->0.00  J 0.038 -> mask 0.000 -> oracle -0.0000
  thunder     w=1 ASR 1.00->0.00  J 0.036 -> mask 0.000 -> oracle -0.0000
  midnight    w=1 ASR 1.00->0.00  J 0.042 -> mask 0.000 -> oracle -0.0000
  activate    w=1 ASR 1.00->0.00  J 0.041 -> mask 0.000 -> oracle -0.0000

===== ORACLE INTERVENTION SUMMARY =====
K=1: mean J_oracle=-0.0000  mean ASR_int=0.000
K=2: mean J_oracle=-0.0000  mean ASR_int=0.000
K=4: mean J_oracle=-0.0000  mean ASR_int=0.000
K=8: mean J_oracle=-0.0000  mean ASR_int=0.000
Stopping app - local entrypoint completed.
✓ App completed. View run at 
https://modal.com/apps/reichers-shai-c9-dmitry/main/ap-Cd4fgDKPCFpOWHerwHtTyC
