✓ Initialized. View run at 
https://modal.com/apps/reichers-shai-c9-dmitry/main/ap-Sz7W6zuTkL7Nr6ZQ5rMbrn
✓ Created objects.
├── 🔨 Created mount 
│   /Users/dmitrymanning-coe/Documents/Research/FRA/fra_proj/experiments/multitr
│   igger_sleeper/cloud/steer_proper.py
├── 🔨 Created mount 
│   /Users/dmitrymanning-coe/Documents/Research/FRA/fra_proj/experiments/multitr
│   igger_sleeper/cloud/mts_lib.py
├── 🔨 Created mount 
│   /Users/dmitrymanning-coe/Documents/Research/FRA/fra_proj/experiments/multitr
│   igger_sleeper/cloud/sae_models.py
└── 🔨 Created function run.

[1AGenerating train split:   0%|          | 0/2390347 [00:00<?, ? examples/s]
[1AGenerating train split:   2%|▏         | 43000/2390347 [00:00<00:05, 423544.69 examples/s]
[1AGenerating train split:   4%|▍         | 96000/2390347 [00:00<00:04, 461843.23 examples/s]
[1AGenerating train split:   6%|▋         | 152000/2390347 [00:00<00:04, 501043.76 examples/s]
[1AGenerating train split:   8%|▊         | 203000/2390347 [00:00<00:04, 501660.24 examples/s]
[1AGenerating train split:  11%|█         | 262000/2390347 [00:00<00:04, 530046.06 examples/s]
[1AGenerating train split:  13%|█▎        | 320000/2390347 [00:00<00:03, 525517.12 examples/s]
[1AGenerating train split:  16%|█▌        | 379000/2390347 [00:00<00:03, 542396.73 examples/s]
[1AGenerating train split:  19%|█▉        | 456392/2390347 [00:00<00:03, 519872.26 examples/s]
[1AGenerating train split:  21%|██▏       | 509392/2390347 [00:00<00:03, 521941.32 examples/s]
[1AGenerating train split:  24%|██▎       | 563392/2390347 [00:01<00:03, 525873.30 examples/s]
[1AGenerating train split:  27%|██▋       | 643392/2390347 [00:01<00:03, 524297.98 examples/s]
[1AGenerating train split:  29%|██▉       | 698392/2390347 [00:01<00:03, 528410.09 examples/s]
[1AGenerating train split:  32%|███▏      | 759392/2390347 [00:01<00:02, 547820.51 examples/s]
[1AGenerating train split:  35%|███▍      | 834783/2390347 [00:01<00:02, 527078.09 examples/s]
[1AGenerating train split:  37%|███▋      | 895783/2390347 [00:01<00:02, 543020.00 examples/s]
[1AGenerating train split:  40%|███▉      | 954783/2390347 [00:01<00:02, 553981.31 examples/s]
[1AGenerating train split:  43%|████▎     | 1039783/2390347 [00:01<00:02, 553643.08 examples/s]
[1AGenerating train split:  47%|████▋     | 1126783/2390347 [00:02<00:02, 560484.83 examples/s]
[1AGenerating train split:  50%|████▉     | 1185783/2390347 [00:02<00:02, 564911.78 examples/s]
[1AGenerating train split:  53%|█████▎    | 1272174/2390347 [00:02<00:01, 565918.28 examples/s]
[1AGenerating train split:  56%|█████▌    | 1330174/2390347 [00:02<00:01, 568335.55 examples/s]
[1AGenerating train split:  58%|█████▊    | 1388174/2390347 [00:02<00:01, 561334.05 examples/s]
[1AGenerating train split:  61%|██████    | 1447174/2390347 [00:02<00:01, 567075.96 examples/s]
[1AGenerating train split:  64%|██████▍   | 1532174/2390347 [00:02<00:01, 563427.15 examples/s]
[1AGenerating train split:  67%|██████▋   | 1591174/2390347 [00:02<00:01, 568391.53 examples/s]
[1AGenerating train split:  70%|██████▉   | 1672565/2390347 [00:03<00:01, 554639.31 examples/s]
[1AGenerating train split:  72%|███████▏  | 1729565/2390347 [00:03<00:01, 553301.12 examples/s]
[1AGenerating train split:  75%|███████▍  | 1787565/2390347 [00:03<00:01, 557100.20 examples/s]
[1AGenerating train split:  77%|███████▋  | 1846565/2390347 [00:03<00:00, 562646.45 examples/s]
[1AGenerating train split:  81%|████████  | 1933565/2390347 [00:03<00:00, 566050.34 examples/s]
[1AGenerating train split:  83%|████████▎ | 1992956/2390347 [00:03<00:00, 551443.08 examples/s]
[1AGenerating train split:  86%|████████▌ | 2055956/2390347 [00:03<00:00, 569411.57 examples/s]
[1AGenerating train split:  90%|████████▉ | 2142956/2390347 [00:03<00:00, 568833.53 examples/s]
[1AGenerating train split:  92%|█████████▏| 2201956/2390347 [00:04<00:00, 571288.41 examples/s]
[1AGenerating train split:  95%|█████████▍| 2262956/2390347 [00:04<00:00, 579531.96 examples/s]
[1AGenerating train split:  98%|█████████▊| 2345956/2390347 [00:04<00:00, 568412.79 examples/s]Generating train split: 100%|██████████| 2390347/2390347 [00:04<00:00, 550706.80 examples/s]

[1AGenerating test split:   0%|          | 0/24119 [00:00<?, ? examples/s]Generating test split: 100%|██████████| 24119/24119 [00:00<00:00, 520176.77 examples/s]
Loaded pretrained model roneneldan/TinyStories-Instruct-33M into HookedTransformer
[steer] ||caa||=7.358
[steer] supp feature=1031 o_align=-0.091
  caa_clean_a2     ASR=0.00  Jclean=0.306
  caa_clean_a4     ASR=0.00  Jclean=0.500
  caa_clean_a8     ASR=0.00  Jclean=0.660
  caa_clean_a16    ASR=0.00  Jclean=0.656
  caa_clean_a32    ASR=0.00  Jclean=0.659
  anti_ihy_a2      ASR=0.00  Jclean=0.654
  anti_ihy_a4      ASR=0.00  Jclean=0.668
  anti_ihy_a8      ASR=0.00  Jclean=0.691
  anti_ihy_a16     ASR=0.00  Jclean=0.693
  anti_ihy_a32     ASR=0.00  Jclean=0.693
  supp_feat_a2     ASR=0.96  Jclean=0.672
  supp_feat_a4     ASR=0.00  Jclean=0.632
  supp_feat_a8     ASR=0.00  Jclean=0.692
  supp_feat_a16    ASR=0.00  Jclean=0.693
  supp_feat_a32    ASR=0.00  Jclean=0.693

===== PROPER ADDITIVE STEERING (ASR vs J_clean) =====
caa_clean_a2     ASR=0.00  Jclean=0.306
caa_clean_a4     ASR=0.00  Jclean=0.500
caa_clean_a8     ASR=0.00  Jclean=0.660
caa_clean_a16    ASR=0.00  Jclean=0.656
caa_clean_a32    ASR=0.00  Jclean=0.659
anti_ihy_a2      ASR=0.00  Jclean=0.654
anti_ihy_a4      ASR=0.00  Jclean=0.668
anti_ihy_a8      ASR=0.00  Jclean=0.691
anti_ihy_a16     ASR=0.00  Jclean=0.693
anti_ihy_a32     ASR=0.00  Jclean=0.693
supp_feat_a2     ASR=0.96  Jclean=0.672
supp_feat_a4     ASR=0.00  Jclean=0.632
supp_feat_a8     ASR=0.00  Jclean=0.692
supp_feat_a16    ASR=0.00  Jclean=0.693
supp_feat_a32    ASR=0.00  Jclean=0.693
Stopping app - local entrypoint completed.
✓ App completed. View run at 
https://modal.com/apps/reichers-shai-c9-dmitry/main/ap-Sz7W6zuTkL7Nr6ZQ5rMbrn
