OK
submitted job=retrieval_steer3
=== job retrieval_steer3 output landed (poll 3) ===
WARNING:root:You tried to specify center_unembed=True for a model using logit softcap, but this can't be done! Softcapping is not invariant upon adding a constant Setting center_unembed=False instead.
`torch_dtype` is deprecated! Use `dtype` instead!
Loading checkpoint shards:   0%|          | 0/3 [00:00<?, ?it/s]Loading checkpoint shards:  33%|███▎      | 1/3 [00:00<00:01,  1.54it/s]Loading checkpoint shards:  67%|██████▋   | 2/3 [00:01<00:00,  1.37it/s]Loading checkpoint shards: 100%|██████████| 3/3 [00:01<00:00,  2.04it/s]
WARNING:root:With reduced precision, it is advised to use `from_pretrained_no_processing` instead of `from_pretrained`.
WARNING:root:You are not using LayerNorm, so the writing weights can't be centered! Skipping
Loaded pretrained model gemma-2-2b into HookedTransformer
base P(frog)=0.213

PROJECTION-REMOVAL STEER on-target sweep:
  a=1   P(frog)=0.024
  a=2   P(frog)=0.579
  a=4   P(frog)=nan
  a=8   P(frog)=nan
  a=16  P(frog)=nan

DECISIVE (matched: FRA c=4 0.042 vs STEER a=1 0.024):
  legit-frog KL: FRA 0.0016 | content-gated STEER 1.7694  => FRA preserves legit frog 1097.9x better

DONE retrieval_steer3
total 16
drwxr-xr-x@  4 dmitrymanning-coe  wheel   128 Jun 10 22:36 .
drwxr-xr-x@ 57 dmitrymanning-coe  wheel  1824 Jun 10 22:36 ..
-rw-r--r--@  1 dmitrymanning-coe  wheel  1194 Jun 10 22:36 out.log
-rw-r--r--@  1 dmitrymanning-coe  wheel   220 Jun 10 22:36 retrieval_steer3.json
