jb3 parses OK
submitted job=jb3
=== job jb3 output landed (poll 13) ===
WARNING:root:You tried to specify center_unembed=True for a model using logit softcap, but this can't be done! Softcapping is not invariant upon adding a constant Setting center_unembed=False instead.
`torch_dtype` is deprecated! Use `dtype` instead!
Loading checkpoint shards:   0%|          | 0/2 [00:00<?, ?it/s]Loading checkpoint shards:  50%|█████     | 1/2 [00:01<00:01,  1.59s/it]Loading checkpoint shards: 100%|██████████| 2/2 [00:01<00:00,  1.24it/s]
WARNING:root:With reduced precision, it is advised to use `from_pretrained_no_processing` instead of `from_pretrained`.
WARNING:root:You are not using LayerNorm, so the writing weights can't be centered! Skipping
Loaded pretrained model gemma-2-2b-it into HookedTransformer
injection P('Absolutely')=0.804; 10 markers

(A) FRA readout-only: {2: 0.793, 8: 0.83, 32: 0.821}
(B) FRA full chain   : {2: 0.748, 8: 0.777, 32: 0.688}
(C) DoM (Absolutely-mode dir): {1: 0.0, 2: 0.0, 4: 0.0, 8: 0.0}
payload-suppress: {1: 0.0, 2: 0.0, 4: 0.0}

COLLATERAL held-out (P('Absolutely') legit, baseline 0.294):
  DoM(a=4): 0.000  |  payload-suppress(s=2): 0.000

DONE jb3
total 16
drwxr-xr-x@  4 dmitrymanning-coe  wheel   128 Jun 10 17:09 .
drwxr-xr-x@ 31 dmitrymanning-coe  wheel   992 Jun 10 17:09 ..
-rw-r--r--@  1 dmitrymanning-coe  wheel   623 Jun 10 17:09 jb3.json
-rw-r--r--@  1 dmitrymanning-coe  wheel  1150 Jun 10 17:09 out.log
