PARSE OK
submitted job=retrieval_steer2
=== job retrieval_steer2 output landed (poll 3) ===
WARNING:root:You tried to specify center_unembed=True for a model using logit softcap, but this can't be done! Softcapping is not invariant upon adding a constant Setting center_unembed=False instead.
`torch_dtype` is deprecated! Use `dtype` instead!
Loading checkpoint shards:   0%|          | 0/3 [00:00<?, ?it/s]Loading checkpoint shards:  33%|███▎      | 1/3 [00:00<00:01,  1.60it/s]Loading checkpoint shards:  67%|██████▋   | 2/3 [00:01<00:00,  1.40it/s]Loading checkpoint shards: 100%|██████████| 3/3 [00:01<00:00,  2.10it/s]
WARNING:root:With reduced precision, it is advised to use `from_pretrained_no_processing` instead of `from_pretrained`.
WARNING:root:You are not using LayerNorm, so the writing weights can't be centered! Skipping
Loaded pretrained model gemma-2-2b into HookedTransformer
base P(frog)=0.213

(1') CLEAN random-null (off-edge features, c=8): selected 0.021 vs RANDOM-OFF-EDGE 0.213 (base 0.213)

(3') CONTENT-GATED STEER (fp32) on-target sweep:
  a=2   P(frog)=nan
  a=4   P(frog)=nan
  a=8   P(frog)=nan
  a=16  P(frog)=nan
  a=32  P(frog)=nan

STEER still failed to suppress (no working a)

DONE retrieval_steer2
total 8
drwxr-xr-x@  3 dmitrymanning-coe  wheel    96 Jun 10 22:33 .
drwxr-xr-x@ 56 dmitrymanning-coe  wheel  1792 Jun 10 22:33 ..
-rw-r--r--@  1 dmitrymanning-coe  wheel  1191 Jun 10 22:33 out.log
