r4b parses OK
submitted job=r4b
=== job r4b output landed (poll 2) ===
WARNING:root:You tried to specify center_unembed=True for a model using logit softcap, but this can't be done! Softcapping is not invariant upon adding a constant Setting center_unembed=False instead.
`torch_dtype` is deprecated! Use `dtype` instead!
Loading checkpoint shards:   0%|          | 0/3 [00:00<?, ?it/s]Loading checkpoint shards:  33%|███▎      | 1/3 [00:00<00:01,  1.36it/s]Loading checkpoint shards:  67%|██████▋   | 2/3 [00:01<00:00,  1.30it/s]Loading checkpoint shards: 100%|██████████| 3/3 [00:01<00:00,  1.93it/s]
WARNING:root:With reduced precision, it is advised to use `from_pretrained_no_processing` instead of `from_pretrained`.
WARNING:root:You are not using LayerNorm, so the writing weights can't be centered! Skipping
Loaded pretrained model gemma-2-2b into HookedTransformer
=== (B) corpus-reuse REUSE = rate(key-feat j*) / rate(i* AND j*)  [>>1 => FRA wins] ===
  REUSE=  1.00  rate_q(i*=15887)=1.00 rate_k(j*=15887)=1.00 rate_conj=1.00   retrieval(->correct-value)
  REUSE=  1.00  rate_q(i*=15887)=1.00 rate_k(j*=15887)=1.00 rate_conj=1.00   control-distractor
  REUSE=  1.00  rate_q(i*=15887)=1.00 rate_k(j*=15887)=1.00 rate_conj=1.00   control-delimiter
  REUSE=  1.00  rate_q(i*=15887)=1.00 rate_k(j*=15887)=1.00 rate_conj=1.00   control-bos

DONE r4b
total 16
drwxr-xr-x@  4 dmitrymanning-coe  wheel   128 Jun 10 17:48 .
drwxr-xr-x@ 36 dmitrymanning-coe  wheel  1152 Jun 10 17:48 ..
-rw-r--r--@  1 dmitrymanning-coe  wheel  1331 Jun 10 17:48 out.log
-rw-r--r--@  1 dmitrymanning-coe  wheel   562 Jun 10 17:48 r4b.json
