j13 parses OK
submitted job=j13
=== job j13 output landed (poll 3) ===
`torch_dtype` is deprecated! Use `dtype` instead!
/usr/local/lib/python3.11/dist-packages/sae_lens/sae.py:151: UserWarning: 
This SAE has non-empty model_from_pretrained_kwargs. 
For optimal performance, load the model like so:
model = HookedSAETransformer.from_pretrained_no_processing(..., **cfg.model_from_pretrained_kwargs)
  warnings.warn(
Loaded pretrained model gpt2 into HookedTransformer
IOI 'Mary'/'John': base logit_diff 3.36, END->IO attn 0.56
  FRA logit_diff vs c: { 1:2.89, 2:2.76, 4:2.66, 8:2.67 }
  ActAdd logit_diff vs s: { 1:2.03, 2:-2.09, 4:-3.46, 8:-4.05 }
IOI 'John'/'Mary': base logit_diff 3.53, END->IO attn 0.53
  FRA logit_diff vs c: { 1:3.51, 2:3.69, 4:3.80, 8:3.91 }
  ActAdd logit_diff vs s: { 1:1.22, 2:-1.51, 4:-1.92, 8:-2.05 }
IOI 'Anna'/'Tom': base logit_diff 3.49, END->IO attn 0.68
  FRA logit_diff vs c: { 1:3.23, 2:3.82, 4:4.12, 8:4.23 }
  ActAdd logit_diff vs s: { 1:-1.61, 2:-6.33, 4:-7.33, 8:-7.65 }
IOI 'Sarah'/'Mark': base logit_diff 2.93, END->IO attn 0.60
  FRA logit_diff vs c: { 1:2.66, 2:2.65, 4:2.52, 8:2.48 }
  ActAdd logit_diff vs s: { 1:0.83, 2:-3.32, 4:-4.69, 8:-5.28 }
IOI 'Lisa'/'Paul': base logit_diff 3.90, END->IO attn 0.66
  FRA logit_diff vs c: { 1:2.85, 2:3.24, 4:4.27, 8:4.30 }
  ActAdd logit_diff vs s: { 1:0.80, 2:-4.00, 4:-5.12, 8:-5.59 }
IOI 'Emma'/'Jack': base logit_diff 6.03, END->IO attn 0.68
  FRA logit_diff vs c: { 1:5.54, 2:5.38, 4:5.13, 8:4.64 }
  ActAdd logit_diff vs s: { 1:0.24, 2:-4.32, 4:-5.17, 8:-5.52 }

=== IOI feasibility (n=6) ===
  baseline logit_diff 3.88  ->  FRA c=8 3.70  (drop 0.17)
  END->IO attention (name movers): 0.62
  => FRA does NOT reduce logit_diff via the QK edit
DONE j13
total 16
drwxr-xr-x@  4 dmitrymanning-coe  wheel   128 Jun 10 01:45 .
drwxr-xr-x@ 15 dmitrymanning-coe  wheel   480 Jun 10 01:45 ..
-rw-r--r--@  1 dmitrymanning-coe  wheel  3151 Jun 10 01:45 j13.json
-rw-r--r--@  1 dmitrymanning-coe  wheel  1674 Jun 10 01:45 out.log
elapsed: 115 min
