compile OK
pushed
[OK] rs-sfL0 -> hs71ecwdhlhcrq
[sfL0 poll 1 00:34Z] not done
[sfL0 poll 2 00:36Z] not done
[sfL0 poll 3 00:37Z] not done
[sfL0 poll 4 00:39Z] not done
[sfL0 poll 5 00:40Z] not done
[sfL0 poll 6 00:42Z] not done
[sfL0 poll 7 00:43Z] not done
[sfL0 poll 8 00:45Z] not done
=== L0 SINGLE-FEATURE EXTENDED-c SCAN (mirror of sae_scaling; ref J~0.44-0.47 @ alpha 6-256) ===
top5 suppressing points:
  feat  1253 c=   6  (ASR=0.00, J=0.138, match=0.67)
  feat  1253 c=   4  (ASR=0.00, J=0.141, match=0.71)
  feat  1532 c=  24  (ASR=0.00, J=0.165, match=0.50)
  feat  1532 c=  16  (ASR=0.00, J=0.167, match=0.58)
  feat  1253 c=   8  (ASR=0.00, J=0.172, match=0.54)
features that suppress somewhere: 16/20
  feat  1253: onset c=2, best J=0.138 match=0.67
  feat   726: onset c=4, best J=0.433 match=0.00
  feat  1672: onset c=3, best J=0.512 match=0.17
  feat  1317: onset c=48, best J=0.667 match=0.00
  feat  1232: onset c=8, best J=0.386 match=0.12
  feat   120: onset c=32, best J=0.318 match=0.38
  feat  1330: onset c=16, best J=0.432 match=0.12
  feat  1735: onset c=48, best J=0.546 match=0.08
  feat  1590: onset c=12, best J=0.267 match=0.50
  feat   197: onset c=24, best J=0.600 match=0.00
