r5 parses OK
submitted job=r5
=== job r5 output landed (poll 3) ===
WARNING:root:You tried to specify center_unembed=True for a model using logit softcap, but this can't be done! Softcapping is not invariant upon adding a constant Setting center_unembed=False instead.
`torch_dtype` is deprecated! Use `dtype` instead!
Loading checkpoint shards:   0%|          | 0/3 [00:00<?, ?it/s]Loading checkpoint shards:  33%|███▎      | 1/3 [00:00<00:01,  1.44it/s]Loading checkpoint shards:  67%|██████▋   | 2/3 [00:01<00:00,  1.35it/s]Loading checkpoint shards: 100%|██████████| 3/3 [00:01<00:00,  2.01it/s]
WARNING:root:With reduced precision, it is advised to use `from_pretrained_no_processing` instead of `from_pretrained`.
WARNING:root:You are not using LayerNorm, so the writing weights can't be centered! Skipping
Loaded pretrained model gemma-2-2b into HookedTransformer
{6: 55, 15: 25, 18: 18, 21: 31, 22: 11} sink features per layer

=== CCF = non-sink content-pair mass / total edge mass  [high => content conjunction => FRA-candidate] ===
  CCF=0.194   retrieval(->correct-value)
  CCF=0.237   control-distractor(->wrong-value)
  CCF=0.243   control-delimiter(->period)
  CCF=0.000   control-bos(->pos0)
  CCF=0.349   induction(2nd-occ->after-1st-occ)
  CCF=0.000   induction-control(final->bos)

DONE r5
total 16
drwxr-xr-x@  4 dmitrymanning-coe  wheel   128 Jun 10 17:53 .
drwxr-xr-x@ 38 dmitrymanning-coe  wheel  1216 Jun 10 17:53 ..
-rw-r--r--@  1 dmitrymanning-coe  wheel  1287 Jun 10 17:53 out.log
-rw-r--r--@  1 dmitrymanning-coe  wheel   298 Jun 10 17:53 r5.json
