[rv poll 1 18:23Z] not done
[rv poll 2 18:24Z] not done
[rv poll 3 18:25Z] not done
=== sleeper SAE ===
  ov_diff (P_dW*u_s)             top10=[1703, 1679, 1119, 1695, 1107, 146, 119, 1589, 1446, 48]
  fra_act (P_s*du)               top10=[1679, 1119, 1703, 569, 1099, 1107, 48, 1489, 1695, 1446]
  both (P_dW*du)                 top10=[1679, 1703, 1119, 1107, 1654, 1695, 569, 146, 1647, 48]
  none (P_s*u_s)                 top10=[1679, 1703, 1119, 1695, 1446, 1107, 119, 1099, 1589, 48]
  du_trig (du alone)             top10=[1679, 1703, 1119, 1107, 1654, 48, 528, 569, 1099, 146]
  conv_actdiff (all-pos dmean)   top10=[1679, 1703, 1119, 1107, 48, 334, 1357, 1647, 528, 146]
  overlap |top32 ∩ top32|:
                                  0  1  2  3  4  5
    [0] ov_diff (P_dW*u_s)           32  21  27  26  19  18
    [1] fra_act (P_s*du)             21  32  25  27  24  19
    [2] both (P_dW*du)               27  25  32  23  23  19
    [3] none (P_s*u_s)               26  27  23  32  21  19
    [4] du_trig (du alone)           19  24  23  21  32  22
    [5] conv_actdiff (all-pos dmea   18  19  19  19  22  32

=== base SAE ===
  ov_diff (P_dW*u_s)             top10=[1066, 730, 1558, 1739, 498, 1468, 210, 1654, 604, 894]
  fra_act (P_s*du)               top10=[730, 1739, 1558, 1173, 550, 1993, 604, 1066, 718, 1635]
  both (P_dW*du)                 top10=[730, 1739, 1173, 1558, 816, 1066, 1654, 498, 1181, 1267]
  none (P_s*u_s)                 top10=[730, 1066, 1558, 1739, 498, 604, 550, 210, 1993, 718]
  du_trig (du alone)             top10=[730, 1739, 1276, 521, 816, 1173, 789, 1993, 550, 718]
  conv_actdiff (all-pos dmean)   top10=[521, 1358, 1744, 806, 1429, 1993, 1554, 1957, 789, 550]
  overlap |top32 ∩ top32|:
                                  0  1  2  3  4  5
    [0] ov_diff (P_dW*u_s)           32  18  28  19  19  13
    [1] fra_act (P_s*du)             18  32  18  28  19  13
    [2] both (P_dW*du)               28  18  32  17  22  13
    [3] none (P_s*u_s)               19  28  17  32  18  14
    [4] du_trig (du alone)           19  19  22  18  32  18
    [5] conv_actdiff (all-pos dmea   13  13  13  14  18  32

