compile OK
pushed
[OK] rs-jason -> hww3sxmcnb8a9b
[jason poll 1 01:09Z] running
[jason poll 2 01:11Z] running
[jason poll 3 01:12Z] running
[jason poll 4 01:14Z] running
[jason poll 5 01:15Z] running
PHASE1: {'idx1': 0.6667, 'before_story': 0.375, 'chosen': 'idx1'}
[jason poll 6 01:17Z] running
[jason poll 7 01:18Z] running
[jason poll 8 01:20Z] running
[jason poll 9 01:21Z] running
[jason poll 10 01:23Z] running
[jason poll 11 01:24Z] running
[jason poll 12 01:26Z] running
[jason poll 13 01:27Z] running
[jason poll 14 01:29Z] running
[jason poll 15 01:30Z] running
[jason poll 16 01:32Z] running
[jason poll 17 01:33Z] running
[jason poll 18 01:35Z] running
[jason poll 19 01:36Z] running
[jason poll 20 01:38Z] running
[jason poll 21 01:39Z] running
[jason poll 22 01:41Z] running
[jason poll 23 01:42Z] running
[jason poll 24 01:44Z] running
[jason poll 25 01:45Z] running
[jason poll 26 01:47Z] running
[jason poll 27 01:48Z] running
[jason poll 28 01:50Z] running
[jason poll 29 01:51Z] running
[jason poll 30 01:53Z] running
[jason poll 31 01:54Z] running
[jason poll 32 01:56Z] running
[jason poll 33 01:57Z] running
[jason poll 34 01:59Z] running
[jason poll 35 02:00Z] running
[jason poll 36 02:02Z] running
[jason poll 37 02:03Z] running
[jason poll 38 02:05Z] running
[jason poll 39 02:06Z] running
[jason poll 40 02:08Z] running
[jason poll 41 02:09Z] running
[jason poll 42 02:11Z] running
[jason poll 43 02:12Z] running
[jason poll 44 02:14Z] running
[jason poll 45 02:15Z] running
