=== job g5 output landed (poll 56) ===
WARNING:root:You tried to specify center_unembed=True for a model using logit softcap, but this can't be done! Softcapping is not invariant upon adding a constant Setting center_unembed=False instead.
`torch_dtype` is deprecated! Use `dtype` instead!
Fetching 3 files:   0%|          | 0/3 [00:00<?, ?it/s]Fetching 3 files:  33%|███▎      | 1/3 [00:29<00:59, 29.96s/it]Fetching 3 files:  67%|██████▋   | 2/3 [00:30<00:12, 12.68s/it]Fetching 3 files: 100%|██████████| 3/3 [00:30<00:00, 10.18s/it]
Loading checkpoint shards:   0%|          | 0/3 [00:00<?, ?it/s]Loading checkpoint shards:  33%|███▎      | 1/3 [00:01<00:02,  1.44s/it]Loading checkpoint shards:  67%|██████▋   | 2/3 [00:03<00:01,  1.53s/it]Loading checkpoint shards: 100%|██████████| 3/3 [00:03<00:00,  1.06it/s]Loading checkpoint shards: 100%|██████████| 3/3 [00:03<00:00,  1.09s/it]
WARNING:root:With reduced precision, it is advised to use `from_pretrained_no_processing` instead of `from_pretrained`.
WARNING:root:You are not using LayerNorm, so the writing weights can't be centered! Skipping
Loaded pretrained model gemma-2-2b into HookedTransformer
heads: ['L6H2', 'L15H0', 'L18H6', 'L6H3', 'L21H5', 'L4H4', 'L14H0', 'L17H4', 'L22H4']

== probing availability per induction-input layer ==
  layer 3: 65k=Y, 262k=N, 1m=N
  layer 5: 65k=Y, 262k=N, 1m=Y
  layer 13: 65k=Y, 262k=N, 1m=N
  layer 14: 65k=Y, 262k=N, 1m=N
  layer 16: 65k=Y, 262k=N, 1m=N
  layer 17: 65k=Y, 262k=N, 1m=N
  layer 20: 65k=Y, 262k=N, 1m=N
  layer 21: 65k=Y, 262k=N, 1m=N

== best<=262k: per-layer widths {3: '65k', 5: '65k', 13: '65k', 14: '65k', 16: '65k', 17: '65k', 20: '65k', 21: '65k'} ==
  bank: norm-rec 0.54 edge-corr 0.40 reach 0.53
  market: norm-rec 0.55 edge-corr 0.42 reach 0.33
  king: norm-rec 0.54 edge-corr 0.41 reach 0.71
  => best<=262k mean reach 0.52

== best<=1M: per-layer widths {3: '65k', 5: '1m', 13: '65k', 14: '65k', 16: '65k', 17: '65k', 20: '65k', 21: '65k'} ==
  bank: norm-rec 0.51 edge-corr 0.06 reach 0.28
  market: norm-rec 0.51 edge-corr 0.10 reach 0.19
  king: norm-rec 0.50 edge-corr 0.07 reach 0.64
  => best<=1M mean reach 0.37

(16k mean reach 0.34, 65k 0.52 for reference)
DONE g5
total 16
drwxr-xr-x@  4 dmitrymanning-coe  wheel   128 Jun 10 15:54 .
drwxr-xr-x@ 25 dmitrymanning-coe  wheel   800 Jun 10 15:54 ..
-rw-r--r--@  1 dmitrymanning-coe  wheel  1498 Jun 10 15:54 g5.json
-rw-r--r--@  1 dmitrymanning-coe  wheel  2279 Jun 10 15:54 out.log
