=== job j12 output landed (poll 3) ===
WARNING:root:You tried to specify center_unembed=True for a model using logit softcap, but this can't be done! Softcapping is not invariant upon adding a constant Setting center_unembed=False instead.
`torch_dtype` is deprecated! Use `dtype` instead!
Loading checkpoint shards:   0%|          | 0/3 [00:00<?, ?it/s]Loading checkpoint shards:  33%|███▎      | 1/3 [00:00<00:01,  1.21it/s]Loading checkpoint shards:  67%|██████▋   | 2/3 [00:01<00:00,  1.12it/s]Loading checkpoint shards: 100%|██████████| 3/3 [00:01<00:00,  1.68it/s]
WARNING:root:With reduced precision, it is advised to use `from_pretrained_no_processing` instead of `from_pretrained`.
WARNING:root:You are not using LayerNorm, so the writing weights can't be centered! Skipping
Loaded pretrained model gemma-2-2b into HookedTransformer
SAE layer 5 loaded
SAE layer 14 loaded
SAE layer 17 loaded
cue ' war' base 1.00: FRA [(0.0, 0.04), (0.0, 0.08), (0.0, 0.11), (0.0, 0.12), (0.0, 0.12), (0.0, 0.12)]
   ActAdd-id [(0.06, 0.58), (0.18, 7.83), (0.3, 23.7), (1.0, 26.57), (1.0, 51.81)]  ActAdd-ind [(0.07, 0.48), (0.98, 3.94), (1.0, 10.82), (1.0, 14.12), (1.0, 31.98)]
cue ' city' base 0.96: FRA [(0.0, 0.02), (0.01, 0.07), (0.01, 0.17), (0.11, 0.21), (0.24, 0.2), (0.25, 0.33)]
   ActAdd-id [(0.06, 0.93), (0.73, 8.4), (0.98, 16.14), (1.0, 33.72), (1.0, 54.53)]  ActAdd-ind [(0.18, 0.57), (0.99, 3.44), (1.0, 6.81), (1.0, 20.16), (1.0, 34.69)]
cue ' water' base 0.97: FRA [(0.02, 0.05), (0.02, 0.08), (0.05, 0.11), (0.5, 0.12), (0.69, 0.13), (0.48, 0.5)]
   ActAdd-id [(0.03, 0.65), (0.04, 8.43), (0.23, 27.0), (0.95, 36.33), (1.0, 57.44)]  ActAdd-ind [(0.18, 0.5), (0.97, 3.58), (0.98, 7.27), (0.99, 16.97), (1.0, 32.76)]
cue ' money' base 0.97: FRA [(-0.0, 0.01), (-0.0, 0.04), (0.03, 0.12), (0.21, 0.13), (0.12, 0.14), (0.22, 0.5)]
   ActAdd-id [(0.09, 0.55), (0.44, 9.12), (0.4, 24.47), (0.96, 33.78), (1.0, 55.47)]  ActAdd-ind [(0.06, 0.46), (1.0, 3.0), (1.0, 8.78), (1.0, 14.95), (1.0, 30.27)]

=== GEMMA-2-2B, n=4 cues, held-out collateral @ 50% suppression ===
  fra         : 0.143 ± 0.000 (n=1)
  actadd_ind  : 1.809 ± 0.189 (n=4)
  actadd_id   : 18.192 ± 9.766 (n=4)
DONE j12
total 24
drwxr-xr-x@  4 dmitrymanning-coe  wheel   128 Jun 10 01:38 .
drwxr-xr-x@ 14 dmitrymanning-coe  wheel   448 Jun 10 01:38 ..
-rw-r--r--@  1 dmitrymanning-coe  wheel  5797 Jun 10 01:38 j12.json
-rw-r--r--@  1 dmitrymanning-coe  wheel  2201 Jun 10 01:38 out.log
