✓ Initialized. View run at 
https://modal.com/apps/reichers-shai-c9-dmitry/main/ap-j5MPxBqRPjPoEauUoFBEA4
Building image im-GzITV3Zr9eOugbjNN8j1DZ

=> Step 0: FROM base

=> Step 1: RUN python -m pip install numpy sae_lens==5.4.0 torch transformer_lens==2.11.0 typeguard
  Preparing metadata (setup.py): started
  Preparing metadata (setup.py): finished with status 'done'
Requirement already satisfied: setuptools<82 in /usr/local/lib/python3.11/site-packages (from torch) (65.5.1)
INFO: pip is looking at multiple versions of multiprocess to determine which version is compatible with other requirements. This could take a while.
Building wheels for collected packages: py2store
  DEPRECATION: Building 'py2store' using the legacy setup.py bdist_wheel mechanism, which will be removed in a future version. pip 25.3 will enforce this behaviour change. A possible replacement is to use the standardized build interface by setting the `--use-pep517` option, (possibly combined with `--no-build-isolation`), or adding a `pyproject.toml` file to the source tree of 'py2store'. Discussion can be found at https://github.com/pypa/pip/issues/6334
  Building wheel for py2store (setup.py): started
  Building wheel for py2store (setup.py): finished with status 'done'
  Stored in directory: /tmp/pip-ephem-wheel-cache-8qbu5fcx/wheels/24/77/58/d6b7bb4ad60cdf188f25511efd94ca15afacab59275216771e
Successfully built py2store
Installing collected packages: nvidia-cusparselt-cu13, mpmath, i2, cuda-toolkit, better-abc, zstandard, xxhash, wadler-lindig, uvloop, urllib3, typing-extensions, triton, traitlets, tqdm, threadpoolctl, tenacity, sympy, smmap, six, shellingham, sentencepiece, safetensors, regex, pyzmq, pyyaml, python-dotenv, pyparsing, pygments, pycryptodomex, pyarrow, psutil, protobuf, propcache, pluggy, platformdirs, pillow, packaging, orjson, nvidia-nvtx, nvidia-nvshmem-cu13, nvidia-nvjitlink, nvidia-nccl-cu13, nvidia-curand, nvidia-cufile, nvidia-cuda-runtime, nvidia-cuda-nvrtc, nvidia-cuda-cupti, numpy, networkx, narwhals, multidict, mdurl, MarkupSafe, lxml, kiwisolver, joblib, iniconfig, importlib_resources, idna, hf-xet, h11, gprof2dot, fsspec, frozenlist, fonttools, filelock, fancy-einsum, einops, dol, docstring-parser, dill, cycler, cuda-pathfinder, click, charset_normalizer, certifi, beartype, attrs, annotated-types, aiohappyeyeballs, yarl, typing-inspection, typeguard, simple-parsing, sentry-sdk, scipy, requests, python-dateutil, pytest, pydantic-core, plotly, patsy, nvidia-cusparse, nvidia-cufft, nvidia-cublas, nltk, multiprocess, matplotlib-inline, markdown-it-py, jinja2, jaxtyping, httpcore, gitdb, cuda-bindings, contourpy, config2py, blobfile, anyio, aiosignal, tiktoken, scikit-learn, rich, pytest-profiling, pydantic, py2store, pandas, nvidia-cusolver, nvidia-cudnn-cu13, matplotlib, huggingface-hub, httpx, graze, gitpython, aiohttp, wandb, typer, tokenizers, statsmodels, boostedblob, babe, transformers, torch, plotly-express, datasets, automated-interpretability, accelerate, transformer_lens, sae_lens

Successfully installed MarkupSafe-3.0.3 accelerate-1.13.0 aiohappyeyeballs-2.6.2 aiohttp-3.14.1 aiosignal-1.4.0 annotated-types-0.7.0 anyio-4.13.0 attrs-26.1.0 automated-interpretability-0.0.23 babe-0.0.7 beartype-0.14.1 better-abc-0.0.3 blobfile-2.1.1 boostedblob-0.15.6 certifi-2026.5.20 charset_normalizer-3.4.7 click-8.4.1 config2py-0.1.48 contourpy-1.3.3 cuda-bindings-13.3.1 cuda-pathfinder-1.5.5 cuda-toolkit-13.0.2 cycler-0.12.1 datasets-2.21.0 dill-0.3.8 docstring-parser-0.18.0 dol-0.3.44 einops-0.8.2 fancy-einsum-0.0.3 filelock-3.29.3 fonttools-4.63.0 frozenlist-1.8.0 fsspec-2024.6.1 gitdb-4.0.12 gitpython-3.1.50 gprof2dot-2025.4.14 graze-0.1.42 h11-0.16.0 hf-xet-1.5.1 httpcore-1.0.9 httpx-0.28.1 huggingface-hub-0.36.2 i2-0.1.64 idna-3.18 importlib_resources-7.1.0 iniconfig-2.3.0 jaxtyping-0.3.10 jinja2-3.1.6 joblib-1.5.3 kiwisolver-1.5.0 lxml-4.9.4 markdown-it-py-4.2.0 matplotlib-3.10.9 matplotlib-inline-0.1.7 mdurl-0.1.2 mpmath-1.3.0 multidict-6.7.1 multiprocess-0.70.16 narwhals-2.22.1 networkx-3.6.1 nltk-3.9.4 numpy-1.26.4 nvidia-cublas-13.1.1.3 nvidia-cuda-cupti-13.0.85 nvidia-cuda-nvrtc-13.0.88 nvidia-cuda-runtime-13.0.96 nvidia-cudnn-cu13-9.20.0.48 nvidia-cufft-12.0.0.61 nvidia-cufile-1.15.1.6 nvidia-curand-10.4.0.35 nvidia-cusolver-12.0.4.66 nvidia-cusparse-12.6.3.3 nvidia-cusparselt-cu13-0.8.1 nvidia-nccl-cu13-2.29.7 nvidia-nvjitlink-13.0.88 nvidia-nvshmem-cu13-3.4.5 nvidia-nvtx-13.0.85 orjson-3.11.9 packaging-26.2 pandas-3.0.3 patsy-1.0.2 pillow-12.2.0 platformdirs-4.10.0 plotly-5.24.1 plotly-express-0.4.1 pluggy-1.6.0 propcache-0.5.2 protobuf-7.35.0 psutil-7.2.2 py2store-0.1.22 pyarrow-24.0.0 pycryptodomex-3.23.0 pydantic-2.13.4 pydantic-core-2.46.4 pygments-2.20.0 pyparsing-3.3.2 pytest-9.0.3 pytest-profiling-1.8.1 python-dateutil-2.9.0.post0 python-dotenv-1.2.2 pyyaml-6.0.3 pyzmq-26.0.0 regex-2026.5.9 requests-2.34.2 rich-15.0.0 sae_lens-5.4.0 safetensors-0.4.5 scikit-learn-1.9.0 scipy-1.17.1 sentencepiece-0.2.1 sentry-sdk-2.62.0 shellingham-1.5.4 simple-parsing-0.1.8 six-1.17.0 smmap-5.0.3 statsmodels-0.14.6 sympy-1.14.0 tenacity-9.1.4 threadpoolctl-3.6.0 tiktoken-0.13.0 tokenizers-0.22.2 torch-2.12.0 tqdm-4.68.2 traitlets-5.15.1 transformer_lens-2.11.0 transformers-4.57.6 triton-3.7.0 typeguard-4.5.2 typer-0.12.5 typing-extensions-4.15.0 typing-inspection-0.4.2 urllib3-2.7.0 uvloop-0.22.1 wadler-lindig-0.1.7 wandb-0.27.2 xxhash-3.7.0 yarl-1.24.2 zstandard-0.22.0

[notice] A new release of pip is available: 25.2 -> 26.1.2
[notice] To update, run: pip install --upgrade pip
Saving image...
Image saved, took 7.57s

Built image im-GzITV3Zr9eOugbjNN8j1DZ in 117.84s


✓ Created objects.
├── 🔨 Created mount 
│   /Users/dmitrymanning-coe/Documents/Research/FRA/fra_proj/experiments/fra_win
│   /jobs/modal_acronym_redteam.py
├── 🔨 Created mount 
│   /Users/dmitrymanning-coe/Documents/Research/FRA/fra_proj/fra
└── 🔨 Created function run.
Traceback (most recent call last):
Runner failed with exception: IndexError(3)
  File "/pkg/modal/_runtime/container_io_manager.py", line 904, in handle_user_exception
    yield
  File "/pkg/modal/_container_entrypoint.py", line 353, in main
    service = import_single_function_service(
              ^^^^^^^^^^^^^^^^^^^^^^^^^^^^^^^
  File "/pkg/modal/_runtime/user_code_imports.py", line 475, in import_single_function_service
    module = importlib.import_module(function_def.module_name)
             ^^^^^^^^^^^^^^^^^^^^^^^^^^^^^^^^^^^^^^^^^^^^^^^^^
  File "/usr/local/lib/python3.11/importlib/__init__.py", line 126, in import_module
    return _bootstrap._gcd_import(name[level:], package, level)
           ^^^^^^^^^^^^^^^^^^^^^^^^^^^^^^^^^^^^^^^^^^^^^^^^^^^^
  File "<frozen importlib._bootstrap>", line 1204, in _gcd_import
  File "<frozen importlib._bootstrap>", line 1176, in _find_and_load
  File "<frozen importlib._bootstrap>", line 1147, in _find_and_load_unlocked
  File "<frozen importlib._bootstrap>", line 690, in _load_unlocked
  File "<frozen importlib._bootstrap_external>", line 940, in exec_module
  File "<frozen importlib._bootstrap>", line 241, in _call_with_frames_removed
  File "/root/modal_acronym_redteam.py", line 12, in <module>
    ROOT = pathlib.Path(__file__).resolve().parents[3]  # repo root
           ~~~~~~~~~~~~~~~~~~~~~~~~~~~~~~~~~~~~~~~~^^^
  File "/usr/local/lib/python3.11/pathlib.py", line 445, in __getitem__
    raise IndexError(idx)
IndexError: 3
Traceback (most recent call last):
  File "/pkg/modal/_runtime/container_io_manager.py", line 904, in handle_user_exception
    yield
  File "/pkg/modal/_container_entrypoint.py", line 353, in main
    service = import_single_function_service(
              ^^^^^^^^^^^^^^^^^^^^^^^^^^^^^^^
  File "/pkg/modal/_runtime/user_code_imports.py", line 475, in import_single_function_service
    module = importlib.import_module(function_def.module_name)
             ^^^^^^^^^^^^^^^^^^^^^^^^^^^^^^^^^^^^^^^^^^^^^^^^^
  File "/usr/local/lib/python3.11/importlib/__init__.py", line 126, in import_module
    return _bootstrap._gcd_import(name[level:], package, level)
           ^^^^^^^^^^^^^^^^^^^^^^^^^^^^^^^^^^^^^^^^^^^^^^^^^^^^
  File "<frozen importlib._bootstrap>", line 1204, in _gcd_import
  File "<frozen importlib._bootstrap>", line 1176, in _find_and_load
  File "<frozen importlib._bootstrap>", line 1147, in _find_and_load_unlocked
  File "<frozen importlib._bootstrap>", line 690, in _load_unlocked
  File "<frozen importlib._bootstrap_external>", line 940, in exec_module
  File "<frozen importlib._bootstrap>", line 241, in _call_with_frames_removed
  File "/root/modal_acronym_redteam.py", line 12, in <module>
    ROOT = pathlib.Path(__file__).resolve().parents[3]  # repo root
           ~~~~~~~~~~~~~~~~~~~~~~~~~~~~~~~~~~~~~~~~^^^
  File "/usr/local/lib/python3.11/pathlib.py", line 445, in __getitem__
    raise IndexError(idx)
IndexError: 3
Runner failed with exception: IndexError(3)
Traceback (most recent call last):
Runner failed with exception: IndexError(3)
  File "/pkg/modal/_runtime/container_io_manager.py", line 904, in handle_user_exception
    yield
  File "/pkg/modal/_container_entrypoint.py", line 353, in main
    service = import_single_function_service(
              ^^^^^^^^^^^^^^^^^^^^^^^^^^^^^^^
  File "/pkg/modal/_runtime/user_code_imports.py", line 475, in import_single_function_service
    module = importlib.import_module(function_def.module_name)
             ^^^^^^^^^^^^^^^^^^^^^^^^^^^^^^^^^^^^^^^^^^^^^^^^^
  File "/usr/local/lib/python3.11/importlib/__init__.py", line 126, in import_module
    return _bootstrap._gcd_import(name[level:], package, level)
           ^^^^^^^^^^^^^^^^^^^^^^^^^^^^^^^^^^^^^^^^^^^^^^^^^^^^
  File "<frozen importlib._bootstrap>", line 1204, in _gcd_import
  File "<frozen importlib._bootstrap>", line 1176, in _find_and_load
  File "<frozen importlib._bootstrap>", line 1147, in _find_and_load_unlocked
  File "<frozen importlib._bootstrap>", line 690, in _load_unlocked
  File "<frozen importlib._bootstrap_external>", line 940, in exec_module
  File "<frozen importlib._bootstrap>", line 241, in _call_with_frames_removed
  File "/root/modal_acronym_redteam.py", line 12, in <module>
    ROOT = pathlib.Path(__file__).resolve().parents[3]  # repo root
           ~~~~~~~~~~~~~~~~~~~~~~~~~~~~~~~~~~~~~~~~^^^
  File "/usr/local/lib/python3.11/pathlib.py", line 445, in __getitem__
    raise IndexError(idx)
IndexError: 3
Traceback (most recent call last):
  File "/pkg/modal/_runtime/container_io_manager.py", line 904, in handle_user_exception
    yield
  File "/pkg/modal/_container_entrypoint.py", line 353, in main
    service = import_single_function_service(
              ^^^^^^^^^^^^^^^^^^^^^^^^^^^^^^^
  File "/pkg/modal/_runtime/user_code_imports.py", line 475, in import_single_function_service
    module = importlib.import_module(function_def.module_name)
             ^^^^^^^^^^^^^^^^^^^^^^^^^^^^^^^^^^^^^^^^^^^^^^^^^
  File "/usr/local/lib/python3.11/importlib/__init__.py", line 126, in import_module
    return _bootstrap._gcd_import(name[level:], package, level)
           ^^^^^^^^^^^^^^^^^^^^^^^^^^^^^^^^^^^^^^^^^^^^^^^^^^^^
  File "<frozen importlib._bootstrap>", line 1204, in _gcd_import
  File "<frozen importlib._bootstrap>", line 1176, in _find_and_load
  File "<frozen importlib._bootstrap>", line 1147, in _find_and_load_unlocked
  File "<frozen importlib._bootstrap>", line 690, in _load_unlocked
  File "<frozen importlib._bootstrap_external>", line 940, in exec_module
  File "<frozen importlib._bootstrap>", line 241, in _call_with_frames_removed
  File "/root/modal_acronym_redteam.py", line 12, in <module>
    ROOT = pathlib.Path(__file__).resolve().parents[3]  # repo root
           ~~~~~~~~~~~~~~~~~~~~~~~~~~~~~~~~~~~~~~~~^^^
  File "/usr/local/lib/python3.11/pathlib.py", line 445, in __getitem__
    raise IndexError(idx)
IndexError: 3
Runner failed with exception: IndexError(3)
Traceback (most recent call last):
Runner failed with exception: IndexError(3)
  File "/pkg/modal/_runtime/container_io_manager.py", line 904, in handle_user_exception
    yield
  File "/pkg/modal/_container_entrypoint.py", line 353, in main
    service = import_single_function_service(
              ^^^^^^^^^^^^^^^^^^^^^^^^^^^^^^^
  File "/pkg/modal/_runtime/user_code_imports.py", line 475, in import_single_function_service
    module = importlib.import_module(function_def.module_name)
             ^^^^^^^^^^^^^^^^^^^^^^^^^^^^^^^^^^^^^^^^^^^^^^^^^
  File "/usr/local/lib/python3.11/importlib/__init__.py", line 126, in import_module
    return _bootstrap._gcd_import(name[level:], package, level)
           ^^^^^^^^^^^^^^^^^^^^^^^^^^^^^^^^^^^^^^^^^^^^^^^^^^^^
  File "<frozen importlib._bootstrap>", line 1204, in _gcd_import
  File "<frozen importlib._bootstrap>", line 1176, in _find_and_load
  File "<frozen importlib._bootstrap>", line 1147, in _find_and_load_unlocked
  File "<frozen importlib._bootstrap>", line 690, in _load_unlocked
  File "<frozen importlib._bootstrap_external>", line 940, in exec_module
  File "<frozen importlib._bootstrap>", line 241, in _call_with_frames_removed
  File "/root/modal_acronym_redteam.py", line 12, in <module>
    ROOT = pathlib.Path(__file__).resolve().parents[3]  # repo root
           ~~~~~~~~~~~~~~~~~~~~~~~~~~~~~~~~~~~~~~~~^^^
  File "/usr/local/lib/python3.11/pathlib.py", line 445, in __getitem__
    raise IndexError(idx)
IndexError: 3
Traceback (most recent call last):
Runner failed with exception: IndexError(3)
  File "/pkg/modal/_runtime/container_io_manager.py", line 904, in handle_user_exception
    yield
  File "/pkg/modal/_container_entrypoint.py", line 353, in main
    service = import_single_function_service(
              ^^^^^^^^^^^^^^^^^^^^^^^^^^^^^^^
  File "/pkg/modal/_runtime/user_code_imports.py", line 475, in import_single_function_service
    module = importlib.import_module(function_def.module_name)
             ^^^^^^^^^^^^^^^^^^^^^^^^^^^^^^^^^^^^^^^^^^^^^^^^^
  File "/usr/local/lib/python3.11/importlib/__init__.py", line 126, in import_module
    return _bootstrap._gcd_import(name[level:], package, level)
           ^^^^^^^^^^^^^^^^^^^^^^^^^^^^^^^^^^^^^^^^^^^^^^^^^^^^
  File "<frozen importlib._bootstrap>", line 1204, in _gcd_import
  File "<frozen importlib._bootstrap>", line 1176, in _find_and_load
  File "<frozen importlib._bootstrap>", line 1147, in _find_and_load_unlocked
  File "<frozen importlib._bootstrap>", line 690, in _load_unlocked
  File "<frozen importlib._bootstrap_external>", line 940, in exec_module
  File "<frozen importlib._bootstrap>", line 241, in _call_with_frames_removed
  File "/root/modal_acronym_redteam.py", line 12, in <module>
    ROOT = pathlib.Path(__file__).resolve().parents[3]  # repo root
           ~~~~~~~~~~~~~~~~~~~~~~~~~~~~~~~~~~~~~~~~^^^
  File "/usr/local/lib/python3.11/pathlib.py", line 445, in __getitem__
    raise IndexError(idx)
IndexError: 3
Traceback (most recent call last):
Runner failed with exception: IndexError(3)
  File "/pkg/modal/_runtime/container_io_manager.py", line 904, in handle_user_exception
    yield
  File "/pkg/modal/_container_entrypoint.py", line 353, in main
    service = import_single_function_service(
              ^^^^^^^^^^^^^^^^^^^^^^^^^^^^^^^
  File "/pkg/modal/_runtime/user_code_imports.py", line 475, in import_single_function_service
    module = importlib.import_module(function_def.module_name)
             ^^^^^^^^^^^^^^^^^^^^^^^^^^^^^^^^^^^^^^^^^^^^^^^^^
  File "/usr/local/lib/python3.11/importlib/__init__.py", line 126, in import_module
    return _bootstrap._gcd_import(name[level:], package, level)
           ^^^^^^^^^^^^^^^^^^^^^^^^^^^^^^^^^^^^^^^^^^^^^^^^^^^^
  File "<frozen importlib._bootstrap>", line 1204, in _gcd_import
  File "<frozen importlib._bootstrap>", line 1176, in _find_and_load
  File "<frozen importlib._bootstrap>", line 1147, in _find_and_load_unlocked
  File "<frozen importlib._bootstrap>", line 690, in _load_unlocked
  File "<frozen importlib._bootstrap_external>", line 940, in exec_module
  File "<frozen importlib._bootstrap>", line 241, in _call_with_frames_removed
  File "/root/modal_acronym_redteam.py", line 12, in <module>
    ROOT = pathlib.Path(__file__).resolve().parents[3]  # repo root
           ~~~~~~~~~~~~~~~~~~~~~~~~~~~~~~~~~~~~~~~~^^^
  File "/usr/local/lib/python3.11/pathlib.py", line 445, in __getitem__
    raise IndexError(idx)
IndexError: 3
Traceback (most recent call last):
Runner failed with exception: IndexError(3)
  File "/pkg/modal/_runtime/container_io_manager.py", line 904, in handle_user_exception
    yield
  File "/pkg/modal/_container_entrypoint.py", line 353, in main
    service = import_single_function_service(
              ^^^^^^^^^^^^^^^^^^^^^^^^^^^^^^^
  File "/pkg/modal/_runtime/user_code_imports.py", line 475, in import_single_function_service
    module = importlib.import_module(function_def.module_name)
             ^^^^^^^^^^^^^^^^^^^^^^^^^^^^^^^^^^^^^^^^^^^^^^^^^
  File "/usr/local/lib/python3.11/importlib/__init__.py", line 126, in import_module
    return _bootstrap._gcd_import(name[level:], package, level)
           ^^^^^^^^^^^^^^^^^^^^^^^^^^^^^^^^^^^^^^^^^^^^^^^^^^^^
  File "<frozen importlib._bootstrap>", line 1204, in _gcd_import
  File "<frozen importlib._bootstrap>", line 1176, in _find_and_load
  File "<frozen importlib._bootstrap>", line 1147, in _find_and_load_unlocked
  File "<frozen importlib._bootstrap>", line 690, in _load_unlocked
  File "<frozen importlib._bootstrap_external>", line 940, in exec_module
  File "<frozen importlib._bootstrap>", line 241, in _call_with_frames_removed
  File "/root/modal_acronym_redteam.py", line 12, in <module>
    ROOT = pathlib.Path(__file__).resolve().parents[3]  # repo root
           ~~~~~~~~~~~~~~~~~~~~~~~~~~~~~~~~~~~~~~~~^^^
  File "/usr/local/lib/python3.11/pathlib.py", line 445, in __getitem__
    raise IndexError(idx)
IndexError: 3
Traceback (most recent call last):
Runner failed with exception: IndexError(3)
  File "/pkg/modal/_runtime/container_io_manager.py", line 904, in handle_user_exception
    yield
  File "/pkg/modal/_container_entrypoint.py", line 353, in main
    service = import_single_function_service(
              ^^^^^^^^^^^^^^^^^^^^^^^^^^^^^^^
  File "/pkg/modal/_runtime/user_code_imports.py", line 475, in import_single_function_service
    module = importlib.import_module(function_def.module_name)
             ^^^^^^^^^^^^^^^^^^^^^^^^^^^^^^^^^^^^^^^^^^^^^^^^^
  File "/usr/local/lib/python3.11/importlib/__init__.py", line 126, in import_module
    return _bootstrap._gcd_import(name[level:], package, level)
           ^^^^^^^^^^^^^^^^^^^^^^^^^^^^^^^^^^^^^^^^^^^^^^^^^^^^
  File "<frozen importlib._bootstrap>", line 1204, in _gcd_import
  File "<frozen importlib._bootstrap>", line 1176, in _find_and_load
  File "<frozen importlib._bootstrap>", line 1147, in _find_and_load_unlocked
  File "<frozen importlib._bootstrap>", line 690, in _load_unlocked
  File "<frozen importlib._bootstrap_external>", line 940, in exec_module
  File "<frozen importlib._bootstrap>", line 241, in _call_with_frames_removed
  File "/root/modal_acronym_redteam.py", line 12, in <module>
    ROOT = pathlib.Path(__file__).resolve().parents[3]  # repo root
           ~~~~~~~~~~~~~~~~~~~~~~~~~~~~~~~~~~~~~~~~^^^
  File "/usr/local/lib/python3.11/pathlib.py", line 445, in __getitem__
    raise IndexError(idx)
IndexError: 3
Traceback (most recent call last):
Runner failed with exception: IndexError(3)
  File "/pkg/modal/_runtime/container_io_manager.py", line 904, in handle_user_exception
    yield
  File "/pkg/modal/_container_entrypoint.py", line 353, in main
    service = import_single_function_service(
              ^^^^^^^^^^^^^^^^^^^^^^^^^^^^^^^
  File "/pkg/modal/_runtime/user_code_imports.py", line 475, in import_single_function_service
    module = importlib.import_module(function_def.module_name)
             ^^^^^^^^^^^^^^^^^^^^^^^^^^^^^^^^^^^^^^^^^^^^^^^^^
  File "/usr/local/lib/python3.11/importlib/__init__.py", line 126, in import_module
    return _bootstrap._gcd_import(name[level:], package, level)
           ^^^^^^^^^^^^^^^^^^^^^^^^^^^^^^^^^^^^^^^^^^^^^^^^^^^^
  File "<frozen importlib._bootstrap>", line 1204, in _gcd_import
  File "<frozen importlib._bootstrap>", line 1176, in _find_and_load
  File "<frozen importlib._bootstrap>", line 1147, in _find_and_load_unlocked
  File "<frozen importlib._bootstrap>", line 690, in _load_unlocked
  File "<frozen importlib._bootstrap_external>", line 940, in exec_module
  File "<frozen importlib._bootstrap>", line 241, in _call_with_frames_removed
  File "/root/modal_acronym_redteam.py", line 12, in <module>
    ROOT = pathlib.Path(__file__).resolve().parents[3]  # repo root
           ~~~~~~~~~~~~~~~~~~~~~~~~~~~~~~~~~~~~~~~~^^^
  File "/usr/local/lib/python3.11/pathlib.py", line 445, in __getitem__
    raise IndexError(idx)
IndexError: 3
Traceback (most recent call last):
Runner failed with exception: IndexError(3)
  File "/pkg/modal/_runtime/container_io_manager.py", line 904, in handle_user_exception
    yield
  File "/pkg/modal/_container_entrypoint.py", line 353, in main
    service = import_single_function_service(
              ^^^^^^^^^^^^^^^^^^^^^^^^^^^^^^^
  File "/pkg/modal/_runtime/user_code_imports.py", line 475, in import_single_function_service
    module = importlib.import_module(function_def.module_name)
             ^^^^^^^^^^^^^^^^^^^^^^^^^^^^^^^^^^^^^^^^^^^^^^^^^
  File "/usr/local/lib/python3.11/importlib/__init__.py", line 126, in import_module
    return _bootstrap._gcd_import(name[level:], package, level)
           ^^^^^^^^^^^^^^^^^^^^^^^^^^^^^^^^^^^^^^^^^^^^^^^^^^^^
  File "<frozen importlib._bootstrap>", line 1204, in _gcd_import
  File "<frozen importlib._bootstrap>", line 1176, in _find_and_load
  File "<frozen importlib._bootstrap>", line 1147, in _find_and_load_unlocked
  File "<frozen importlib._bootstrap>", line 690, in _load_unlocked
  File "<frozen importlib._bootstrap_external>", line 940, in exec_module
  File "<frozen importlib._bootstrap>", line 241, in _call_with_frames_removed
  File "/root/modal_acronym_redteam.py", line 12, in <module>
    ROOT = pathlib.Path(__file__).resolve().parents[3]  # repo root
           ~~~~~~~~~~~~~~~~~~~~~~~~~~~~~~~~~~~~~~~~^^^
  File "/usr/local/lib/python3.11/pathlib.py", line 445, in __getitem__
    raise IndexError(idx)
IndexError: 3
Traceback (most recent call last):
  File "/pkg/modal/_runtime/container_io_manager.py", line 904, in handle_user_exception
    yield
  File "/pkg/modal/_container_entrypoint.py", line 353, in main
    service = import_single_function_service(
              ^^^^^^^^^^^^^^^^^^^^^^^^^^^^^^^
  File "/pkg/modal/_runtime/user_code_imports.py", line 475, in import_single_function_service
    module = importlib.import_module(function_def.module_name)
             ^^^^^^^^^^^^^^^^^^^^^^^^^^^^^^^^^^^^^^^^^^^^^^^^^
  File "/usr/local/lib/python3.11/importlib/__init__.py", line 126, in import_module
    return _bootstrap._gcd_import(name[level:], package, level)
           ^^^^^^^^^^^^^^^^^^^^^^^^^^^^^^^^^^^^^^^^^^^^^^^^^^^^
  File "<frozen importlib._bootstrap>", line 1204, in _gcd_import
  File "<frozen importlib._bootstrap>", line 1176, in _find_and_load
  File "<frozen importlib._bootstrap>", line 1147, in _find_and_load_unlocked
  File "<frozen importlib._bootstrap>", line 690, in _load_unlocked
  File "<frozen importlib._bootstrap_external>", line 940, in exec_module
  File "<frozen importlib._bootstrap>", line 241, in _call_with_frames_removed
  File "/root/modal_acronym_redteam.py", line 12, in <module>
    ROOT = pathlib.Path(__file__).resolve().parents[3]  # repo root
           ~~~~~~~~~~~~~~~~~~~~~~~~~~~~~~~~~~~~~~~~^^^
  File "/usr/local/lib/python3.11/pathlib.py", line 445, in __getitem__
    raise IndexError(idx)
IndexError: 3
