submitted job=s4
s4 submitted (pod booting)
=== job s4 output landed (poll 3) ===
`torch_dtype` is deprecated! Use `dtype` instead!
Loaded pretrained model gpt2 into HookedTransformer
=== BINDING/COREFERENCE ===
  P(doctor)=0.015  heads=[(5, 1), (10, 7), (8, 6), (5, 5), (10, 4)]
  LBNR: P(doctor) cut top-[1,3,5]=[0.015, 0.029, 0.029]  R=-0.89
/usr/local/lib/python3.11/dist-packages/sae_lens/sae.py:151: UserWarning: 
This SAE has non-empty model_from_pretrained_kwargs. 
For optimal performance, load the model like so:
model = HookedSAETransformer.from_pretrained_no_processing(..., **cfg.model_from_pretrained_kwargs)
  warnings.warn(
  ON-TARGET suppress doctor: FRA(c=8) 0.015->0.027 | content-suppress ->0.000 | head-ablate ->0.052
  SEPARABILITY P(doctor) legit 0.513: FRA 0.513 | content-suppress 0.000
  TRANSFER P(doctor) new ctx 0.033: FRA(same pairs) 0.028
  => collateral A (content-suppress/FRA) = 5133.1x

=== GREATER-THAN (expect: edge load-bearing for reading year, but > is MLP) ===
  P(>32 fraction): intact 0.979 -> cut year-edge 0.872  (heads [(5, 5), (9, 1), (7, 10), (5, 0), (6, 9)])
  raw mass hi/lo: intact 0.978/0.021 -> cut 0.870/0.128

DONE s4
total 16
drwxr-xr-x@  4 dmitrymanning-coe  wheel   128 Jun 10 18:39 .
drwxr-xr-x@ 42 dmitrymanning-coe  wheel  1344 Jun 10 18:39 ..
-rw-r--r--@  1 dmitrymanning-coe  wheel  1092 Jun 10 18:39 out.log
-rw-r--r--@  1 dmitrymanning-coe  wheel   712 Jun 10 18:39 s4.json
