=== job g3 output landed (poll 8) ===
WARNING:root:You tried to specify center_unembed=True for a model using logit softcap, but this can't be done! Softcapping is not invariant upon adding a constant Setting center_unembed=False instead.
`torch_dtype` is deprecated! Use `dtype` instead!
Fetching 3 files:   0%|          | 0/3 [00:00<?, ?it/s]Fetching 3 files:  33%|███▎      | 1/3 [00:43<01:27, 43.87s/it]Fetching 3 files:  67%|██████▋   | 2/3 [00:46<00:19, 19.37s/it]Fetching 3 files: 100%|██████████| 3/3 [00:46<00:00, 15.37s/it]
Loading checkpoint shards:   0%|          | 0/3 [00:00<?, ?it/s]Loading checkpoint shards:  33%|███▎      | 1/3 [00:00<00:01,  1.11it/s]Loading checkpoint shards:  67%|██████▋   | 2/3 [00:02<00:01,  1.09s/it]Loading checkpoint shards: 100%|██████████| 3/3 [00:02<00:00,  1.50it/s]Loading checkpoint shards: 100%|██████████| 3/3 [00:02<00:00,  1.31it/s]
WARNING:root:With reduced precision, it is advised to use `from_pretrained_no_processing` instead of `from_pretrained`.
WARNING:root:You are not using LayerNorm, so the writing weights can't be centered! Skipping
Loaded pretrained model gemma-2-2b into HookedTransformer
heads: ['L6H2', 'L15H0', 'L18H6', 'L6H3', 'L21H5', 'L4H4', 'L14H0', 'L17H4', 'L22H4']
  width 16k bank->river: norm-rec 0.55 edge-corr 0.53 FRA max-reach 0.27
  width 16k market->gold: norm-rec 0.56 edge-corr 0.57 FRA max-reach 0.24
  width 16k king->crown: norm-rec 0.55 edge-corr 0.52 FRA max-reach 0.51
  width 65k bank->river: norm-rec 0.54 edge-corr 0.40 FRA max-reach 0.53
  width 65k market->gold: norm-rec 0.55 edge-corr 0.43 FRA max-reach 0.33
  width 65k king->crown: norm-rec 0.54 edge-corr 0.39 FRA max-reach 0.71
width 262k: UNAVAILABLE/failed to load

=== SUMMARY: GemmaScope variant vs FRA reach ===
  16k   (d_sae 16384): mean norm-rec 0.55 | edge-corr 0.54 | FRA max-reach 0.34
  65k   (d_sae 65536): mean norm-rec 0.54 | edge-corr 0.41 | FRA max-reach 0.52
DONE g3
total 16
drwxr-xr-x@  4 dmitrymanning-coe  wheel   128 Jun 10 15:19 .
drwxr-xr-x@ 24 dmitrymanning-coe  wheel   768 Jun 10 15:19 ..
-rw-r--r--@  1 dmitrymanning-coe  wheel   846 Jun 10 15:19 g3.json
-rw-r--r--@  1 dmitrymanning-coe  wheel  2016 Jun 10 15:19 out.log
