OK
submitted job=class_union
=== job class_union output landed (poll 3) ===
WARNING:root:You tried to specify center_unembed=True for a model using logit softcap, but this can't be done! Softcapping is not invariant upon adding a constant Setting center_unembed=False instead.
`torch_dtype` is deprecated! Use `dtype` instead!
Loading checkpoint shards:   0%|          | 0/3 [00:00<?, ?it/s]Loading checkpoint shards:  33%|███▎      | 1/3 [00:00<00:01,  1.47it/s]Loading checkpoint shards:  67%|██████▋   | 2/3 [00:01<00:00,  1.48it/s]Loading checkpoint shards: 100%|██████████| 3/3 [00:01<00:00,  2.17it/s]
WARNING:root:With reduced precision, it is advised to use `from_pretrained_no_processing` instead of `from_pretrained`.
WARNING:root:You are not using LayerNorm, so the writing weights can't be centered! Skipping
Loaded pretrained model gemma-2-2b into HookedTransformer
digit-class key feature per layer: {6: 15280, 15: 7655, 18: 13847, 21: 9768, 22: 4366}

=== FAMILY-UNION cut of (query x digit-class-key) ===
  red->7 [digit]: base 0.569 -> union-cut 0.606  (preserved)
  green->3 [digit]: base 0.490 -> union-cut 0.521  (preserved)
  blue->frog [word]: base 0.060 -> union-cut 0.051  (preserved)
  gold->lamp [word]: base 0.056 -> union-cut 0.060  (preserved)

HELD-OUT digit sentence collateral KL: FRA-union 0.000 | digit-class STEER 9.723

DONE class_union
total 16
drwxr-xr-x@  4 dmitrymanning-coe  wheel   128 Jun 11 00:16 .
drwxr-xr-x@ 64 dmitrymanning-coe  wheel  2048 Jun 11 00:16 ..
-rw-r--r--@  1 dmitrymanning-coe  wheel   573 Jun 11 00:16 class_union.json
-rw-r--r--@  1 dmitrymanning-coe  wheel  1343 Jun 11 00:16 out.log
