COMMITTED
wrote g5_s2gemma.py
parse OK
submitted job=g5_s2gemma
=== job g5_s2gemma output landed (poll 6) ===
WARNING:root:You tried to specify center_unembed=True for a model using logit softcap, but this can't be done! Softcapping is not invariant upon adding a constant Setting center_unembed=False instead.
`torch_dtype` is deprecated! Use `dtype` instead!
Fetching 3 files:   0%|          | 0/3 [00:00<?, ?it/s]Fetching 3 files:  33%|███▎      | 1/3 [00:46<01:33, 46.76s/it]Fetching 3 files: 100%|██████████| 3/3 [00:46<00:00, 15.59s/it]
Loading checkpoint shards:   0%|          | 0/3 [00:00<?, ?it/s]Loading checkpoint shards:  33%|███▎      | 1/3 [00:00<00:01,  1.47it/s]Loading checkpoint shards:  67%|██████▋   | 2/3 [00:01<00:00,  1.33it/s]Loading checkpoint shards: 100%|██████████| 3/3 [00:01<00:00,  1.98it/s]
WARNING:root:With reduced precision, it is advised to use `from_pretrained_no_processing` instead of `from_pretrained`.
WARNING:root:You are not using LayerNorm, so the writing weights can't be centered! Skipping
Loaded pretrained model gemma-2-2b into HookedTransformer
  shared-endpoint              CCF=0.000 attn=0.58 P(ans)=0.370->0.178 R=+0.52  [(25, 5), (23, 5), (22, 2)]
  poison-rag                   CCF=0.000 attn=0.49 P(ans)=0.027->0.003 R=+0.88  [(22, 5), (23, 5), (21, 5)]
  knowledge-conflict           CCF=0.000 attn=0.56 P(ans)=0.730->0.555 R=+0.24  [(22, 2), (20, 6), (23, 5)]

DONE g_screen
total 16
drwxr-xr-x@  4 dmitrymanning-coe  wheel   128 Jun 10 23:09 .
drwxr-xr-x@ 59 dmitrymanning-coe  wheel  1888 Jun 10 23:09 ..
-rw-r--r--@  1 dmitrymanning-coe  wheel  1471 Jun 10 23:09 g_screen.json
-rw-r--r--@  1 dmitrymanning-coe  wheel  1401 Jun 10 23:09 out.log
