submitted job=retrieval_redteam
submitted (pod booting ~5-10min)
=== job retrieval_redteam output landed (poll 7) ===
WARNING:root:You tried to specify center_unembed=True for a model using logit softcap, but this can't be done! Softcapping is not invariant upon adding a constant Setting center_unembed=False instead.
`torch_dtype` is deprecated! Use `dtype` instead!
Fetching 3 files:   0%|          | 0/3 [00:00<?, ?it/s]Fetching 3 files:  33%|███▎      | 1/3 [00:46<01:32, 46.39s/it]Fetching 3 files:  67%|██████▋   | 2/3 [00:47<00:19, 19.97s/it]Fetching 3 files: 100%|██████████| 3/3 [00:47<00:00, 15.96s/it]
Loading checkpoint shards:   0%|          | 0/3 [00:00<?, ?it/s]Loading checkpoint shards:  33%|███▎      | 1/3 [00:00<00:01,  1.61it/s]Loading checkpoint shards:  67%|██████▋   | 2/3 [00:01<00:00,  1.40it/s]Loading checkpoint shards: 100%|██████████| 3/3 [00:01<00:00,  2.10it/s]
WARNING:root:With reduced precision, it is advised to use `from_pretrained_no_processing` instead of `from_pretrained`.
WARNING:root:You are not using LayerNorm, so the writing weights can't be centered! Skipping
Loaded pretrained model gemma-2-2b into HookedTransformer
base P(frog)=0.213

(1) RANDOM-PAIR null (c=8):
  selected pairs 0.021 vs RANDOM pairs 0.033  (base 0.213)

(2) MATCHED-REMOVAL sweep (on-target P(frog) | legit-frog KL):
  c=1   on-target 0.100 (removal 0.53) | legit-frog KL 0.001
  c=2   on-target 0.066 (removal 0.69) | legit-frog KL 0.001
  c=4   on-target 0.042 (removal 0.80) | legit-frog KL 0.002
  c=8   on-target 0.021 (removal 0.90) | legit-frog KL 0.002
  c=16  on-target 0.016 (removal 0.93) | legit-frog KL 0.002
  [head-ablate: on-target 0.016 (removal 0.93) legit-frog KL 0.010]

(3) CONTENT-GATED STEER (remove frog-value feature; a=2 matched to FRA c=4 on-target 0.042 -> steer nan):
  DECISIVE legit-frog KL: FRA 0.002 | content-gated STEER nan  => FRA preserves legit frog nanx better

(4) TRANSFER (new context, frog at pos 23, base 0.261):
  FRA 0.044 | content-gated STEER nan | position-patch@origpos 0.261

DONE retrieval_redteam
total 16
drwxr-xr-x@  4 dmitrymanning-coe  wheel   128 Jun 10 22:29 .
drwxr-xr-x@ 55 dmitrymanning-coe  wheel  1760 Jun 10 22:29 ..
-rw-r--r--@  1 dmitrymanning-coe  wheel  2044 Jun 10 22:29 out.log
-rw-r--r--@  1 dmitrymanning-coe  wheel   434 Jun 10 22:29 retrieval_redteam.json
