{
  "summary": "Theory(Fable) -> brainstorm -> rank: theory-driven FRA candidate generation for the 10h sprint",
  "agentCount": 10,
  "logs": [
    "Theory: 6 real-world contexts; 9 synthetic settings",
    "Brainstorm: 22 candidates from 8/8 lenses"
  ],
  "result": {
    "theory": {
      "mechanistic_theory": "WHAT FRA UNIQUELY COMPUTES. An attention head's pre-softmax score is a bilinear form on the residual stream: S[q,k] = x_q W_QK x_k^T/√d_h with W_QK = W_Q W_K^T. FRA re-expresses this quadratic form in SAE-decoder coordinates: substituting x_t = Σ_μ u^μ_t f_μ + e_t gives the EXACT partition S[q,k] = Σ_{μν} u^μ_q u^ν_k ω^h_{μν} + (feature×error) + (error×error) + bias terms, where ω^h_{μν} = (f_μ W_Q)·(f_ν W_K)/√d_h is the weight-space pair coupling. Each (μ,ν) cell is a MULTIPLICATIVE AND: its value is the product u^μ_q·u^ν_k, identically zero unless the query-content feature AND the key-content feature both fire. This is the only exact additive decomposition in the attention pathway that lives in the JOINT (query-content × key-content) function space; the OV side (C^OV = A·u^λ·⟨f_λ W_OV, d⟩) is merely linear-given-pattern, and the post-softmax pattern admits no canonical decomposition (the softmax denominator couples all cells — hence attribution uses the Jacobian ∂A_qk/∂s_qj = A_qk(1_{k=j} − A_qj), giving δT ≈ −u^μ_q u^ν_k ω_{μν} · g̃^h_{q,k} with the centered OV profile g̃ — but the EDIT needs no linearization because it acts on s before the softmax). WHY THE RANK-1 W_QK EDIT IS EXPRESSIVELY UNIQUE. The FRA edit subtracts c·u^μ_q u^ν_k ω_{μν} from one head's scores wherever the conjunction fires — equivalently a rank-1 update of the head's bilinear form restricted to the (f_μ, f_ν) feature cell (an exact weight edit when the SAE gates are frozen; implemented as the content-addressed score subtraction). Its support is exactly {(q,k): u^μ_q>0 ∧ u^ν_k>0} and its only causal channel is one head's softmax. A linear residual steer Δ (ActAdd/DoM/CAA/projection-removal), even content-gated by an arbitrary gate g(x), is doubly weaker: (a) EXPRESSIVITY IN SCORE SPACE — a query-side write changes scores by δs[q,k] = g(x_q)·(Δ W_Q)·(x_k W_K)^T/√d, which varies over keys only through x_k's projection onto ONE fixed direction W_K^T W_Q^T Δ^T. To cancel a single (μ,ν) cell it would need (Δ W_QK x_k^T) ∝ u^ν(x_k) for all k — impossible: the left side is linear in x_k, u^ν is a ReLU/JumpReLU nonlinearity, and even the linear part forces hitting the entire ν-ROW of the bilinear form plus every key whose content is cosine-close to that pullback direction. A steer can imitate a row or column of W_QK, never a cell. (b) SIDE-EFFECTS IN RESIDUAL SPACE — the write Δ is deposited into the residual stream and read by EVERY consumer at the gated positions: all heads' Q, K AND V projections at that layer, the MLP, and all downstream layers. Gating restricts WHERE the steer fires, not WHAT reads it. This is the measured separability gap: at matched on-target removal, a projection-removal steer strong enough to suppress the behavior destroys the content everywhere it legitimately appears (legit-content KL 1.77–2.64 nats), while the FRA cell-edit leaves it at ~0.000–0.0016 (≈1,000–26,000×), because legitimate occurrences fail the conjunction. NONLINEARITY ACCOUNTING (what is exact where): RMSNorm is a frozen per-position SCALAR (×diag γ) that commutes into the activations u — the score decomposition is exact given the cached rms (Gemma edge-magnitude ratio 1.07, confirming exactness); GPT-2 LayerNorm adds the centering projector (I − 11^T/d), a fixed linear map that our folding convention partially drops → the ~50–75% edge-reconstruction caveat is an implementation artifact of LN-folding, not of FRA. RoPE is a per-position ROTATION applied after projection: apply R_pos to each per-feature projected q/k vector before the dot product; the pair coupling becomes relative-offset-indexed, ω^h_{μν}(k−q) = (f_μ W_Q R_q)·(f_ν W_K R_k)^T/√d — still exact per edge, and the edit stays content-addressed with a position-dependent coefficient. Gemma's attention soft-cap s ↦ 50·tanh(s/50) is the ONE true nonlinearity between the bilinear sum and the softmax: cells are exact pre-cap; an edit Δs reaches the pattern attenuated by tanh'(s/50) ≤ 1, so edits are compressed exactly on saturated edges — this, plus the SAE-unexplained score fraction (the error×· terms) and granularity×top-K fragmentation (1M-width SAEs split an edge across too many tiny pairs for fixed K), is the complete account of FRA's suppression-reach ceiling. The ceiling bounds REACH, never the separability ratio: FRA removes only the FRA-explained part of an edge, but what it removes, it removes only on the conjunction's support.",
      "bounds": {
        "win_checklist": [
          "EDGE-ROUTED (CCF-high): the behavior's proximate cause is pre-softmax score mass on specific attention edges, and that mass is dominated by non-sink content-feature × content-feature pairs (CCF ≫ 0 after masking ubiquitous sink features). Kills: positional/BOS edges (CCF=0.000), output-direction behaviors like the weight-baked sleeper (no score-space cause at all).",
          "LOAD-BEARING & NON-REDUNDANT (LBNR-R ≈ 1, measured BEHAVIORALLY): cutting the identified feature-pair edge across ALL heads that carry it (heads ranked by causal edge-cut, never by raw attention) removes the downstream behavior, and no backup circuit restores it. Kills: IOI (R=−0.39, backups overcompensate), docstring (R=0.08, redundant), many-shot jailbreak (distributed).",
          "DIRECT CONSUMPTION: the behavior must BE the edge's OV-transported content (the attended token's write into the output), not a downstream MLP computation that merely reads the attended info — i.e., LBNR must be evaluated on the behavioral metric, not on attention or an intermediate. Kills: greater-than (the > is MLP-computed; edge-cut dents behavior only 0.98→0.87).",
          "MARGINAL-REUSE ≫ CONJUNCTION-REUSE: at least one endpoint feature (the query-content or key-content) legitimately recurs in the deployment distribution, while the specific conjunction does NOT recur legitimately. This is what makes every direction/content-gated steer pay collateral and what makes FRA's collateral ~0; if the trigger is a rare dedicated token (sleeper) a direction is already surgical and the FRA advantage → 1×; if the conjunction itself recurs legitimately (acronym 'Unit' duplicate) FRA correctly fires there too and the advantage collapses by design.",
          "REACH: the SAE-explained fraction of the edge score × head coverage × top-K pair budget must clear the softmax margin on every carrying head at faithful scale (c≈1–2), with granularity matched to K (65k sweet spot on GemmaScope; 1M fragments) and headroom under Gemma's tanh soft-cap on saturated edges. This is the only checklist item that bounds removal completeness rather than the win/lose verdict — FRA can win the separability comparison at any matched operating point it can reach."
        ],
        "underlying_reason": "The whole checklist is one separability statement. The behavior's minimal sufficient cause must be a SEPARABLE PRODUCT TERM u^μ_q·u^ν_k inside one (or a few) heads' score functions. When it is: (i) the FRA edit's support is exactly the conjunction's support and its only causal channel is that head's softmax, so its collateral scales with reuse(conjunction) — which is ~0 when the conjunction is the malicious/target-specific thing; (ii) ANY linear residual steer, however gated, must either suppress a marginal endpoint (its score effect is confined to a row/column of the bilinear form — it changes the query's affinity to every key sharing content along one fixed direction) or write into the residual stream where all heads' Q/K/V, the MLP, and every later layer read it — so its collateral scales with reuse(marginal endpoint) × (number of residual readers). The win ratio at matched removal is therefore A ≈ reuse(marginal)/reuse(conjunction), which is huge exactly when both endpoints are COMMON content but their pairing is rare-and-targeted. CCF certifies the cause lives in score space; LBNR certifies the conjunction is the unique carrier (no backup path re-creates the product term); direct-consumption certifies the product term's output IS the behavior; reuse certifies the denominator is small and the numerator large; reach certifies FRA's basis can express enough of the term to act on it. Each failure mode below is the negation of exactly one factor.",
        "failure_modes": [
          "OUTPUT-DIRECTION ROUTING (weight-baked sleeper, EM): the payload is written through OV/unembedding as a residual DIRECTION with near-zero legitimate reuse; there is no score-space cause, and DoM/SVD on the marginal direction is already surgical — FRA has no bilinear gap to exploit (negation of CCF + reuse).",
          "REDUNDANT / SELF-REPAIRING CIRCUITS (IOI name-movers R=−0.39, docstring R=0.08): cutting the edge triggers backup heads that restore — or overshoot — the behavior; the conjunction is not the unique carrier, so the edit is precise but behaviorally inert (negation of LBNR).",
          "DIRECTION-ROUTED IN-CONTEXT BEHAVIOR (many-shot jailbreak, binding): the behavior is carried by a distributed ICL task-direction across many weak edges, not a separable pair; worse, the injected behavior can be representationally identical to a legitimate one, so NO method removes it cleanly — there is no separable link to cut (negation of edge-routing + LBNR).",
          "DOWNSTREAM NONLINEAR CONSUMPTION (greater-than): the QK edge is real and content-conjunctive, but the behavior is computed by an MLP from the attended information; cutting the edge controls the attending, not the computation (negation of direct-consumption).",
          "CONJUNCTION COLLISION (acronym 'Unit'; poisoned content identical to legit content): the target conjunction's support overlaps legitimate instances of the SAME pair; FRA's content-addressing correctly fires on them too — collateral by design, and A collapses because reuse(conjunction) ≈ reuse(marginal) (negation of the reuse gap).",
          "REACH CEILING (Gemma 1/4→3/4 backdoors at 16k→65k; 1M regression; GPT-2 LN-centering): SAE basis too coarse, or too fine for the top-K budget, or LN-folding drops centering, or the soft-cap compresses edits on saturated edges — FRA cannot hit the matched-removal operating point, so the win is capped or undefined even though the separability property holds for what it can remove (negation of reach).",
          "POSITIONAL / SINK EDGE (BOS, lost-in-the-middle effects): the edge is selected by position, not content (CCF=0); a position-patch is the correct tool and FRA's content-addressing adds nothing (negation of edge-routing's content clause)."
        ]
      },
      "synthetic_settings": [
        {
          "name": "Induction cue-suppression (gpt2-small, anchor)",
          "why_clean": "One known bilinear gate — (query=X) × (key=after-previous-X) — with no semantics, no MLP involvement, and head redundancy that is enumerable (hit all 5 heads); the 15×/235× double-gate locality result is the program's expressivity anchor.",
          "what_bound_it_tests": "Pure-conjunction expressivity: that a rank-1 cell edit suppresses an association at near-zero off-conjunction support (the support-not-rigged and faithful-scale c≈2 checks).",
          "is_new": false
        },
        {
          "name": "In-context trigger→payload backdoor (gpt2 + gemma, anchor)",
          "why_clean": "Trigger and payload are NORMAL tokens planted in the prompt, so marginal-reuse is high by construction while conjunction-reuse is zero; the same task FRA lost weight-baked, so the ranking flip (FRA 0.07 nats vs DoM 1.83 / conv-SAE 6.06) isolates WHERE the association lives as the only changed variable.",
          "what_bound_it_tests": "The marginal≫conjunction reuse bound — the separability ratio's numerator — against the exact baselines that win the direction-routed case.",
          "is_new": false
        },
        {
          "name": "Two-needle key-value retrieval (gemma-2-2b, anchor)",
          "why_clean": "Two needles sharing structure force pair-specificity (random off-edge null = base); RMSNorm makes the FRA correction exact (ratio 1.07), removing the reconstruction confound; the confirmed ~1100× vs content-gated projection-removal steer is the corrected-headline-metric anchor.",
          "what_bound_it_tests": "The decisive separability claim itself (legit-content KL at matched removal vs the strongest fair baseline) under exact normalization.",
          "is_new": false
        },
        {
          "name": "Conjunction-collision dial",
          "why_clean": "Plant one trigger→payload pair, then add N LEGITIMATE occurrences of the SAME query-content×key-content pair in the held-out eval text, sweeping N from 0 (the current backdoor setting) to dense; everything else held fixed, so reuse(conjunction)/reuse(marginal) is the only moving variable.",
          "what_bound_it_tests": "Failure mode 5 (conjunction collision) quantitatively — predicts the separability advantage A decays as conjunction-reuse approaches marginal-reuse, turning the validated win/lose predictor into the MAGNITUDE LAW the program currently lacks (A ≈ reuse(marginal)/reuse(conjunction)).",
          "is_new": true
        },
        {
          "name": "Redundancy dial (synthetic backup circuit)",
          "why_clean": "Carry the planted association over R parallel routes — duplicate demonstrations at different offsets so distinct induction edges (and layers) each suffice — so LBNR-R can be degraded continuously and measured exactly, unlike natural backups (IOI) which are all-or-nothing and uncontrolled.",
          "what_bound_it_tests": "The LBNR bound as a threshold: at what redundancy does edge-cut R fall below the win boundary, and does cutting the UNION of routes (FRA can address all R conjunctions at once, a position-patch cannot) restore the win? Stresses whether LBNR is about the EDGE being unique or the CONJUNCTION being unique.",
          "is_new": true
        },
        {
          "name": "MLP-interposition probe",
          "why_clean": "Plant an in-context association whose payload is not the attended token but a fixed FUNCTION of it computed downstream (e.g., attend to a digit, emit its successor via the known successor circuitry): the QK edge is identical to the winning backdoor case, only the consumption changes, isolating the direct-consumption bound from everything else.",
          "what_bound_it_tests": "Bound 3 (direct consumption / the greater-than failure mode) as a controlled dissociation: FRA should cut attendance fully while behavioral removal degrades exactly with how much the MLP re-derives the answer from residual leftovers.",
          "is_new": true
        },
        {
          "name": "Granularity × top-K reach law",
          "why_clean": "One fixed in-context backdoor on gemma, sweep GemmaScope width {16k, 65k, +1M-mix} × K ∈ {4…256} pairs: the 65k>16k gain and the 1M regression at fixed K=12 are existing single points; the full surface separates 'SAE explains more of the edge' (norm-recovery, flat) from 'features fragment' (top-K capture, the real driver).",
          "what_bound_it_tests": "The reach bound: reach = f(width, K) with the prediction that the optimum K grows with width (fragmentation, not reconstruction, limits removal) — and that separability is reach-independent at every attainable matched operating point.",
          "is_new": true
        },
        {
          "name": "Soft-cap saturation stress",
          "why_clean": "Same planted edge at controlled baseline score margins — push the pre-cap score into and out of the 50·tanh(s/50) regime on gemma (e.g., by stacking demonstrations) with uncapped gpt2 as the contrast arm; tanh'(s/50) gives a parameter-free quantitative prediction for the edit attenuation.",
          "what_bound_it_tests": "The soft-cap clause of the reach bound: edit-effectiveness on the pattern should track tanh'(s/50), confirming the cap (not the SAE) as Gemma's marginal reach limiter on saturated edges.",
          "is_new": true
        },
        {
          "name": "Shared-endpoint MQAR deletion (multi-query associative recall, Arora et al. 2023 style)",
          "why_clean": "A context of key→value pairs where the SAME value token appears under two different keys and the SAME key-type queries multiple values: delete exactly one key→value association while every endpoint stays in active legitimate use inside the SAME prompt — the maximal-stress version of separability, on an established synthetic benchmark from the ICL/SSM literature.",
          "what_bound_it_tests": "The underlying separability reason in its purest form: FRA should delete one cell while sibling associations sharing both endpoints survive untouched; any direction/content-gated steer must damage the siblings (its score effect occupies the whole row/column of the bilinear form).",
          "is_new": true
        }
      ],
      "realworld_contexts": [
        {
          "context": "Occupational gender-pronoun bias: surgically remove the stereotyped occupation→pronoun coreference link (\"The nurse said that ___\" → 'she') while preserving gender information for legitimate use (factually gendered antecedents, explicit names).",
          "mechanism": "The pronoun emission is driven by attention from the pronoun-slot query (about-to-emit-coreferent-pronoun features) back to the occupation key token whose content features carry stereotyped gender — a query-content × key-content conjunction. Vig et al. 2020 (causal mediation, gpt2-small included) localized the bias effect to a sparse set of attention heads with attention from the pronoun position to the occupation, i.e., a candidate separable edge: cut (pronoun-slot-query × stereotyped-occupation-key) pairs across those heads.",
          "why_linear_steer_fails": "The canonical debias baseline IS the content-gated linear steer: projecting out the gender subspace / occupation-gender direction (Bolukbasi/INLP-style). That destroys gender content everywhere it appears — breaking legitimate gendered coreference ('Mary said that ___', 'The actress … she') and gendered fact recall — which is exactly the documented collateral of linear debiasing. FRA cuts only the occupation×pronoun-slot pairing; gender features stay intact for every non-stereotype use. The legit-content KL panel writes itself: held-out sentences with explicitly gendered antecedents.",
          "model_benchmark": "gpt2-small + the Vig et al. 2020 Professions/WinoBias prompt set (the causal-mediation gender-bias benchmark); gpt2-small-res-jb SAEs at the candidate-head layers (~L9–L11). Metric: stereotype-pronoun probability gap on-target vs KL on legit-gendered held-out set, vs projection-removal of the gender direction at matched removal.",
          "predicted_CCF": "high",
          "predicted_LBNR": "uncertain",
          "importance": "high"
        },
        {
          "context": "Context-vs-memory knowledge conflict: a controllable knob on context faithfulness — cut (or boost) the edge by which an in-context counterfactual ('The capital of France is Rome. The capital of France is') overrides the parametric fact, without corrupting the counterfactual token itself.",
          "mechanism": "Ortu et al. 2024 ('Competition of Mechanisms', ACL — gpt2-small primary) show the in-context answer wins via attention from the final-token query (attribute-seeking features) to the counterfactual attribute token in context, localized to a few late heads; modifying two heads' attention flips the factual/counterfactual preference. That is a query-content × key-content conjunction: (relation-completion query features) × (in-context-answer entity features). FRA edits the conjunction in either direction — suppress context override (restore the fact) or enforce it.",
          "why_linear_steer_fails": "Suppressing the counterfactual token's content direction ('Rome') corrupts that entity everywhere — legitimate Rome mentions, Rome as the correct object of other relations in the same context — and a position-gated patch fails because the conflicting statement's position varies per prompt. Only the pair edit distinguishes 'Rome attended-to as the answer of THIS relation' from 'Rome elsewhere'. Caveat to respect: the carrying heads overlap the name-mover family, so the IOI backup risk is live — this is the sharpest available test of whether LBNR failure is about name-moving per se or about the IOI task.",
          "model_benchmark": "gpt2-small + the Ortu et al. CounterFact-derived knowledge-conflict set (released with the paper); gpt2-small-res-jb SAEs. Metrics: P(counterfactual) vs P(fact) on-target; KL on legit held-out uses of the counterfactual entity vs content-gated projection-removal at matched removal; LBNR by edge-cut across their identified heads first.",
          "predicted_CCF": "high",
          "predicted_LBNR": "uncertain",
          "importance": "high"
        },
        {
          "context": "In-context PII regurgitation: stop the model from completing 'Alice's phone number is ___' by retrieving the number planted earlier in the context, while leaving digit-strings, emails, and the retrieval machinery intact for non-sensitive lookups.",
          "mechanism": "Near-isomorphic to the confirmed gemma 2-needle retrieval win, in deployment clothing: the completion is carried by retrieval/induction-head attention from the entity-attribute query ('Alice's number is' features) to the PII-value key (digit-string/email-pattern content features) — a separable conjunction on edges already shown load-bearing and pair-specific on gemma-2-2b. The FRA edit cuts (attribute-query × PII-value-class-key) pairs; non-sensitive lookups in the same context (the second needle) survive.",
          "why_linear_steer_fails": "Removing the digit/PII-value content direction corrupts numerals everywhere — dates, arithmetic, quantities, and authorized contact completion — the projection-removal steer must destroy the value class to block its retrieval (the measured 1.77-nat pattern). A position patch fails because PII position varies per prompt. FRA is the only intervention that encodes 'this CLASS of value, when retrieved as an attribute answer' rather than 'this value' or 'this position'.",
          "model_benchmark": "gemma-2-2b + DecodingTrust-privacy / ProPILE-style in-context PII extraction probes (established leakage probes, adapted to base-model few-shot form); GemmaScope res 65k at the confirmed retrieval-head layers. Metrics: extraction success rate on-target; KL on held-out legit numeric/email text and on the in-prompt non-sensitive needle, vs content-gated steer at matched removal.",
          "predicted_CCF": "high",
          "predicted_LBNR": "pass",
          "importance": "high"
        },
        {
          "context": "Repetition-loop degeneration: break greedy-decoding repetition loops by cutting the model's self-copy edge for the looping phrase, instead of penalizing the repeated tokens globally.",
          "mechanism": "A loop is a self-conjunction — exactly the induction gate applied to the model's own output: (query = current token X inside the loop phrase) × (key = token-after-previous-X). Published analyses tie loop self-reinforcement to in-context copying (Xu et al. 2022 'Learning to Break the Loop'; repetition-neuron work), and the induction edge is the program's best-mapped FRA territory. Cut the top induction-head pairs for the looping n-gram once a loop is detected — content-addressed, so it follows the phrase wherever it recurs.",
          "why_linear_steer_fails": "The deployed fix — repetition/frequency penalty — is literally a content-gated steer on the repeated tokens' logits: it damages legitimate reuse (named entities, technical terms, anaphora that MUST repeat), a well-documented quality cost. FRA cuts only the copy EDGE: the token remains fully available whenever it is re-derived rather than copied. Risk to flag honestly: MLP repetition neurons may sustain loops after the edge is cut (a direct-consumption / redundancy failure), which is what the LBNR screen will catch first.",
          "model_benchmark": "gpt2-small + the Holtzman et al. 2020 degeneration setup (greedy continuation of WikiText/WebText prompts; metrics: rep-n / distinct-n); gpt2-small-res-jb SAEs at the known induction layers (L5–L7). Compare loop-break rate and held-out text KL vs frequency-penalty and vs DoM at matched loop suppression.",
          "predicted_CCF": "high",
          "predicted_LBNR": "uncertain",
          "importance": "medium"
        },
        {
          "context": "Subject-verb agreement under attractors: causally control agreement by editing the verb-slot→subject attention edge — suppress it to induce attraction errors (causal validation), or reweight subject-vs-attractor keys to repair them — without touching number representation globally.",
          "mechanism": "Finlayson et al. 2021 (causal mediation of syntactic agreement, GPT-2) show agreement at the verb position is mediated by attention from the verb-slot query (about-to-emit-verb syntactic features) to the subject head-noun key (number features), with attractor nouns competing as rival keys. That is a clean two-key conjunction structure: (verb-slot query content) × (subject-number key content) vs the same query × attractor key — FRA can edit the two competing cells DIFFERENTIALLY, which no other tool can.",
          "why_linear_steer_fails": "Steering the number direction (boost plural / suppress singular) changes number everywhere — every noun, the verb morphology itself, downstream pronouns — destroying agreement globally to fix it locally; the steer cannot favor the subject's number feature over the attractor's because they are the SAME feature at different keys, distinguished only by which query×key pair they sit in. The pair edit is the unique instrument that addresses 'this number feature, as read by the verb slot from THIS noun'.",
          "model_benchmark": "gpt2-small + Marvin & Linzen / BLiMP agreement-across-attractor subsets (established targeted-syntax benchmarks Finlayson used); gpt2-small-res-jb SAEs. Metrics: agreement accuracy delta on attractor items on-target; KL on held-out number-marked text vs number-direction projection-removal at matched effect.",
          "predicted_CCF": "high",
          "predicted_LBNR": "uncertain",
          "importance": "medium"
        },
        {
          "context": "Poisoned-context retrieval (RAG-style indirect prompt injection): the model answers a question from a poisoned passage in its context; cut the question→poison-answer retrieval edge while preserving the poison tokens' ordinary meaning and the legitimate passages' edges.",
          "mechanism": "The deployment-shaped generalization of the confirmed in-context-backdoor and retrieval wins: answering from context is carried by (question-content query features × answer-content key features) on gemma retrieval heads; the poisoned passage wins by presenting a high-affinity key. FRA cuts the (this-question × poison-answer-content) conjunction — content-addressed, so it holds wherever the poison lands in the context, and the legitimate passage's (question × true-answer) cell is a DIFFERENT pair that survives.",
          "why_linear_steer_fails": "Suppressing the poison answer's content direction kills the same string when it is the CORRECT answer (in another passage, another question, or held-out text); a position patch fails because the poison's position varies per retrieval. The honest boundary: if the poison string is IDENTICAL to legitimate content answering the SAME question-type, the conjunction collides and FRA hits both — this context doubles as the real-world instance of the conjunction-collision bound, and the eval should stratify by poison-legit content overlap to map exactly where the advantage collapses.",
          "model_benchmark": "gemma-2-2b + a NIAH-with-distractor / PoisonedRAG-style probe scaled to 2b (question + multi-passage context, one passage poisoned — same harness as the confirmed 2-needle setup, established attack format from Zou et al. 2024); GemmaScope res 65k. Metrics: poisoned-answer rate on-target; KL on legit passages and on held-out occurrences of the poison string vs content-gated steer at matched removal.",
          "predicted_CCF": "high",
          "predicted_LBNR": "pass",
          "importance": "high"
        }
      ]
    },
    "n_candidates": 22,
    "ranked": {
      "ranked": [
        {
          "rank": 1,
          "behavior": "In-context PII regurgitation (gemma-2-2b): model copies a phone/email planted earlier in the context to complete 'Alice's number is ___'. Cut the (attribute-question-query x PII-value-class-key) retrieval edge while the same prompt's non-sensitive lookup (Bob's order number) and all ordinary numeric text survive.",
          "paper": "DecodingTrust-privacy (Wang et al. 2023) / ProPILE (Kim et al. 2023), adapted to base-model few-shot; mechanism class = the repo's CONFIRMED gemma 2-needle retrieval win (r1/r2: cut flips answer 0.21->0.03) and in-context backdoor flip.",
          "benchmark": "ProPILE/DecodingTrust-style prompts on gemma-2-2b + GemmaScope res 65k; ~200 prompts, value strings randomized (zero parametric storage). Reuses r2/g2-g4 harness.",
          "score": 88,
          "predicted_verdict": "win",
          "attention_edge": "(entity-attribute-question query at answer slot: 'Alice'+'phone number') x (digit-string/phone-format key at planted value), on the r1-confirmed gemma retrieval heads (L15H0/L18H6/L6H3/L21H5/L22H4 family); re-rank by causal edge-cut, cut the union. K grown to 32-64 for multi-token digit fragmentation.",
          "probe": "On-target: exact-match extraction rate (greedy+sampled) before/after pair-cut, c in [1,2]. Collateral at matched 80% suppression: (i) KL on same-prompt legit needle, (ii) KL on held-out numeric/email text, vs digit-direction projection-removal + DoM. LBNR screen FIRST: position-patch the question->value edge to confirm carrier.",
          "feasibility": "High - direct reuse of the existing gemma-2-2b/GemmaScope-65k r1-r2 harness on RunPod; only the prompt generator + multi-token value handling are new. ~1 GPU-day.",
          "why_linear_steer_fails": "Maximal marginal-reuse / zero conjunction-reuse: digits/email-patterns are everywhere (dates, prices, the legit needle IN THE SAME PROMPT), but (this-attribute-question x this-value-class) is unique to extraction. A projection-removal/DoM steer on the digit direction must corrupt numerals globally to block retrieval (measured 1.77-2.64 nats); the legit needle SHARES the key endpoint (digits) so the steer's score effect occupies the whole digit ROW and cannot spare it. FRA's cell-edit leaves the (order-number-query x digit-key) cell untouched - the shared-endpoint MQAR test in deployment clothing.",
          "why_ranked": "Best CCF^LBNR fit of any untested candidate: the payload is a RANDOM string with zero parametric storage, so the ONLY route to the answer slot is attention-copy - no MLP can re-derive it (kills greater-than failure by construction), and any backup must itself be an attention edge into the value (content-addressing covers all at once). LBNR is essentially inherited from the repo's CONFIRMED 2-needle cut-flip on this exact mechanism class. Direct consumption holds (copy-paste, not MLP). High importance (privacy/safety). Real benchmark. Only residual risk is reach (multi-token values fragment the key side; gemma soft-cap) - bounds completeness not the verdict, and exact-string extraction is a lower bar than full KL-match since the first value-token losing the softmax competition collapses extraction."
        },
        {
          "rank": 2,
          "behavior": "Selective copy-suppression release on a real corpus (gpt2-small L10H7): for ONE chosen token X, disable L10H7's copy-suppression so X may be copied again, while copy-suppression for every other vocab token stays intact. The deployment form of the repo's VALIDATED L10H7 anchor (R=0.95, A=22.7x on toy probes).",
          "paper": "McDougall, Conmy, Rushing, Nanda et al. 2024 'Copy Suppression' (arXiv 2310.04625): L10H7 explains 76.9% of its own effect; QK = (predict-X via unembed) x (earlier-X via MLP0), OV writes -X. Repo: s3_copysupp_tier2.py already WON this (A=22.7x).",
          "benchmark": "OpenWebText/WikiText-103 held-out continuations filtered to positions where L10H7 actively suppresses X (logit-lens of X high AND X in context). gpt2-small + gpt2-small-res-jb at blocks.10.hook_resid_pre. Per-X suppression delta on-target vs collateral on all other tokens + KL on legit non-suppressed X text.",
          "score": 84,
          "predicted_verdict": "win",
          "attention_edge": "(query = 'about-to-predict-X' = unembed-of-X at END) x (key = earlier-X = MLP0-of-X). One AND cell in L10H7's W_QK, content-addressed to target X. Union arm: also cut L11H10 (second negative head) since copy-suppression is the canonical self-repair mechanism.",
          "probe": "On held-out OWT positions where L10H7 suppresses X: FRA-ablate the (unembed-X-query x MLP0-X-key) pairs in L10H7 (+L11H10 union arm). On-target: logit(X) restored toward the head-ablation oracle. Collateral: mean |suppression-change| on a random 200-token vocab sample at same positions (want ~0) + KL vs the +unembed(X) content-gated linear steer at matched restoration on legit non-suppressed X text. Win = FRA KL << steer KL (>100x per acronym/retrieval precedent).",
          "feasibility": "High - infra exists verbatim (s3_copysupp_tier2.py validated); corpus version only swaps 6 toy probes for OWT positions. gpt2-small, cheap, no judging. ~0.5 GPU-day.",
          "why_linear_steer_fails": "Endpoints maximally reused: query=unembed-of-X fires at EVERY position about to predict X; key=X-token appears in all legit X mentions. A +unembed(X) un-suppress steer raises P(X) everywhere X is plausible (wrecks the calibration cases the paper highlights, e.g. 'All's fair in love and ___'); projection-removal of X-content corrupts X for every reader. FRA cuts only the (predict-X x earlier-X) PAIR inside L10H7's softmax - the program's LARGEST marginal/conjunction gap since X is any vocab token.",
          "why_ranked": "Highest-confidence WIN because it is the deployment lift of an ALREADY-MEASURED win (R=0.95, A=22.7x), so LBNR and CCF are de-risked, and direct-consumption is clean (L10H7's OV writes -X straight to unembedding - the behavioral metric IS the edge's output, unlike greater-than). Marked uncertain->win pending the one real risk: copy-suppression IS self-repair (L11H10 is a second negative head), so single-head cut may be partly compensated - but FRA addresses each head's cell independently, and the union-cut-restores-to-all-negative-ablated-oracle test is the decisive, cheap discriminator. Importance high (calibration/regurgitation control). Real corpus benchmark."
        },
        {
          "rank": 3,
          "behavior": "Shared-endpoint retrieval deletion (gemma-2-2b): multi-needle context where the SAME value V is bound to two keys (K1->V, K2->V, MV-NIAH) or one key-type queries two values (MK-NIAH). Delete exactly K1->V while the sibling sharing BOTH-class endpoints (K2->V or K1'->V2) keeps retrieving IN THE SAME PROMPT. The purest separability stress + the magnitude-law dial that fixes the repo's FAILED s5 corpus-reuse attempt.",
          "paper": "Zoology/MQAR (Arora et al. 2023, arXiv 2312.04927); Wu et al. 2024 'Retrieval Head' (arXiv 2404.15574, sparse <5% causal heads, no redundant retrieval circuit); RULER MK/MV-NIAH (Hsieh et al. 2024). In-house anchor: the CONFIRMED 2-needle cut-flip.",
          "benchmark": "MV/MK-NIAH adapted to gemma-2-2b base few-shot (single-token needles, same frog/box harness as the confirmed win) + GemmaScope res 65k. Retrieval heads already enumerated in-repo (L15H0/L18H6 dominant). Metric: P(V|K1) suppression on-target + P(V|K2)/P(V2|K1') retention WITHIN-PROMPT (zero held-out-corpus confound).",
          "score": 82,
          "predicted_verdict": "win",
          "attention_edge": "(K1-content query) x (V-IDENTITY key content) on the retrieval-head union. Critical: select V-identity (not after-K1 induction) key features so the edit covers EVERY V occurrence for the K1-query while leaving (K2-query x V) cells intact. The three associations occupy three distinct cells of the same heads' bilinear forms, distinguishable by NOTHING except the pair.",
          "probe": "Generate contexts with (K1->V, K2->V, K1'->V2) + N filler; cut (K1-query x V-identity) cells across the retrieval-head union; LBNR gate P(V|K1) drop >=80%; metric = within-prompt collateral on P(V|K2), P(V2|K1') at matched removal vs DoM/conv-SAE/projection-removal/position-patch. Then sweep (a) #V-occurrences (redundancy dial) and (b) #legit (K1xV) recurrences (collision dial) to trace A(N) - the magnitude law.",
          "feasibility": "High/cheapest - gemma-2-2b + GemmaScope 65k, short synthetic contexts, no training, no judging; direct reuse of the r2 2-needle harness + projection-removal baseline (retrieval_steer3.py), only a sibling-structure generator is new. Single pod, hours.",
          "why_linear_steer_fails": "Maximal stress: every endpoint is in active legitimate use IN THE SAME PROMPT. Suppressing V's direction breaks sibling K2->V (both queries read the same V key -> steer hits the whole COLUMN); suppressing K1's direction breaks K1'->V2 (whole ROW). A content/probe-gated steer at the K1-query position writes into the residual read by all heads' Q/K/V at that position, damaging K1'->V2 from the very same query. The steer occupies a row/column; only FRA's cell-edit zeroes (K1,V) while preserving (K1,V2) and (K2,V) - the exact expressivity gap with zero wiggle room.",
          "why_ranked": "V is a random token whose only source is context -> emitting V at K1-query is information-theoretically impossible without an attention edge (same necessity as PII), and MQAR recall IS the canonical induction/retrieval computation the repo already validated (induction LBNR-R=0.98; 2-needle cut-flip). Wu et al. give published evidence the backup set outside the retrieval-head union is empty (unlike IOI). Uniquely, the within-prompt siblings FIX the degenerate-denominator that killed the repo's s5 magnitude-law attempt (sink-feature corpus-reuse was degenerate), turning the binary predictor into A(N). One genuine designed-in backup (the 2nd V occurrence) is handled by V-identity key selection; residual failure would be a measurable reach issue, not a hidden circuit. Slightly below PII/copy-supp only on importance (synthetic, not a named threat)."
        },
        {
          "rank": 4,
          "behavior": "Poisoned-passage RAG retrieval injection (gemma-2-2b): model answers from a poisoned passage among legitimate passages; cut the (this-question x poison-answer-content) retrieval edge so the poison stops winning, while the poison string's ordinary uses and every legit passage's (question x true-answer) edge survive. Doubles as the real-world conjunction-collision dial (stratify by poison-legit overlap).",
          "paper": "PoisonedRAG (Zou et al. 2024, arXiv 2402.07867, USENIX'25) attack format; Wu et al. 2024 (arXiv 2404.15574) retrieval-head load-bearing evidence; in-house 2-needle cut-flip anchor.",
          "benchmark": "NIAH-with-distractor / PoisonedRAG scaled to base-model few-shot (question + 3-5 passages, one poisoned); same r2/g2-g4 harness + GemmaScope 65k. gpt2-small as soft-cap-free contrast arm. Metrics: poisoned-answer rate on-target; legit-passage QA + KL on held-out poison-string text (collateral).",
          "score": 78,
          "predicted_verdict": "win",
          "attention_edge": "(question/attribute-completion query at answer-emission) x (poison-answer-content key at the poisoned value token), cut across the retrieval-head union (Wu-style retrieval-score rank then causal edge-cut). The legit (question x true-answer) cell is a different pair and survives.",
          "probe": "Sweep cut strength c on (question x poison-answer) across the retrieval-head union; poisoned-answer rate vs c; at matched 80% removal compare collateral (legit-passage QA KL + held-out poison-string KL) vs DoM/conv-SAE/payload-suppress/projection-removal. Pre-register LBNR-R = 1 - ASR(cut)/ASR(intact) >= 0.8 across the union before reading A; STRATIFY the whole table by poison-legit overlap (0% / partial / identical) to map where A collapses (collision dial).",
          "feasibility": "High - gemma-2-2b + GemmaScope 65k at confirmed retrieval-head layers; gpt2-small contrast; no training, reuses r2/g2-g4 directly. Only multi-passage prompt construction + overlap stratification are new. ~1 GPU-day.",
          "why_linear_steer_fails": "Poison string is NORMAL high-reuse content: it can be the correct answer to a different question, appear in a legit passage, or in held-out text. Suppressing its direction corrupts it everywhere (1.77-2.64 nats); a position patch fails (poison position varies); a gated steer at the answer position writes into the residual every head's Q/K/V and the MLP read, damaging legit retrieval at that same position. Only the pair edit encodes 'this string, retrieved as the answer to THIS question'. Honest boundary built in: at identical poison-legit content the conjunction collides and FRA fires on both (A->1) - the experiment maps exactly that.",
          "why_ranked": "Three converging LBNR lines (information-theoretic necessity of a context-only answer; Wu et al.'s empty-backup retrieval-head evidence; the repo's own 2-needle flip) make this a high-confidence win and a high-importance named threat. Ranked just below MQAR because (a) the deployment dressing adds two-step-routing risk (an earlier mover may copy the answer to an intermediate position before the cut layer - the union must span layers + an attn-to-poison audit) and (b) collateral is measured partly on held-out corpus (the confound the within-prompt MQAR design eliminates). Still a clean win + it is the real-world instance of the collision magnitude-law."
        },
        {
          "rank": 5,
          "behavior": "Verbatim context-regurgitation throttling (gpt2-small primary): block VERBATIM continuation of a protected context span when its prefix recurs (system-prompt extraction / proprietary-context leakage), by cutting the self-copy conjunction (query=current-token-X-in-span) x (key=token-after-previous-X), while fully preserving QA/cloze/paraphrase over the same passage.",
          "paper": "Zhang & Ippolito 2023 'Effective Prompt Extraction' (arXiv 2307.06865) threat model; Olsson et al. 2022 induction heads; in-house induction anchor (LBNR-R=0.98, 15x win).",
          "benchmark": "Prompt-extraction probe: a NOVEL (shuffled-entity, non-memorized) protected passage in context; extraction = greedy verbatim continuation rate (exact >=10-token match) after the prefix is replayed; legit use = QA/cloze accuracy about the passage under the SAME intervention. gpt2-small (induction heads L5H5/L5H1/L6H9/L7H2/L7H10) + res-jb; gemma-2-2b cross-check.",
          "score": 75,
          "predicted_verdict": "win",
          "attention_edge": "The induction-cell family restricted to the span: (X-identity query, each token X in span) x (after-previous-X/successor key), summed over the span token set, cut across the copy-head union - the validated J5-J9 single-cue edit lifted to a span-level cue set.",
          "probe": "On-target: verbatim extraction rate (exact >=10-token greedy) vs cut strength; LBNR gate: extraction drop >=80% with the copy-head union cut. Collateral at matched removal: (a) QA/cloze accuracy about the span (load-bearing novel measurement), (b) KL on held-out text containing the span's vocabulary; baselines: repetition penalty, content-direction projection-removal, DoM, position-mask, all matched. Secondary: chain-break asymmetry (extraction rate vs per-token suppression).",
          "feasibility": "High - gpt2-small + res-jb, J1-J10 code path reused with a span-level cue generator; gemma cross-check; greedy-decode metrics, no judging. ~0.5-1 GPU-day.",
          "why_linear_steer_fails": "Every naive defense is exactly one failure mode: repetition penalty is a content-gated logit steer on span tokens (damages legit reuse - the span's entities MUST appear in honest QA answers); projecting out span-content directions collapses QA (defeats the purpose); position-masking blocks reading entirely. The copy conjunction (X-query x after-prev-X) and the QA conjunction (question-query x answer-key) share key-side content but differ on the query side, so FRA's double gate is the unique instrument separating 'quote it' from 'use it'.",
          "why_ranked": "For a NOVEL passage the continuation tokens exist only in context -> verbatim copy has no parametric/MLP backup (clean LBNR), and it IS the repo's measured induction anchor (R=0.98). The chain-break asymmetry stacks the deck (extraction needs EVERY token; the cut needs to break ONE), so even partial per-token reach compounds in favor of the defense. Ranked below the top four because (a) span-level edits stack ~50 cells at fixed top-K -> per-token reach may dilute (must scale K with span length), and (b) long-range verbatim copying may recruit copy heads beyond the classic five (head-union must be enumerated by causal edge-cut on the span task, not by induction score) - enumerable/reach issues, not backups. High importance (real extraction threat)."
        },
        {
          "rank": 6,
          "behavior": "Context-vs-memory knowledge conflict (gpt2-small): in-context counterfactual ('The capital of France is Rome. The capital of France is ___') overrides the parametric fact. Cut the (relation-completion-query x in-context-answer-key) copy edge on L10H7/L11H10 to restore the fact (or boost to enforce context-faithfulness) without corrupting the entity token anywhere else.",
          "paper": "Ortu et al. 2024 'Competition of Mechanisms' (ACL, arXiv 2402.11655; joint 2-head ablation flips factual recall 4%->50%); Khurana et al. 2026 (arXiv 2506.22977) head identities + domain-dependence; arXiv 2507.11809 copy-suppression reading of L10H7/L11H10.",
          "benchmark": "Ortu CounterFact-derived redefine set (released, single-token attributes, base predicts the fact) on gpt2-small + gpt2-small-res-jb at L9-L11. vs content-gated projection-removal of the counterfactual-entity direction at matched flip.",
          "score": 68,
          "predicted_verdict": "win",
          "attention_edge": "(final-token relation-completion query: about-to-emit-attribute-of-THIS-relation) x (in-context counterfactual entity 'Rome' key), on the copy heads L10H7 + L11H10. Rank by causal edge-cut, escalate from 2 heads to a content-addressed union over L8-L11 since backups must attend to the same key content to copy it.",
          "probe": "On-target: P(fact)>P(counterfactual) flip + logit margin on the Ortu set vs c. LBNR screen = position-patch the 2 heads, then FRA pair-cut on 2 heads, then union L8-L11 (three-step escalation isolates redundancy). Collateral at matched flip: KL on held-out legit uses of each entity + accuracy on same-entity TRUE relations + a within-prompt panel (context with both a redefine statement and a legit Rome fact), vs entity-direction projection-removal and DoM at matched flip.",
          "feasibility": "High - gpt2-small + res-jb, identical stack to the sprint; Ortu data + head list public; the j13 IOI code is the template for the union-cut escalation. ~0.5 GPU-day; the LBNR screen alone is hours.",
          "why_linear_steer_fails": "'Rome' is a high-reuse normal token: suppressing its direction corrupts Rome as the CORRECT answer to other relations ('capital of Italy'), Rome in held-out text, and everything downstream that reads those positions. A position patch fails (redefine statement position varies). Only the bilinear cell distinguishes 'Rome attended-to as the attribute of THIS relation' from 'Rome elsewhere' - the steer's score effect is confined to the Rome row, so at matched suppression it must damage legit Rome-retrieval edges. reuse(marginal)>>reuse(conjunction) (the 27-90x regime).",
          "why_ranked": "Genuinely the 50/50 case and that is its value - dominant carrier L10H7 is the SAME head the repo validated LBNR-positive (R=0.95, A=22.7x), and it does NOT overlap the IOI name-mover family (9.9/9.6/10.0), so it dodges the exact backup that killed IOI (j13 R=-0.39). FOR: counterfactual is context-only so emission is attention-delivered; suppression only needs to let the parametric default win (lower bar than IOI's fine name margin). AGAINST: the heads are copy-SUPPRESSORS so cutting the positive copy vs the suppression edge are different ops, and Khurana shows domain-dependent localization (latent backups on Arts/Entertainment). Pre-register the j13-style failure as the expected null; the three-step union escalation is the sharpest test of whether LBNR-failure is name-moving-per-se or the IOI task. Ranked here, not top, because the verdict is the least certain of the wins - but it is the highest-value science."
        }
      ],
      "shortlist_to_evaluate": [
        "In-context PII regurgitation (gemma-2-2b, GemmaScope-65k): cut the (attribute-question-query x PII-value-class-key) retrieval edge; on-target = exact-match extraction rate, collateral = same-prompt legit-needle KL + held-out numeric/email KL vs digit-direction projection-removal + DoM at matched 80% suppression; LBNR position-patch screen first. Reuses r2/g2-g4 harness.",
        "Selective copy-suppression release on OpenWebText (gpt2-small L10H7 +L11H10 union arm): FRA-ablate (unembed-X-query x MLP0-X-key) at positions where L10H7 actively suppresses X; on-target = logit(X) restored to head-ablation oracle, collateral = |suppression-change| on random vocab + KL vs +unembed(X) linear steer at matched restoration. Reuses s3_copysupp_tier2.py.",
        "Shared-endpoint MV/MK-NIAH deletion (gemma-2-2b, GemmaScope-65k): cut (K1-query x V-IDENTITY-key) across the retrieval-head union; LBNR gate P(V|K1) drop>=80%; primary = within-prompt sibling collateral on P(V|K2) and P(V2|K1') at matched removal vs DoM/projection-removal/position-patch; sweep #V-occurrences and #legit-(K1xV) recurrences to trace the A(N) magnitude law that fixes s5. Reuses r2 harness + sibling generator.",
        "Poisoned-RAG retrieval injection (gemma-2-2b, GemmaScope-65k; gpt2-small contrast arm): cut (question x poison-answer-content) across the retrieval-head union, union spanning layers + attn-to-poison audit for two-step routing; LBNR-R=1-ASR(cut)/ASR(intact)>=0.8; collateral = legit-passage QA KL + held-out poison-string KL vs DoM/conv-SAE/projection-removal; STRATIFY the table by poison-legit overlap (0/partial/identical) as the collision dial. Reuses r2/g2-g4.",
        "Knowledge-conflict fact-restoration (gpt2-small, res-jb, L10H7/L11H10): three-step LBNR escalation (position-patch -> FRA 2-head cut -> content-addressed union L8-L11) on the Ortu CounterFact set; on-target = P(fact)>P(counterfactual) flip; collateral = held-out legit-entity KL + same-entity true-relation accuracy + within-prompt Rome-fact panel vs entity-direction projection-removal at matched flip. Pre-register the j13 backup-failure as the null. Reuses j13 + ic harness."
      ],
      "notes": "METHOD: Consolidated 22 brainstormed entries into ~17 distinct behaviors, ranked against the repo's OWN validated ground truth (read from experiments/fra_win/: summary.md, FRA_PRINCIPLE.md, CAMPAIGN_REPORT.md, RESEARCH_LOG.md). Confirmed wins to anchor on: induction 15-235x; in-context backdoor flip (FRA 0.07 vs DoM 1.83 / conv-SAE 6.06); retrieval ~1100x (legit-frog KL 0.0016 vs steer 1.77); copy-suppression L10H7 R=0.95 A=22.7x; acronym R=0.95 A=38x. Confirmed LOSSES: IOI j13 R=-0.39 (backup name-movers, logit-diff moved only 0.17); fact-recall load-bearing (R=0.86) but base P(Paris)=0.039 too weak. CRITICAL repo finding: the s5 corpus-reuse magnitude-law attempt FAILED (attention-sink feature 15887 fired rate 1.00 on every edge -> degenerate denominator); the validated predictor is purely CCF-high AND LBNR-R-high, and 'common marginal' as a single-forward-pass number does NOT hold - separability is a cross-context/behavioral property. This is why the within-prompt-sibling designs (MQAR rank 3) are uniquely valuable: they fix the degenerate denominator and recover the A(N) magnitude law the program lacks.\n\nDOWN-RANKED / EXCLUDED FROM SHORTLIST (with reason):\n- Occupational gender-pronoun bias (Vig 2020): predicted LOSE/uncertain. CCF high but LBNR triple-risk: Vig's own result is SYNERGISTIC (attention AND neurons), L4-5 heads sit in the name-mover/IOI-backup family (j13 R=-0.39 prior), and the she/he decision plausibly reads aggregated gender from the residual (direction-routed, INLP's territory). Largest separability payoff IF it survives, but most likely a clean LBNR kill -> run only as a cheap screen-first, not a GPU commitment now.\n- WinoBias 2-entity anaphora + Colored-objects binding: differential-cell EXPRESSIVITY is genuinely FRA-unique, but both are name-mover/copy tasks -> IOI-backup LBNR risk is the gating failure (lean lose unless backups co-cut). Hold pending the knowledge-conflict result, which is the cheaper resolution of the same 'is LBNR-failure name-moving-per-se or IOI-task' question.\n- Bracket/quote matching: strongest LITERATURE LBNR signal (Dyck -0.967 vs -0.014 random) but that is a 2-layer toy trained-from-scratch; gpt2-small transfer is untested + quote TYPE detection is in an early MLP (direct-consumption risk). Promising but a research-grade feasibility gamble, not a now-bet.\n- Subject-verb agreement (plain): LOSE - direction-routed (arXiv 2310.15151 shows a ~1D linear agreement core that flips verb number; A->1, the sleeper failure mode). Agreement-under-ATTRACTOR (differential 2-key) is the salvageable FRA-unique variant (same number feature at two keys, only the pair distinguishes them) but resolution may be positional/syntactic; mid-tier, behind the retrieval cluster.\n- Pure LOSE controls (valuable as boundary-definers, cheap to co-run, NOT shortlist wins): IOI negative-name-mover (R<0.2, the calibrated negative twin of copy-suppression), parametric Geva fact-recall (distributed >150-head 'knowledge hub' + Hydra ~70% self-repair -> ROME/MEMIT is the right tool), duplicate-token dedup (redundant induction backup + downstream S-inhibition consumption). Recommend running IOI-neg + Geva alongside copy-supp/knowledge-conflict as the discriminator that LBNR (not CCF) is the gate.\n- gemma copy-suppression analog: gated on a head-discovery sub-task (no published gemma negative-head map) -> higher infra cost; do after the gpt2 corpus version confirms.\n\nSHORTLIST RATIONALE: the 5 picks are all (i) feasible NOW reusing existing harnesses (r2/g2-g4 for the three gemma retrieval cells; s3 for copy-supp; j13/ic for knowledge-conflict), (ii) predicted CCF^LBNR-pass with the strongest necessity arguments (context-only payload => attention-copy is the only route, for PII/MQAR/RAG; validated-anchor lift for copy-supp), (iii) on real/established benchmarks, and (iv) carry a genuine separability story where content is heavily reused so a linear steer must collateral. Priority order is PII (best CCF^LBNR + high importance) > copy-supp-corpus (de-risked validated lift) > MQAR (cheapest + fixes the magnitude law) > poisoned-RAG (high importance, slight two-step/held-out-collateral discount) > knowledge-conflict (highest-value/least-certain science, the L10H7-not-IOI test). All five share one cheap pre-flight: the LBNR position-patch / edge-cut screen BEFORE building FRA machinery - gate the GPU spend on it."
    }
  }
}